Archive member included to satisfy reference by file (symbol)

/home/jg/.pico-sdk/toolchain/14_2_Rel1/bin/../lib/gcc/arm-none-eabi/14.2.1/thumb/v6-m/nofp/libgcc.a(_dvmd_tls.o)
                              CMakeFiles/Marlinspike.dir/home/jg/.pico-sdk/sdk/2.2.0/src/rp2_common/pico_divider/divider_hardware.S.o (__aeabi_idiv0)
/home/jg/.pico-sdk/toolchain/14_2_Rel1/bin/../lib/gcc/arm-none-eabi/14.2.1/../../../../arm-none-eabi/lib/thumb/v6-m/nofp/libg.a(libc_a-atol.o)
                              CMakeFiles/Marlinspike.dir/WString.cpp.o (atol)
/home/jg/.pico-sdk/toolchain/14_2_Rel1/bin/../lib/gcc/arm-none-eabi/14.2.1/../../../../arm-none-eabi/lib/thumb/v6-m/nofp/libg.a(libc_a-calloc.o)
                              CMakeFiles/Marlinspike.dir/home/jg/.pico-sdk/sdk/2.2.0/src/rp2_common/pico_malloc/malloc.c.o (calloc)
/home/jg/.pico-sdk/toolchain/14_2_Rel1/bin/../lib/gcc/arm-none-eabi/14.2.1/../../../../arm-none-eabi/lib/thumb/v6-m/nofp/libg.a(libc_a-callocr.o)
                              /home/jg/.pico-sdk/toolchain/14_2_Rel1/bin/../lib/gcc/arm-none-eabi/14.2.1/../../../../arm-none-eabi/lib/thumb/v6-m/nofp/libg.a(libc_a-calloc.o) (_calloc_r)
/home/jg/.pico-sdk/toolchain/14_2_Rel1/bin/../lib/gcc/arm-none-eabi/14.2.1/../../../../arm-none-eabi/lib/thumb/v6-m/nofp/libg.a(libc_a-itoa.o)
                              CMakeFiles/Marlinspike.dir/Propulsion/DelayHBridgeDriver.cpp.o (itoa)
/home/jg/.pico-sdk/toolchain/14_2_Rel1/bin/../lib/gcc/arm-none-eabi/14.2.1/../../../../arm-none-eabi/lib/thumb/v6-m/nofp/libg.a(libc_a-malloc.o)
                              CMakeFiles/Marlinspike.dir/home/jg/.pico-sdk/sdk/2.2.0/src/rp2_common/pico_malloc/malloc.c.o (malloc)
/home/jg/.pico-sdk/toolchain/14_2_Rel1/bin/../lib/gcc/arm-none-eabi/14.2.1/../../../../arm-none-eabi/lib/thumb/v6-m/nofp/libg.a(libc_a-mallocr.o)
                              /home/jg/.pico-sdk/toolchain/14_2_Rel1/bin/../lib/gcc/arm-none-eabi/14.2.1/../../../../arm-none-eabi/lib/thumb/v6-m/nofp/libg.a(libc_a-callocr.o) (_malloc_r)
/home/jg/.pico-sdk/toolchain/14_2_Rel1/bin/../lib/gcc/arm-none-eabi/14.2.1/../../../../arm-none-eabi/lib/thumb/v6-m/nofp/libg.a(libc_a-mlock.o)
                              /home/jg/.pico-sdk/toolchain/14_2_Rel1/bin/../lib/gcc/arm-none-eabi/14.2.1/../../../../arm-none-eabi/lib/thumb/v6-m/nofp/libg.a(libc_a-mallocr.o) (__malloc_lock)
/home/jg/.pico-sdk/toolchain/14_2_Rel1/bin/../lib/gcc/arm-none-eabi/14.2.1/../../../../arm-none-eabi/lib/thumb/v6-m/nofp/libg.a(libc_a-realloc.o)
                              CMakeFiles/Marlinspike.dir/home/jg/.pico-sdk/sdk/2.2.0/src/rp2_common/pico_malloc/malloc.c.o (realloc)
/home/jg/.pico-sdk/toolchain/14_2_Rel1/bin/../lib/gcc/arm-none-eabi/14.2.1/../../../../arm-none-eabi/lib/thumb/v6-m/nofp/libg.a(libc_a-reallocr.o)
                              /home/jg/.pico-sdk/toolchain/14_2_Rel1/bin/../lib/gcc/arm-none-eabi/14.2.1/../../../../arm-none-eabi/lib/thumb/v6-m/nofp/libg.a(libc_a-realloc.o) (_realloc_r)
/home/jg/.pico-sdk/toolchain/14_2_Rel1/bin/../lib/gcc/arm-none-eabi/14.2.1/../../../../arm-none-eabi/lib/thumb/v6-m/nofp/libg.a(libc_a-strtod.o)
                              CMakeFiles/Marlinspike.dir/RoboCore_main.cpp.o (strtod)
/home/jg/.pico-sdk/toolchain/14_2_Rel1/bin/../lib/gcc/arm-none-eabi/14.2.1/../../../../arm-none-eabi/lib/thumb/v6-m/nofp/libg.a(libc_a-strtol.o)
                              /home/jg/.pico-sdk/toolchain/14_2_Rel1/bin/../lib/gcc/arm-none-eabi/14.2.1/../../../../arm-none-eabi/lib/thumb/v6-m/nofp/libg.a(libc_a-atol.o) (_strtol_r)
/home/jg/.pico-sdk/toolchain/14_2_Rel1/bin/../lib/gcc/arm-none-eabi/14.2.1/../../../../arm-none-eabi/lib/thumb/v6-m/nofp/libg.a(libc_a-utoa.o)
                              /home/jg/.pico-sdk/toolchain/14_2_Rel1/bin/../lib/gcc/arm-none-eabi/14.2.1/../../../../arm-none-eabi/lib/thumb/v6-m/nofp/libg.a(libc_a-itoa.o) (__utoa)
/home/jg/.pico-sdk/toolchain/14_2_Rel1/bin/../lib/gcc/arm-none-eabi/14.2.1/../../../../arm-none-eabi/lib/thumb/v6-m/nofp/libg.a(libc_a-ctype_.o)
                              /home/jg/.pico-sdk/toolchain/14_2_Rel1/bin/../lib/gcc/arm-none-eabi/14.2.1/../../../../arm-none-eabi/lib/thumb/v6-m/nofp/libg.a(libc_a-strtol.o) (_ctype_)
/home/jg/.pico-sdk/toolchain/14_2_Rel1/bin/../lib/gcc/arm-none-eabi/14.2.1/../../../../arm-none-eabi/lib/thumb/v6-m/nofp/libg.a(libc_a-isspace.o)
                              CMakeFiles/Marlinspike.dir/WString.cpp.o (isspace)
/home/jg/.pico-sdk/toolchain/14_2_Rel1/bin/../lib/gcc/arm-none-eabi/14.2.1/../../../../arm-none-eabi/lib/thumb/v6-m/nofp/libg.a(libc_a-tolower.o)
                              CMakeFiles/Marlinspike.dir/WString.cpp.o (tolower)
/home/jg/.pico-sdk/toolchain/14_2_Rel1/bin/../lib/gcc/arm-none-eabi/14.2.1/../../../../arm-none-eabi/lib/thumb/v6-m/nofp/libg.a(libc_a-toupper.o)
                              CMakeFiles/Marlinspike.dir/WString.cpp.o (toupper)
[...]
Memory Configuration

Name             Origin             Length             Attributes
FLASH            0x10000000         0x00200000         xr
RAM              0x20000000         0x00040000         xrw
SCRATCH_X        0x20040000         0x00001000         xrw
SCRATCH_Y        0x20041000         0x00001000         xrw
*default*        0x00000000         0xffffffff

Linker script and memory map

LOAD /home/jg/.pico-sdk/toolchain/14_2_Rel1/bin/../lib/gcc/arm-none-eabi/14.2.1/thumb/v6-m/nofp/crti.o
LOAD /home/jg/.pico-sdk/toolchain/14_2_Rel1/bin/../lib/gcc/arm-none-eabi/14.2.1/thumb/v6-m/nofp/crtbegin.o
LOAD /home/jg/.pico-sdk/toolchain/14_2_Rel1/bin/../lib/gcc/arm-none-eabi/14.2.1/../../../../arm-none-eabi/lib/thumb/v6-m/nofp/crt0.o

.flash_begin    0x10000000        0x0
                0x10000000                        __flash_binary_start = .

.boot2          0x10000000      0x100
                0x10000000                        __boot2_start__ = .
 *(.boot2)
 .boot2         0x10000000      0x100 pico-sdk/src/rp2040/boot_stage2/CMakeFiles/bs2_default_library.dir/bs2_default_padded_checksummed.S.o
                0x10000100                        __boot2_end__ = .
                0x00000001                        ASSERT (((__boot2_end__ - __boot2_start__) == 0x100), ERROR: Pico second stage bootloader must be 256 bytes in size)

.text           0x10000100    0x25cec
                0x10000100                        __logical_binary_start = .
 *(.vectors)
 .vectors       0x10000100       0xd4 CMakeFiles/Marlinspike.dir/home/jg/.pico-sdk/sdk/2.2.0/src/rp2_common/pico_crt0/crt0.S.o
                0x10000100                __vectors
                0x10000100                __VECTOR_TABLE
                0x100001c0                isr_irq30
                0x100001c0                __unhandled_user_irq
                0x100001c0                isr_irq13
                0x100001c0                isr_irq27
                0x100001c0                isr_irq31
                0x100001c0                isr_irq5
                0x100001c0                isr_irq11
                0x100001c0                isr_irq23
                0x100001c0                isr_irq18
                0x100001c0                isr_irq28
                0x100001c0                isr_irq19
                0x100001c0                isr_irq0
                0x100001c0                isr_irq6
                0x100001c0                isr_irq22
                0x100001c0                isr_irq17
                0x100001c0                isr_irq14
                0x100001c0                __vectors_end
                0x100001c0                __default_isrs_start
                0x100001c0                isr_irq2
                0x100001c0                isr_irq10
                0x100001c0                isr_irq8
                0x100001c0                isr_irq24
                0x100001c0                isr_irq1
                0x100001c0                isr_irq7
                0x100001c0                isr_irq21
                0x100001c0                isr_irq20
                0x100001c0                isr_irq15
                0x100001c0                isr_irq25
                0x100001c0                isr_irq4
                0x100001c0                isr_irq16
                0x100001c0                isr_irq29
                0x100001c0                isr_irq26
                0x100001c0                isr_irq3
                0x100001c0                isr_irq12
                0x100001c0                isr_irq9
                0x100001c6                unhandled_user_irq_num_in_r0
                0x100001c8                isr_invalid
                0x100001ca                isr_nmi
                0x100001cc                isr_hardfault
                0x100001ce                isr_svcall
                0x100001d0                isr_pendsv
                0x100001d2                isr_systick
                0x100001d4                __default_isrs_end
 *(.binary_info_header)
 .binary_info_header
                0x100001d4       0x14 CMakeFiles/Marlinspike.dir/home/jg/.pico-sdk/sdk/2.2.0/src/rp2_common/pico_crt0/crt0.S.o
                0x100001e8                        __binary_info_header_end = .
 *(.embedded_block)
                0x100001e8                        __embedded_block_end = .
 *(.reset)
 .reset         0x100001e8       0x9c CMakeFiles/Marlinspike.dir/home/jg/.pico-sdk/sdk/2.2.0/src/rp2_common/pico_crt0/crt0.S.o
                0x100001e8                _entry_point
 *(.init)
 .init          0x10000284        0x4 /home/jg/.pico-sdk/toolchain/14_2_Rel1/bin/../lib/gcc/arm-none-eabi/14.2.1/thumb/v6-m/nofp/crti.o
                0x10000284                _init
 *(EXCLUDE_FILE(*libm.a: *libc.a:*lib_a-mem*.o *libgcc.a:) .text*)
 .text.register_tm_clones
                0x10000288       0x28 /home/jg/.pico-sdk/toolchain/14_2_Rel1/bin/../lib/gcc/arm-none-eabi/14.2.1/thumb/v6-m/nofp/crtbegin.o
 .text.frame_dummy
                0x100002b0       0x24 /home/jg/.pico-sdk/toolchain/14_2_Rel1/bin/../lib/gcc/arm-none-eabi/14.2.1/thumb/v6-m/nofp/crtbegin.o
 .text.startup.main
                0x100002d4        0xc CMakeFiles/Marlinspike.dir/main.cpp.o
                0x100002d4                main
 .text._ZN17VariablePWMDriver11isConnectedEv
                0x100002e0        0x4 CMakeFiles/Marlinspike.dir/RoboCore_main.cpp.o
                0x100002e0                VariablePWMDriver::isConnected()
 .text._ZN17VariablePWMDriver14setMaxPWMLevelEi
                0x100002e4        0x8 CMakeFiles/Marlinspike.dir/RoboCore_main.cpp.o
                0x100002e4                VariablePWMDriver::setMaxPWMLevel(int)
 .text._ZN17VariablePWMDriver7usesPWMEh
                0x100002ec       0x34 CMakeFiles/Marlinspike.dir/RoboCore_main.cpp.o
                0x100002ec                VariablePWMDriver::usesPWM(unsigned char)
 .text._Z4itoai.part.0
                0x10000320      0x2f0 CMakeFiles/Marlinspike.dir/RoboCore_main.cpp.o
 .text._ZN13RoboteqDeviceC2Ei
                0x10000610       0xd8 CMakeFiles/Marlinspike.dir/RoboCore_main.cpp.o
                0x10000610                RoboteqDevice::RoboteqDevice(int)
                0x10000610                RoboteqDevice::RoboteqDevice(int)
 .text._ZN13HBridgeDriverC2Ei
                0x100006e8       0xc8 CMakeFiles/Marlinspike.dir/RoboCore_main.cpp.o
                0x100006e8                HBridgeDriver::HBridgeDriver(int)
                0x100006e8                HBridgeDriver::HBridgeDriver(int)
 .text._ZN17SplitBridgeDriverC2Ei
                0x100007b0       0xe4 CMakeFiles/Marlinspike.dir/RoboCore_main.cpp.o
                0x100007b0                SplitBridgeDriver::SplitBridgeDriver(int)
                0x100007b0                SplitBridgeDriver::SplitBridgeDriver(int)
 .text._ZN18SwitchBridgeDriverC2Ei
                0x10000894       0xc8 CMakeFiles/Marlinspike.dir/RoboCore_main.cpp.o
                0x10000894                SwitchBridgeDriver::SwitchBridgeDriver(int)
                0x10000894                SwitchBridgeDriver::SwitchBridgeDriver(int)
 .text._Z24FlushSerialRequestResendv
                0x1000095c      0x680 CMakeFiles/Marlinspike.dir/RoboCore_main.cpp.o
                0x1000095c                FlushSerialRequestResend()
 .text._Z21publishMotorFaultCodei
                0x10000fdc      0xad8 CMakeFiles/Marlinspike.dir/RoboCore_main.cpp.o
                0x10000fdc                publishMotorFaultCode(int)
 .text._Z15printUltrasonicP10Ultrasonici
                0x10001ab4      0x750 CMakeFiles/Marlinspike.dir/RoboCore_main.cpp.o
                0x10001ab4                printUltrasonic(Ultrasonic*, int)
 .text._Z17manage_inactivityv
                0x10002204       0x90 CMakeFiles/Marlinspike.dir/RoboCore_main.cpp.o
                0x10002204                manage_inactivity()
 .text._Z11printAnalogP6Analogi
                0x10002294      0x9b8 CMakeFiles/Marlinspike.dir/RoboCore_main.cpp.o
                0x10002294                printAnalog(Analog*, int)
 .text._Z12printDigitalP7Digitali
                0x10002c4c      0x760 CMakeFiles/Marlinspike.dir/RoboCore_main.cpp.o
                0x10002c4c                printDigital(Digital*, int)
 .text._Z5setupv
                0x100033ac       0x1c CMakeFiles/Marlinspike.dir/RoboCore_main.cpp.o
                0x100033ac                setup()
 .text._Z11get_commandv
                0x100033c8     0x1ca4 CMakeFiles/Marlinspike.dir/RoboCore_main.cpp.o
                0x100033c8                get_command()
 .text._Z12processGCodei
                0x1000506c     0x2e84 CMakeFiles/Marlinspike.dir/RoboCore_main.cpp.o
                0x1000506c                processGCode(int)
 .text._Z12processMCodei
                0x10007ef0     0xe4cc CMakeFiles/Marlinspike.dir/RoboCore_main.cpp.o
                0x10007ef0                processMCode(int)
 .text._Z16process_commandsv
                0x100163bc       0x98 CMakeFiles/Marlinspike.dir/RoboCore_main.cpp.o
                0x100163bc                process_commands()
 .text._Z4loopv
                0x10016454       0x20 CMakeFiles/Marlinspike.dir/RoboCore_main.cpp.o
                0x10016454                loop()
 .text.startup._GLOBAL__sub_I_starttime
                0x10016474       0x14 CMakeFiles/Marlinspike.dir/RoboCore_main.cpp.o
 .text._ZN10Ultrasonic8getRangeEv
                0x10016488      0x1bc CMakeFiles/Marlinspike.dir/Ultrasonic.cpp.o
                0x10016488                Ultrasonic::getRange()
 .text._ZN23CounterInterruptService7serviceEv
                0x10016644       0x10 CMakeFiles/Marlinspike.dir/Propulsion/AbstractMotorControl.cpp.o
                0x10016644                CounterInterruptService::service()
 .text._ZN23CounterInterruptService15attachInterruptEi
                0x10016654        0x4 CMakeFiles/Marlinspike.dir/Propulsion/AbstractMotorControl.cpp.o
                0x10016654                CounterInterruptService::attachInterrupt(int)
 .text._ZN23CounterInterruptService15detachInterruptEh
                0x10016658        0x4 CMakeFiles/Marlinspike.dir/Propulsion/AbstractMotorControl.cpp.o
                0x10016658                CounterInterruptService::detachInterrupt(unsigned char)
 .text._ZN23CounterInterruptService15attachInterruptEhi
                0x1001665c        0x4 CMakeFiles/Marlinspike.dir/Propulsion/AbstractMotorControl.cpp.o
                0x1001665c                CounterInterruptService::attachInterrupt(unsigned char, int)
 .text._ZN20AbstractMotorControl7usesPWMEh
                0x10016660        0x4 CMakeFiles/Marlinspike.dir/Propulsion/AbstractMotorControl.cpp.o
                0x10016660                AbstractMotorControl::usesPWM(unsigned char)
 .text._ZN20AbstractMotorControl11usesDigitalEh
                0x10016664        0x4 CMakeFiles/Marlinspike.dir/Propulsion/AbstractMotorControl.cpp.o
                0x10016664                AbstractMotorControl::usesDigital(unsigned char)
 .text._ZN20AbstractMotorControl13getDriverInfoEjPc
                0x10016668        0x4 CMakeFiles/Marlinspike.dir/Propulsion/AbstractMotorControl.cpp.o
                0x10016668                AbstractMotorControl::getDriverInfo(unsigned int, char*)
 .text._ZN20AbstractMotorControl21queryBrushlessCounterEh
                0x1001666c        0x4 CMakeFiles/Marlinspike.dir/Propulsion/AbstractMotorControl.cpp.o
                0x1001666c                AbstractMotorControl::queryBrushlessCounter(unsigned char)
 .text._ZN20AbstractMotorControl18linkDistanceSensorEPP10Ultrasonichmh
                0x10016670       0xd0 CMakeFiles/Marlinspike.dir/Propulsion/AbstractMotorControl.cpp.o
                0x10016670                AbstractMotorControl::linkDistanceSensor(Ultrasonic**, unsigned char, unsigned long, unsigned char)
 .text._ZN20AbstractMotorControl23checkUltrasonicShutdownEv
                0x10016740       0x78 CMakeFiles/Marlinspike.dir/Propulsion/AbstractMotorControl.cpp.o
                0x10016740                AbstractMotorControl::checkUltrasonicShutdown()
 .text._ZN20AbstractMotorControl13createEncoderEhh
                0x100167b8       0x2c CMakeFiles/Marlinspike.dir/Propulsion/AbstractMotorControl.cpp.o
                0x100167b8                AbstractMotorControl::createEncoder(unsigned char, unsigned char)
 .text._ZN20AbstractMotorControl20checkEncoderShutdownEv
                0x100167e4      0x134 CMakeFiles/Marlinspike.dir/Propulsion/AbstractMotorControl.cpp.o
                0x100167e4                AbstractMotorControl::checkEncoderShutdown()
 .text._ZN20AbstractMotorControl15getEncoderCountEh
                0x10016918       0x14 CMakeFiles/Marlinspike.dir/Propulsion/AbstractMotorControl.cpp.o
                0x10016918                AbstractMotorControl::getEncoderCount(unsigned char)
 .text._ZN20AbstractMotorControl13resetEncodersEv
                0x1001692c       0x90 CMakeFiles/Marlinspike.dir/Propulsion/AbstractMotorControl.cpp.o
                0x1001692c                AbstractMotorControl::resetEncoders()
 .text._ZN20AbstractMotorControl11resetSpeedsEv
                0x100169bc       0x10 CMakeFiles/Marlinspike.dir/Propulsion/AbstractMotorControl.cpp.o
                0x100169bc                AbstractMotorControl::resetSpeeds()
 .text._ZN13HBridgeDriver18resetMaxMotorPowerEv
                0x100169cc        0xc CMakeFiles/Marlinspike.dir/Propulsion/DelayHBridgeDriver.cpp.o
                0x100169cc                HBridgeDriver::resetMaxMotorPower()
 .text._ZN13HBridgeDriver11isConnectedEv
                0x100169d8        0x4 CMakeFiles/Marlinspike.dir/Propulsion/DelayHBridgeDriver.cpp.o
                0x100169d8                HBridgeDriver::isConnected()
 .text._ZN13HBridgeDriver14queryFaultFlagEv
                0x100169dc        0x8 CMakeFiles/Marlinspike.dir/Propulsion/DelayHBridgeDriver.cpp.o
                0x100169dc                HBridgeDriver::queryFaultFlag()
 .text._ZN13HBridgeDriver15queryStatusFlagEv
                0x100169e4        0x8 CMakeFiles/Marlinspike.dir/Propulsion/DelayHBridgeDriver.cpp.o
                0x100169e4                HBridgeDriver::queryStatusFlag()
 .text._ZN13HBridgeDriver7usesPWMEh
                0x100169ec      0x16c CMakeFiles/Marlinspike.dir/Propulsion/DelayHBridgeDriver.cpp.o
                0x100169ec                HBridgeDriver::usesPWM(unsigned char)
 .text._ZN13HBridgeDriver11usesDigitalEh
                0x10016b58      0x16c CMakeFiles/Marlinspike.dir/Propulsion/DelayHBridgeDriver.cpp.o
                0x10016b58                HBridgeDriver::usesDigital(unsigned char)
 .text._ZN18DelayHBridgeDriverD2Ev
                0x10016cc4        0x4 CMakeFiles/Marlinspike.dir/Propulsion/DelayHBridgeDriver.cpp.o
                0x10016cc4                DelayHBridgeDriver::~DelayHBridgeDriver()
                0x10016cc4                DelayHBridgeDriver::~DelayHBridgeDriver()
 .text._ZN18DelayHBridgeDriver17commandMotorPowerEhs
                0x10016cc8      0x478 CMakeFiles/Marlinspike.dir/Propulsion/DelayHBridgeDriver.cpp.o
                0x10016cc8                DelayHBridgeDriver::commandMotorPower(unsigned char, short)
 .text._ZN18DelayHBridgeDriverD0Ev
                0x10017140       0x10 CMakeFiles/Marlinspike.dir/Propulsion/DelayHBridgeDriver.cpp.o
                0x10017140                DelayHBridgeDriver::~DelayHBridgeDriver()
 .text._ZN13HBridgeDriverD2Ev
                0x10017150        0x4 CMakeFiles/Marlinspike.dir/Propulsion/HBridgeDriver.cpp.o
                0x10017150                HBridgeDriver::~HBridgeDriver()
                0x10017150                HBridgeDriver::~HBridgeDriver()
 .text._ZN13HBridgeDriver20commandEmergencyStopEi
                0x10017154      0x19c CMakeFiles/Marlinspike.dir/Propulsion/HBridgeDriver.cpp.o
                0x10017154                HBridgeDriver::commandEmergencyStop(int)
 .text._ZN13HBridgeDriverD0Ev
                0x100172f0       0x10 CMakeFiles/Marlinspike.dir/Propulsion/HBridgeDriver.cpp.o
                0x100172f0                HBridgeDriver::~HBridgeDriver()
 .text._ZN13HBridgeDriver17commandMotorPowerEhs
                0x10017300      0x55c CMakeFiles/Marlinspike.dir/Propulsion/HBridgeDriver.cpp.o
                0x10017300                HBridgeDriver::commandMotorPower(unsigned char, short)
 .text._ZN13HBridgeDriver9createPWMEhhhh
                0x1001785c      0x19c CMakeFiles/Marlinspike.dir/Propulsion/HBridgeDriver.cpp.o
                0x1001785c                HBridgeDriver::createPWM(unsigned char, unsigned char, unsigned char, unsigned char)
 .text._ZN13RoboteqDevice18resetMaxMotorPowerEv
                0x100179f8        0xc CMakeFiles/Marlinspike.dir/Propulsion/RoboteqDevice.cpp.o
                0x100179f8                RoboteqDevice::resetMaxMotorPower()
 .text._ZN13RoboteqDeviceD2Ev
                0x10017a04        0x4 CMakeFiles/Marlinspike.dir/Propulsion/RoboteqDevice.cpp.o
                0x10017a04                RoboteqDevice::~RoboteqDevice()
                0x10017a04                RoboteqDevice::~RoboteqDevice()
 .text._ZN13RoboteqDevice11isConnectedEv
                0x10017a08       0x5c CMakeFiles/Marlinspike.dir/Propulsion/RoboteqDevice.cpp.o
                0x10017a08                RoboteqDevice::isConnected()
 .text._ZN13RoboteqDeviceD0Ev
                0x10017a64       0x10 CMakeFiles/Marlinspike.dir/Propulsion/RoboteqDevice.cpp.o
                0x10017a64                RoboteqDevice::~RoboteqDevice()
 .text._ZN13RoboteqDevice12readResponseEPhj
                0x10017a74       0x70 CMakeFiles/Marlinspike.dir/Propulsion/RoboteqDevice.cpp.o
                0x10017a74                RoboteqDevice::readResponse(unsigned char*, unsigned int)
 .text._ZN13RoboteqDevice11sendCommandEPKcj
                0x10017ae4       0x74 CMakeFiles/Marlinspike.dir/Propulsion/RoboteqDevice.cpp.o
                0x10017ae4                RoboteqDevice::sendCommand(char const*, unsigned int)
 .text._ZN13RoboteqDevice17commandMotorPowerEhs
                0x10017b58       0xe0 CMakeFiles/Marlinspike.dir/Propulsion/RoboteqDevice.cpp.o
                0x10017b58                RoboteqDevice::commandMotorPower(unsigned char, short)
 .text._ZN13RoboteqDevice20commandEmergencyStopEi
                0x10017c38       0x68 CMakeFiles/Marlinspike.dir/Propulsion/RoboteqDevice.cpp.o
                0x10017c38                RoboteqDevice::commandEmergencyStop(int)
 .text._ZN13RoboteqDevice9sendQueryEPKcPhj.constprop.0
                0x10017ca0       0x64 CMakeFiles/Marlinspike.dir/Propulsion/RoboteqDevice.cpp.o
 .text._ZN13RoboteqDevice14queryFaultFlagEv
                0x10017d04       0x58 CMakeFiles/Marlinspike.dir/Propulsion/RoboteqDevice.cpp.o
                0x10017d04                RoboteqDevice::queryFaultFlag()
 .text._ZN13RoboteqDevice15queryStatusFlagEv
                0x10017d5c       0x50 CMakeFiles/Marlinspike.dir/Propulsion/RoboteqDevice.cpp.o
                0x10017d5c                RoboteqDevice::queryStatusFlag()
 .text._ZN13RoboteqDevice21queryBrushlessCounterEh
                0x10017dac       0x54 CMakeFiles/Marlinspike.dir/Propulsion/RoboteqDevice.cpp.o
                0x10017dac                RoboteqDevice::queryBrushlessCounter(unsigned char)
 .text._ZN17SplitBridgeDriverD2Ev
                0x10017e00        0x4 CMakeFiles/Marlinspike.dir/Propulsion/SplitBridgeDriver.cpp.o
                0x10017e00                SplitBridgeDriver::~SplitBridgeDriver()
                0x10017e00                SplitBridgeDriver::~SplitBridgeDriver()
 .text._ZN17SplitBridgeDriver20commandEmergencyStopEi
                0x10017e04       0xd0 CMakeFiles/Marlinspike.dir/Propulsion/SplitBridgeDriver.cpp.o
                0x10017e04                SplitBridgeDriver::commandEmergencyStop(int)
 .text._ZN17SplitBridgeDriverD0Ev
                0x10017ed4       0x10 CMakeFiles/Marlinspike.dir/Propulsion/SplitBridgeDriver.cpp.o
                0x10017ed4                SplitBridgeDriver::~SplitBridgeDriver()
 .text._ZN17SplitBridgeDriver17commandMotorPowerEhs
                0x10017ee4      0x290 CMakeFiles/Marlinspike.dir/Propulsion/SplitBridgeDriver.cpp.o
                0x10017ee4                SplitBridgeDriver::commandMotorPower(unsigned char, short)
 .text._ZN17SplitBridgeDriver9createPWMEhhhhh
                0x10018174      0x298 CMakeFiles/Marlinspike.dir/Propulsion/SplitBridgeDriver.cpp.o
                0x10018174                SplitBridgeDriver::createPWM(unsigned char, unsigned char, unsigned char, unsigned char, unsigned char)
 .text._ZN18SwitchBridgeDriver11isConnectedEv
                0x1001840c        0x4 CMakeFiles/Marlinspike.dir/Propulsion/SwitchBridgeDriver.cpp.o
                0x1001840c                SwitchBridgeDriver::isConnected()
 .text._ZN18SwitchBridgeDriver14queryFaultFlagEv
                0x10018410        0x8 CMakeFiles/Marlinspike.dir/Propulsion/SwitchBridgeDriver.cpp.o
                0x10018410                SwitchBridgeDriver::queryFaultFlag()
 .text._ZN18SwitchBridgeDriver15queryStatusFlagEv
                0x10018418        0x8 CMakeFiles/Marlinspike.dir/Propulsion/SwitchBridgeDriver.cpp.o
                0x10018418                SwitchBridgeDriver::queryStatusFlag()
 .text._ZN18SwitchBridgeDriverD2Ev
                0x10018420        0x4 CMakeFiles/Marlinspike.dir/Propulsion/SwitchBridgeDriver.cpp.o
                0x10018420                SwitchBridgeDriver::~SwitchBridgeDriver()
                0x10018420                SwitchBridgeDriver::~SwitchBridgeDriver()
 .text._ZN18SwitchBridgeDriver20commandEmergencyStopEi
                0x10018424       0xf4 CMakeFiles/Marlinspike.dir/Propulsion/SwitchBridgeDriver.cpp.o
                0x10018424                SwitchBridgeDriver::commandEmergencyStop(int)
 .text._ZN18SwitchBridgeDriverD0Ev
                0x10018518       0x10 CMakeFiles/Marlinspike.dir/Propulsion/SwitchBridgeDriver.cpp.o
                0x10018518                SwitchBridgeDriver::~SwitchBridgeDriver()
 .text._ZN18SwitchBridgeDriver17commandMotorPowerEhs
                0x10018528      0x260 CMakeFiles/Marlinspike.dir/Propulsion/SwitchBridgeDriver.cpp.o
                0x10018528                SwitchBridgeDriver::commandMotorPower(unsigned char, short)
 .text._ZN18SwitchBridgeDriver13createDigitalEhhhhh
                0x10018788      0x27c CMakeFiles/Marlinspike.dir/Propulsion/SwitchBridgeDriver.cpp.o
                0x10018788                SwitchBridgeDriver::createDigital(unsigned char, unsigned char, unsigned char, unsigned char, unsigned char)
 .text._ZN19SwitchHBridgeDriverD2Ev
                0x10018a04        0x4 CMakeFiles/Marlinspike.dir/Propulsion/SwitchHBridgeDriver.cpp.o
                0x10018a04                SwitchHBridgeDriver::~SwitchHBridgeDriver()
                0x10018a04                SwitchHBridgeDriver::~SwitchHBridgeDriver()
 .text._ZN19SwitchHBridgeDriverD0Ev
                0x10018a08       0x10 CMakeFiles/Marlinspike.dir/Propulsion/SwitchHBridgeDriver.cpp.o
                0x10018a08                SwitchHBridgeDriver::~SwitchHBridgeDriver()
 .text._ZN19SwitchHBridgeDriver20commandEmergencyStopEi
                0x10018a18      0x3b8 CMakeFiles/Marlinspike.dir/Propulsion/SwitchHBridgeDriver.cpp.o
                0x10018a18                SwitchHBridgeDriver::commandEmergencyStop(int)
 .text._ZN19SwitchHBridgeDriver17commandMotorPowerEhs
                0x10018dd0      0x258 CMakeFiles/Marlinspike.dir/Propulsion/SwitchHBridgeDriver.cpp.o
                0x10018dd0                SwitchHBridgeDriver::commandMotorPower(unsigned char, short)
 .text._ZN5Print5writeEPKhj
                0x10019028       0x28 CMakeFiles/Marlinspike.dir/Print.cpp.o
                0x10019028                Print::write(unsigned char const*, unsigned int)
 .text._ZN17VariablePWMDriver14queryFaultFlagEv
                0x10019050        0x8 CMakeFiles/Marlinspike.dir/VariablePWMDriver.cpp.o
                0x10019050                VariablePWMDriver::queryFaultFlag()
 .text._ZN17VariablePWMDriver15queryStatusFlagEv
                0x10019058        0x4 CMakeFiles/Marlinspike.dir/VariablePWMDriver.cpp.o
                0x10019058                VariablePWMDriver::queryStatusFlag()
 .text._ZN17VariablePWMDriver11usesDigitalEh
                0x1001905c       0x38 CMakeFiles/Marlinspike.dir/VariablePWMDriver.cpp.o
                0x1001905c                VariablePWMDriver::usesDigital(unsigned char)
 .text._ZN17VariablePWMDriverD2Ev
                0x10019094        0x4 CMakeFiles/Marlinspike.dir/VariablePWMDriver.cpp.o
                0x10019094                VariablePWMDriver::~VariablePWMDriver()
                0x10019094                VariablePWMDriver::~VariablePWMDriver()
 .text._ZN17VariablePWMDriver20commandEmergencyStopEi
                0x10019098       0xa4 CMakeFiles/Marlinspike.dir/VariablePWMDriver.cpp.o
                0x10019098                VariablePWMDriver::commandEmergencyStop(int)
 .text._ZN17VariablePWMDriver15commandPWMLevelEhs
                0x1001913c      0x1a0 CMakeFiles/Marlinspike.dir/VariablePWMDriver.cpp.o
                0x1001913c                VariablePWMDriver::commandPWMLevel(unsigned char, short)
 .text._ZN17VariablePWMDriverD0Ev
                0x100192dc       0x10 CMakeFiles/Marlinspike.dir/VariablePWMDriver.cpp.o
                0x100192dc                VariablePWMDriver::~VariablePWMDriver()
 .text._ZN17VariablePWMDriver13getDriverInfoEhPc
                0x100192ec      0x278 CMakeFiles/Marlinspike.dir/VariablePWMDriver.cpp.o
                0x100192ec                VariablePWMDriver::getDriverInfo(unsigned char, char*)
 .text._ZN17VariablePWMDriver9createPWMEjjj
                0x10019564      0x164 CMakeFiles/Marlinspike.dir/VariablePWMDriver.cpp.o
                0x10019564                VariablePWMDriver::createPWM(unsigned int, unsigned int, unsigned int)
 .text._ZN14HardwareSerial9availableEv
                0x100196c8       0x14 CMakeFiles/Marlinspike.dir/HardwareSerial.cpp.o
                0x100196c8                HardwareSerial::available()
 .text._ZN14HardwareSerial4peekEv
                0x100196dc       0x1c CMakeFiles/Marlinspike.dir/HardwareSerial.cpp.o
                0x100196dc                HardwareSerial::peek()
 .text._ZN14HardwareSerial4readEv
                0x100196f8       0x2c CMakeFiles/Marlinspike.dir/HardwareSerial.cpp.o
                0x100196f8                HardwareSerial::read()
 .text._ZN14HardwareSerial5flushEv
                0x10019724        0xc CMakeFiles/Marlinspike.dir/HardwareSerial.cpp.o
                0x10019724                HardwareSerial::flush()
 .text._ZN14HardwareSerial5writeEh
                0x10019730       0x10 CMakeFiles/Marlinspike.dir/HardwareSerial.cpp.o
                0x10019730                HardwareSerial::write(unsigned char)
 .text._ZZN14HardwareSerial5beginEmENUlvE_4_FUNEv
                0x10019740       0x50 CMakeFiles/Marlinspike.dir/HardwareSerial.cpp.o
 .text._ZN14HardwareSerialC2EP9uart_instjj
                0x10019790       0x28 CMakeFiles/Marlinspike.dir/HardwareSerial.cpp.o
                0x10019790                HardwareSerial::HardwareSerial(uart_inst*, unsigned int, unsigned int)
                0x10019790                HardwareSerial::HardwareSerial(uart_inst*, unsigned int, unsigned int)
 .text._ZN14HardwareSerial5beginEm
                0x100197b8       0x6c CMakeFiles/Marlinspike.dir/HardwareSerial.cpp.o
                0x100197b8                HardwareSerial::begin(unsigned long)
 .text.startup._GLOBAL__sub_I_Serial1
                0x10019824       0x34 CMakeFiles/Marlinspike.dir/HardwareSerial.cpp.o
 .text._ZN3PWMC2Ej
                0x10019858        0xc CMakeFiles/Marlinspike.dir/WPWM.cpp.o
                0x10019858                PWM::PWM(unsigned int)
                0x10019858                PWM::PWM(unsigned int)
 .text._ZN3PWM4initEj
                0x10019864        0x4 CMakeFiles/Marlinspike.dir/WPWM.cpp.o
                0x10019864                PWM::init(unsigned int)
 .text._ZN3PWM8pwmWriteEbj
                0x10019868       0x9c CMakeFiles/Marlinspike.dir/WPWM.cpp.o
                0x10019868                PWM::pwmWrite(bool, unsigned int)
 .text._ZN6StringC2EPKc
                0x10019904       0x38 CMakeFiles/Marlinspike.dir/WString.cpp.o
                0x10019904                String::String(char const*)
                0x10019904                String::String(char const*)
 .text.tud_descriptor_device_cb
                0x1001993c        0x8 CMakeFiles/Marlinspike.dir/usb-descriptors.c.o
                0x1001993c                tud_descriptor_device_cb
 .text.tud_descriptor_configuration_cb
                0x10019944        0x8 CMakeFiles/Marlinspike.dir/usb-descriptors.c.o
                0x10019944                tud_descriptor_configuration_cb
 .text.tud_descriptor_string_cb
                0x1001994c       0x60 CMakeFiles/Marlinspike.dir/usb-descriptors.c.o
                0x1001994c                tud_descriptor_string_cb
 .text.gpio_set_function
                0x100199ac       0x34 CMakeFiles/Marlinspike.dir/home/jg/.pico-sdk/sdk/2.2.0/src/rp2_common/hardware_gpio/gpio.c.o
                0x100199ac                gpio_set_function
 .text.gpio_set_pulls
                0x100199e0       0x28 CMakeFiles/Marlinspike.dir/home/jg/.pico-sdk/sdk/2.2.0/src/rp2_common/hardware_gpio/gpio.c.o
                0x100199e0                gpio_set_pulls
 .text.gpio_init
                0x10019a08       0x40 CMakeFiles/Marlinspike.dir/home/jg/.pico-sdk/sdk/2.2.0/src/rp2_common/hardware_gpio/gpio.c.o
                0x10019a08                gpio_init
 .text.rp2040_chip_version
                0x10019a48        0xc CMakeFiles/Marlinspike.dir/home/jg/.pico-sdk/sdk/2.2.0/src/rp2040/pico_platform/platform.c.o
                0x10019a48                rp2040_chip_version
 .text.panic    0x10019a54       0x30 CMakeFiles/Marlinspike.dir/home/jg/.pico-sdk/sdk/2.2.0/src/rp2_common/pico_platform_panic/panic.c.o
                0x10019a54                panic
 .text.hw_claim_or_assert
                0x10019a84       0x44 CMakeFiles/Marlinspike.dir/home/jg/.pico-sdk/sdk/2.2.0/src/common/hardware_claim/claim.c.o
                0x10019a84                hw_claim_or_assert
 .text.hw_claim_unused_from_range
                0x10019ac8       0x88 CMakeFiles/Marlinspike.dir/home/jg/.pico-sdk/sdk/2.2.0/src/common/hardware_claim/claim.c.o
                0x10019ac8                hw_claim_unused_from_range
 .text.next_striped_spin_lock_num
                0x10019b50       0x18 CMakeFiles/Marlinspike.dir/home/jg/.pico-sdk/sdk/2.2.0/src/rp2_common/hardware_sync/sync.c.o
                0x10019b50                next_striped_spin_lock_num
 .text.spin_lock_claim_unused
                0x10019b68       0x24 CMakeFiles/Marlinspike.dir/home/jg/.pico-sdk/sdk/2.2.0/src/rp2_common/hardware_sync/sync.c.o
                0x10019b68                spin_lock_claim_unused
 .text.spin_locks_reset
                0x10019b8c       0x1c CMakeFiles/Marlinspike.dir/home/jg/.pico-sdk/sdk/2.2.0/src/rp2_common/hardware_sync_spin_lock/sync_spin_lock.c.o
                0x10019b8c                spin_locks_reset
 .text.runtime_init_per_core_irq_priorities
                0x10019ba8       0x24 CMakeFiles/Marlinspike.dir/home/jg/.pico-sdk/sdk/2.2.0/src/rp2_common/hardware_irq/irq.c.o
                0x10019ba8                runtime_init_per_core_irq_priorities
 .text.irq_set_enabled
                0x10019bcc       0x24 CMakeFiles/Marlinspike.dir/home/jg/.pico-sdk/sdk/2.2.0/src/rp2_common/hardware_irq/irq.c.o
                0x10019bcc                irq_set_enabled
 .text.irq_set_exclusive_handler
                0x10019bf0       0x54 CMakeFiles/Marlinspike.dir/home/jg/.pico-sdk/sdk/2.2.0/src/rp2_common/hardware_irq/irq.c.o
                0x10019bf0                irq_set_exclusive_handler
 .text.irq_add_shared_handler
                0x10019c44      0x1f4 CMakeFiles/Marlinspike.dir/home/jg/.pico-sdk/sdk/2.2.0/src/rp2_common/hardware_irq/irq.c.o
                0x10019c44                irq_add_shared_handler
 .text.irq_remove_handler
                0x10019e38      0x1d4 CMakeFiles/Marlinspike.dir/home/jg/.pico-sdk/sdk/2.2.0/src/rp2_common/hardware_irq/irq.c.o
                0x10019e38                irq_remove_handler
 .text.irq_add_tail_to_free_list
                0x1001a00c       0xb4 CMakeFiles/Marlinspike.dir/home/jg/.pico-sdk/sdk/2.2.0/src/rp2_common/hardware_irq/irq.c.o
                0x1001a00c                irq_add_tail_to_free_list
 .text.lock_init
                0x1001a0c0       0x10 CMakeFiles/Marlinspike.dir/home/jg/.pico-sdk/sdk/2.2.0/src/common/pico_sync/lock_core.c.o
                0x1001a0c0                lock_init
 .text.runtime_init_mutex
                0x1001a0d0       0x50 CMakeFiles/Marlinspike.dir/home/jg/.pico-sdk/sdk/2.2.0/src/common/pico_sync/mutex.c.o
                0x1001a0d0                runtime_init_mutex
 .text.mutex_init
                0x1001a120       0x1c CMakeFiles/Marlinspike.dir/home/jg/.pico-sdk/sdk/2.2.0/src/common/pico_sync/mutex.c.o
                0x1001a120                mutex_init
 .text.critical_section_init
                0x1001a13c       0x1c CMakeFiles/Marlinspike.dir/home/jg/.pico-sdk/sdk/2.2.0/src/common/pico_sync/critical_section.c.o
                0x1001a13c                critical_section_init
 .text.sleep_until_callback
                0x1001a158       0x30 CMakeFiles/Marlinspike.dir/home/jg/.pico-sdk/sdk/2.2.0/src/common/pico_time/time.c.o
 .text.alarm_pool_irq_handler
                0x1001a188      0x300 CMakeFiles/Marlinspike.dir/home/jg/.pico-sdk/sdk/2.2.0/src/common/pico_time/time.c.o
 .text.runtime_init_default_alarm_pool
                0x1001a488       0xdc CMakeFiles/Marlinspike.dir/home/jg/.pico-sdk/sdk/2.2.0/src/common/pico_time/time.c.o
                0x1001a488                runtime_init_default_alarm_pool
 .text.alarm_pool_add_alarm_at_force_in_context
                0x1001a564       0xb0 CMakeFiles/Marlinspike.dir/home/jg/.pico-sdk/sdk/2.2.0/src/common/pico_time/time.c.o
                0x1001a564                alarm_pool_add_alarm_at_force_in_context
 .text.alarm_pool_cancel_alarm
                0x1001a614       0x74 CMakeFiles/Marlinspike.dir/home/jg/.pico-sdk/sdk/2.2.0/src/common/pico_time/time.c.o
                0x1001a614                alarm_pool_cancel_alarm
 .text.sleep_us
                0x1001a688       0xec CMakeFiles/Marlinspike.dir/home/jg/.pico-sdk/sdk/2.2.0/src/common/pico_time/time.c.o
                0x1001a688                sleep_us
 .text.sleep_ms
                0x1001a774       0xfc CMakeFiles/Marlinspike.dir/home/jg/.pico-sdk/sdk/2.2.0/src/common/pico_time/time.c.o
                0x1001a774                sleep_ms
 .text.best_effort_wfe_or_timeout
                0x1001a870      0x10c CMakeFiles/Marlinspike.dir/home/jg/.pico-sdk/sdk/2.2.0/src/common/pico_time/time.c.o
                0x1001a870                best_effort_wfe_or_timeout
 .text.timer_hardware_alarm_claim
                0x1001a97c       0x14 CMakeFiles/Marlinspike.dir/home/jg/.pico-sdk/sdk/2.2.0/src/rp2_common/hardware_timer/timer.c.o
                0x1001a97c                timer_hardware_alarm_claim
 .text.timer_time_us_64
                0x1001a990       0x10 CMakeFiles/Marlinspike.dir/home/jg/.pico-sdk/sdk/2.2.0/src/rp2_common/hardware_timer/timer.c.o
                0x1001a990                timer_time_us_64
 .text.time_us_64
                0x1001a9a0       0x14 CMakeFiles/Marlinspike.dir/home/jg/.pico-sdk/sdk/2.2.0/src/rp2_common/hardware_timer/timer.c.o
                0x1001a9a0                time_us_64
 .text.busy_wait_us
                0x1001a9b4       0x68 CMakeFiles/Marlinspike.dir/home/jg/.pico-sdk/sdk/2.2.0/src/rp2_common/hardware_timer/timer.c.o
                0x1001a9b4                busy_wait_us
 .text.busy_wait_until
                0x1001aa1c       0x20 CMakeFiles/Marlinspike.dir/home/jg/.pico-sdk/sdk/2.2.0/src/rp2_common/hardware_timer/timer.c.o
                0x1001aa1c                busy_wait_until
 .text.uart_init
                0x1001aa3c      0x120 CMakeFiles/Marlinspike.dir/home/jg/.pico-sdk/sdk/2.2.0/src/rp2_common/hardware_uart/uart.c.o
                0x1001aa3c                uart_init
 .text.uart_set_format
                0x1001ab5c       0x78 CMakeFiles/Marlinspike.dir/home/jg/.pico-sdk/sdk/2.2.0/src/rp2_common/hardware_uart/uart.c.o
                0x1001ab5c                uart_set_format
 .text.uart_set_fifo_enabled
                0x1001abd4       0x5c CMakeFiles/Marlinspike.dir/home/jg/.pico-sdk/sdk/2.2.0/src/rp2_common/hardware_uart/uart.c.o
                0x1001abd4                uart_set_fifo_enabled
 .text.clock_configure_int_divider
                0x1001ac30       0xf4 CMakeFiles/Marlinspike.dir/home/jg/.pico-sdk/sdk/2.2.0/src/rp2_common/hardware_clocks/clocks.c.o
                0x1001ac30                clock_configure_int_divider
 .text.clock_configure_undivided
                0x1001ad24       0xe8 CMakeFiles/Marlinspike.dir/home/jg/.pico-sdk/sdk/2.2.0/src/rp2_common/hardware_clocks/clocks.c.o
                0x1001ad24                clock_configure_undivided
 .text.clock_get_hz
                0x1001ae0c        0xc CMakeFiles/Marlinspike.dir/home/jg/.pico-sdk/sdk/2.2.0/src/rp2_common/hardware_clocks/clocks.c.o
                0x1001ae0c                clock_get_hz
 .text.pll_init
                0x1001ae18       0xa4 CMakeFiles/Marlinspike.dir/home/jg/.pico-sdk/sdk/2.2.0/src/rp2_common/hardware_pll/pll.c.o
                0x1001ae18                pll_init
 .text.tick_start
                0x1001aebc       0x10 CMakeFiles/Marlinspike.dir/home/jg/.pico-sdk/sdk/2.2.0/src/rp2_common/hardware_ticks/ticks.c.o
                0x1001aebc                tick_start
 .text.rom_func_lookup
                0x1001aecc       0x10 CMakeFiles/Marlinspike.dir/home/jg/.pico-sdk/sdk/2.2.0/src/rp2_common/pico_bootrom/bootrom.c.o
                0x1001aecc                rom_func_lookup
 .text.rom_data_lookup
                0x1001aedc       0x10 CMakeFiles/Marlinspike.dir/home/jg/.pico-sdk/sdk/2.2.0/src/rp2_common/pico_bootrom/bootrom.c.o
                0x1001aedc                rom_data_lookup
 .text.rom_funcs_lookup
                0x1001aeec       0x44 CMakeFiles/Marlinspike.dir/home/jg/.pico-sdk/sdk/2.2.0/src/rp2_common/pico_bootrom/bootrom.c.o
                0x1001aeec                rom_funcs_lookup
 .text.xosc_init
                0x1001af30       0x28 CMakeFiles/Marlinspike.dir/home/jg/.pico-sdk/sdk/2.2.0/src/rp2_common/hardware_xosc/xosc.c.o
                0x1001af30                xosc_init
 .text.first_per_core_initializer
                0x1001af58        0x4 CMakeFiles/Marlinspike.dir/home/jg/.pico-sdk/sdk/2.2.0/src/rp2_common/pico_runtime/runtime.c.o
 .text.hard_assertion_failure
                0x1001af5c        0xc CMakeFiles/Marlinspike.dir/home/jg/.pico-sdk/sdk/2.2.0/src/rp2_common/pico_runtime/runtime.c.o
                0x1001af5c                hard_assertion_failure
 .text.runtime_run_initializers
                0x1001af68       0x28 CMakeFiles/Marlinspike.dir/home/jg/.pico-sdk/sdk/2.2.0/src/rp2_common/pico_runtime/runtime.c.o
                0x1001af68                runtime_run_initializers
 .text.runtime_init_early_resets
                0x1001af90       0x2c CMakeFiles/Marlinspike.dir/home/jg/.pico-sdk/sdk/2.2.0/src/rp2_common/pico_runtime_init/runtime_init.c.o
                0x1001af90                runtime_init_early_resets
 .text.runtime_init_usb_power_down
                0x1001afbc       0x1c CMakeFiles/Marlinspike.dir/home/jg/.pico-sdk/sdk/2.2.0/src/rp2_common/pico_runtime_init/runtime_init.c.o
                0x1001afbc                runtime_init_usb_power_down
 .text.runtime_init_post_clock_resets
                0x1001afd8       0x20 CMakeFiles/Marlinspike.dir/home/jg/.pico-sdk/sdk/2.2.0/src/rp2_common/pico_runtime_init/runtime_init.c.o
                0x1001afd8                runtime_init_post_clock_resets
 .text.runtime_init_rp2040_gpio_ie_disable
                0x1001aff8       0x14 CMakeFiles/Marlinspike.dir/home/jg/.pico-sdk/sdk/2.2.0/src/rp2_common/pico_runtime_init/runtime_init.c.o
                0x1001aff8                runtime_init_rp2040_gpio_ie_disable
 .text.runtime_init_spin_locks_reset
                0x1001b00c        0x8 CMakeFiles/Marlinspike.dir/home/jg/.pico-sdk/sdk/2.2.0/src/rp2_common/pico_runtime_init/runtime_init.c.o
                0x1001b00c                runtime_init_spin_locks_reset
 .text.runtime_init_install_ram_vector_table
                0x1001b014       0xb4 CMakeFiles/Marlinspike.dir/home/jg/.pico-sdk/sdk/2.2.0/src/rp2_common/pico_runtime_init/runtime_init.c.o
                0x1001b014                runtime_init_install_ram_vector_table
 .text.runtime_init_clocks
                0x1001b0c8       0xd8 CMakeFiles/Marlinspike.dir/home/jg/.pico-sdk/sdk/2.2.0/src/rp2_common/pico_runtime_init/runtime_init_clocks.c.o
                0x1001b0c8                runtime_init_clocks
 .text          0x1001b1a0       0x10 CMakeFiles/Marlinspike.dir/home/jg/.pico-sdk/sdk/2.2.0/src/rp2_common/pico_bit_ops/bit_ops_aeabi.S.o
 .text.__wrap___aeabi_idiv
                0x1001b1b0       0x50 CMakeFiles/Marlinspike.dir/home/jg/.pico-sdk/sdk/2.2.0/src/rp2_common/pico_divider/divider_hardware.S.o
                0x1001b1b0                __wrap___aeabi_idivmod
                0x1001b1b0                divmod_s32s32
                0x1001b1b0                div_s32s32
                0x1001b1b0                __wrap___aeabi_idiv
                0x1001b1b8                divmod_s32s32_unsafe
                0x1001b1e4                divmod_s32s32_savestate
 .text.__wrap___aeabi_uidiv
                0x1001b200       0x4c CMakeFiles/Marlinspike.dir/home/jg/.pico-sdk/sdk/2.2.0/src/rp2_common/pico_divider/divider_hardware.S.o
                0x1001b200                __wrap___aeabi_uidiv
                0x1001b200                __wrap___aeabi_uidivmod
                0x1001b200                div_u32u32
                0x1001b200                divmod_u32u32
                0x1001b208                divmod_u32u32_unsafe
                0x1001b230                divmod_u32u32_savestate
 .text.__wrap___aeabi_ldiv
                0x1001b24c      0x424 CMakeFiles/Marlinspike.dir/home/jg/.pico-sdk/sdk/2.2.0/src/rp2_common/pico_divider/divider_hardware.S.o
                0x1001b24c                div_s64s64
                0x1001b24c                divmod_s64s64
                0x1001b24c                __wrap___aeabi_ldivmod
                0x1001b27c                div_u64u64
                0x1001b27c                divmod_u64u64
                0x1001b27c                __wrap___aeabi_uldivmod
                0x1001b28c                divmod_u64u64_savestate
                0x1001b2ac                divmod_s64s64_unsafe
                0x1001b334                divmod_u64u64_unsafe
 .text.__wrap___aeabi_darithmetic
                0x1001b670       0x80 CMakeFiles/Marlinspike.dir/home/jg/.pico-sdk/sdk/2.2.0/src/rp2_common/pico_double/double_aeabi_rp2040.S.o
                0x1001b670                __wrap___aeabi_drsub
                0x1001b676                __wrap___aeabi_dsub
                0x1001b688                __wrap___aeabi_dadd
                0x1001b69a                __wrap___aeabi_ddiv
                0x1001b6d6                __wrap___aeabi_dmul
 .text.__wrap___aeabi_cdcmple
                0x1001b6f0       0x6c CMakeFiles/Marlinspike.dir/home/jg/.pico-sdk/sdk/2.2.0/src/rp2_common/pico_double/double_aeabi_rp2040.S.o
                0x1001b6f0                __wrap___aeabi_cdrcmple
                0x1001b700                __wrap___aeabi_cdcmple
                0x1001b700                __wrap___aeabi_cdcmpeq
 .text.__wrap___aeabi_dcmpeq
                0x1001b75c       0x10 CMakeFiles/Marlinspike.dir/home/jg/.pico-sdk/sdk/2.2.0/src/rp2_common/pico_double/double_aeabi_rp2040.S.o
                0x1001b75c                __wrap___aeabi_dcmpeq
 .text.__wrap___aeabi_dcmplt
                0x1001b76c        0xc CMakeFiles/Marlinspike.dir/home/jg/.pico-sdk/sdk/2.2.0/src/rp2_common/pico_double/double_aeabi_rp2040.S.o
                0x1001b76c                __wrap___aeabi_dcmplt
 .text.__wrap___aeabi_dcmple
                0x1001b778       0x10 CMakeFiles/Marlinspike.dir/home/jg/.pico-sdk/sdk/2.2.0/src/rp2_common/pico_double/double_aeabi_rp2040.S.o
                0x1001b778                __wrap___aeabi_dcmple
 .text.__wrap___aeabi_dcmpge
                0x1001b788       0x10 CMakeFiles/Marlinspike.dir/home/jg/.pico-sdk/sdk/2.2.0/src/rp2_common/pico_double/double_aeabi_rp2040.S.o
                0x1001b788                __wrap___aeabi_dcmpge
 .text.__wrap___aeabi_dcmpgt
                0x1001b798        0xa CMakeFiles/Marlinspike.dir/home/jg/.pico-sdk/sdk/2.2.0/src/rp2_common/pico_double/double_aeabi_rp2040.S.o
                0x1001b798                __wrap___aeabi_dcmpgt
 .text.__wrap___aeabi_dcmpun
                0x1001b7a2       0x18 CMakeFiles/Marlinspike.dir/home/jg/.pico-sdk/sdk/2.2.0/src/rp2_common/pico_double/double_aeabi_rp2040.S.o
                0x1001b7a2                __wrap___aeabi_dcmpun
 *fill*         0x1001b7ba        0x2 
 .text.__wrap___aeabi_i2d
                0x1001b7bc       0x38 CMakeFiles/Marlinspike.dir/home/jg/.pico-sdk/sdk/2.2.0/src/rp2_common/pico_double/double_aeabi_rp2040.S.o
                0x1001b7bc                __wrap___aeabi_ui2d
                0x1001b7bc                uint2double
                0x1001b7c4                __wrap___aeabi_i2d
                0x1001b7c4                int2double
 .text.__wrap___aeabi_d2iz
                0x1001b7f4       0x48 CMakeFiles/Marlinspike.dir/home/jg/.pico-sdk/sdk/2.2.0/src/rp2_common/pico_double/double_aeabi_rp2040.S.o
                0x1001b7f4                __wrap___aeabi_d2iz
                0x1001b7f4                double2int_z
 .text.__wrap___aeabi_d2uiz
                0x1001b83c       0x18 CMakeFiles/Marlinspike.dir/home/jg/.pico-sdk/sdk/2.2.0/src/rp2_common/pico_double/double_aeabi_rp2040.S.o
                0x1001b83c                double2uint_z
                0x1001b83c                double2uint
                0x1001b83c                __wrap___aeabi_d2uiz
 .text.__wrap___aeabi_l2d
                0x1001b854       0x18 CMakeFiles/Marlinspike.dir/home/jg/.pico-sdk/sdk/2.2.0/src/rp2_common/pico_double/double_aeabi_rp2040.S.o
                0x1001b854                __wrap___aeabi_l2d
                0x1001b854                int642double
 .text.__wrap___aeabi_d2lz
                0x1001b86c       0x26 CMakeFiles/Marlinspike.dir/home/jg/.pico-sdk/sdk/2.2.0/src/rp2_common/pico_double/double_aeabi_rp2040.S.o
                0x1001b86c                __wrap___aeabi_d2lz
                0x1001b86c                double2int64_z
 *fill*         0x1001b892        0x2 
 .text.double2int64
                0x1001b894       0x18 CMakeFiles/Marlinspike.dir/home/jg/.pico-sdk/sdk/2.2.0/src/rp2_common/pico_double/double_aeabi_rp2040.S.o
                0x1001b894                double2int64
 .text.double2ufix64
                0x1001b8ac       0x18 CMakeFiles/Marlinspike.dir/home/jg/.pico-sdk/sdk/2.2.0/src/rp2_common/pico_double/double_aeabi_rp2040.S.o
                0x1001b8ac                double2ufix64
                0x1001b8ac                double2ufix64_z
 .text.__wrap___aeabi_d2f
                0x1001b8c4       0x18 CMakeFiles/Marlinspike.dir/home/jg/.pico-sdk/sdk/2.2.0/src/rp2_common/pico_double/double_aeabi_rp2040.S.o
                0x1001b8c4                __wrap___aeabi_d2f
 .text.__aeabi_double_init
                0x1001b8dc       0xa4 CMakeFiles/Marlinspike.dir/home/jg/.pico-sdk/sdk/2.2.0/src/rp2_common/pico_double/double_init_rom_rp2040.c.o
                0x1001b8dc                __aeabi_double_init
 .text.double_table_shim_on_use_helper
                0x1001b980       0x2c CMakeFiles/Marlinspike.dir/home/jg/.pico-sdk/sdk/2.2.0/src/rp2_common/pico_double/double_v1_rom_shim_rp2040.S.o
                0x1001b980                double_table_shim_on_use_helper
 .text.__wrap___aeabi_dsub
                0x1001b9ac       0x10 CMakeFiles/Marlinspike.dir/home/jg/.pico-sdk/sdk/2.2.0/src/rp2_common/pico_double/double_v1_rom_shim_rp2040.S.o
                0x1001b9ac                drsub_shim
                0x1001b9b2                dsub_shim
 .text.dadd_shim
                0x1001b9bc      0x15c CMakeFiles/Marlinspike.dir/home/jg/.pico-sdk/sdk/2.2.0/src/rp2_common/pico_double/double_v1_rom_shim_rp2040.S.o
                0x1001b9bc                dadd_shim
 .text.dmul_shim
                0x1001bb18      0x15c CMakeFiles/Marlinspike.dir/home/jg/.pico-sdk/sdk/2.2.0/src/rp2_common/pico_double/double_v1_rom_shim_rp2040.S.o
                0x1001bb18                dmul_shim
 .text.ddiv_shim
                0x1001bc74      0x1b0 CMakeFiles/Marlinspike.dir/home/jg/.pico-sdk/sdk/2.2.0/src/rp2_common/pico_double/double_v1_rom_shim_rp2040.S.o
                0x1001bc74                ddiv_shim
 .text.double2uint_shim
                0x1001be24        0xe CMakeFiles/Marlinspike.dir/home/jg/.pico-sdk/sdk/2.2.0/src/rp2_common/pico_double/double_v1_rom_shim_rp2040.S.o
                0x1001be24                double2uint_shim
                0x1001be26                double2ufix_shim
 .text.double2int64_shim
                0x1001be32       0x1a CMakeFiles/Marlinspike.dir/home/jg/.pico-sdk/sdk/2.2.0/src/rp2_common/pico_double/double_v1_rom_shim_rp2040.S.o
                0x1001be32                double2int64_shim
                0x1001be34                double2fix64_shim
 .text.double2uint64_shim
                0x1001be4c       0x70 CMakeFiles/Marlinspike.dir/home/jg/.pico-sdk/sdk/2.2.0/src/rp2_common/pico_double/double_v1_rom_shim_rp2040.S.o
                0x1001be4c                double2uint64_shim
                0x1001be4e                double2ufix64_shim
                0x1001be6e                d2fix_a
 .text.double2float_shim
                0x1001bebc       0x5c CMakeFiles/Marlinspike.dir/home/jg/.pico-sdk/sdk/2.2.0/src/rp2_common/pico_double/double_v1_rom_shim_rp2040.S.o
                0x1001bebc                double2float_shim
 .text.x2double_shims
                0x1001bf18       0x90 CMakeFiles/Marlinspike.dir/home/jg/.pico-sdk/sdk/2.2.0/src/rp2_common/pico_double/double_v1_rom_shim_rp2040.S.o
                0x1001bf18                uint2double_shim
                0x1001bf1a                ufix2double_shim
                0x1001bf20                int2double_shim
                0x1001bf22                fix2double_shim
                0x1001bf28                uint642double_shim
                0x1001bf2a                ufix642double_shim
                0x1001bf30                int642double_shim
                0x1001bf32                fix642double_shim
 .text.dunpacks
                0x1001bfa8       0x3c CMakeFiles/Marlinspike.dir/home/jg/.pico-sdk/sdk/2.2.0/src/rp2_common/pico_double/double_v1_rom_shim_rp2040.S.o
                0x1001bfa8                dunpacks
 .text.__aeabi_lmul
                0x1001bfe4       0x32 CMakeFiles/Marlinspike.dir/home/jg/.pico-sdk/sdk/2.2.0/src/rp2_common/pico_int64_ops/pico_int64_ops_aeabi.S.o
                0x1001bfe4                __wrap___aeabi_lmul
 *fill*         0x1001c016        0x2 
 .text.__wrap___aeabi_farithmetic
                0x1001c018       0x48 CMakeFiles/Marlinspike.dir/home/jg/.pico-sdk/sdk/2.2.0/src/rp2_common/pico_float/float_aeabi_rp2040.S.o
                0x1001c018                __wrap___aeabi_frsub
                0x1001c01e                __wrap___aeabi_fsub
                0x1001c024                __wrap___aeabi_fadd
                0x1001c02a                __wrap___aeabi_fdiv
                0x1001c052                __wrap___aeabi_fmul
 .text.__wrap___aeabi_cfcmple
                0x1001c060       0x50 CMakeFiles/Marlinspike.dir/home/jg/.pico-sdk/sdk/2.2.0/src/rp2_common/pico_float/float_aeabi_rp2040.S.o
                0x1001c060                __wrap___aeabi_cfrcmple
                0x1001c06c                __wrap___aeabi_cfcmpeq
                0x1001c06c                __wrap___aeabi_cfcmple
 .text.__wrap___aeabi_fcmpeq
                0x1001c0b0       0x10 CMakeFiles/Marlinspike.dir/home/jg/.pico-sdk/sdk/2.2.0/src/rp2_common/pico_float/float_aeabi_rp2040.S.o
                0x1001c0b0                __wrap___aeabi_fcmpeq
 .text.__wrap___aeabi_fcmplt
                0x1001c0c0        0xc CMakeFiles/Marlinspike.dir/home/jg/.pico-sdk/sdk/2.2.0/src/rp2_common/pico_float/float_aeabi_rp2040.S.o
                0x1001c0c0                __wrap___aeabi_fcmplt
 .text.__wrap___aeabi_ui2f
                0x1001c0cc        0xa CMakeFiles/Marlinspike.dir/home/jg/.pico-sdk/sdk/2.2.0/src/rp2_common/pico_float/float_aeabi_rp2040.S.o
                0x1001c0cc                uint2float
                0x1001c0cc                __wrap___aeabi_ui2f
 *fill*         0x1001c0d6        0x2 
 .text.__wrap___aeabi_i2f
                0x1001c0d8       0x44 CMakeFiles/Marlinspike.dir/home/jg/.pico-sdk/sdk/2.2.0/src/rp2_common/pico_float/float_aeabi_rp2040.S.o
                0x1001c0d8                int2float
                0x1001c0d8                __wrap___aeabi_i2f
 .text.__wrap___aeabi_f2iz
                0x1001c11c       0x4e CMakeFiles/Marlinspike.dir/home/jg/.pico-sdk/sdk/2.2.0/src/rp2_common/pico_float/float_aeabi_rp2040.S.o
                0x1001c11c                __wrap___aeabi_f2iz
                0x1001c11c                float2int_z
 *fill*         0x1001c16a        0x2 
 .text.float2int
                0x1001c16c       0x14 CMakeFiles/Marlinspike.dir/home/jg/.pico-sdk/sdk/2.2.0/src/rp2_common/pico_float/float_aeabi_rp2040.S.o
                0x1001c16c                float2int
 .text.__wrap___aeabi_f2uiz
                0x1001c180        0xc CMakeFiles/Marlinspike.dir/home/jg/.pico-sdk/sdk/2.2.0/src/rp2_common/pico_float/float_aeabi_rp2040.S.o
                0x1001c180                float2uint
                0x1001c180                float2uint_z
                0x1001c180                __wrap___aeabi_f2uiz
 .text.__aeabi_float_init
                0x1001c18c       0x64 CMakeFiles/Marlinspike.dir/home/jg/.pico-sdk/sdk/2.2.0/src/rp2_common/pico_float/float_init_rom_rp2040.c.o
                0x1001c18c                __aeabi_float_init
 .text.float_table_shim_on_use_helper
                0x1001c1f0       0x2c CMakeFiles/Marlinspike.dir/home/jg/.pico-sdk/sdk/2.2.0/src/rp2_common/pico_float/float_v1_rom_shim_rp2040.S.o
                0x1001c1f0                float_table_shim_on_use_helper
 .text.float232_shims
                0x1001c21c       0x18 CMakeFiles/Marlinspike.dir/home/jg/.pico-sdk/sdk/2.2.0/src/rp2_common/pico_float/float_v1_rom_shim_rp2040.S.o
                0x1001c21c                float2int_shim
                0x1001c21e                float2fix_shim
 .text.__wrap_malloc
                0x1001c234       0x24 CMakeFiles/Marlinspike.dir/home/jg/.pico-sdk/sdk/2.2.0/src/rp2_common/pico_malloc/malloc.c.o
                0x1001c234                __wrap_malloc
 .text.__wrap_realloc
                0x1001c258       0x24 CMakeFiles/Marlinspike.dir/home/jg/.pico-sdk/sdk/2.2.0/src/rp2_common/pico_malloc/malloc.c.o
                0x1001c258                __wrap_realloc
 .text.__wrap_free
                0x1001c27c        0x8 CMakeFiles/Marlinspike.dir/home/jg/.pico-sdk/sdk/2.2.0/src/rp2_common/pico_malloc/malloc.c.o
                0x1001c27c                __wrap_free
 .text          0x1001c284       0x10 CMakeFiles/Marlinspike.dir/home/jg/.pico-sdk/sdk/2.2.0/src/rp2_common/pico_mem_ops/mem_ops_aeabi.S.o
                0x1001c284                __aeabi_mem_init
 .text.memset   0x1001c294        0xc CMakeFiles/Marlinspike.dir/home/jg/.pico-sdk/sdk/2.2.0/src/rp2_common/pico_mem_ops/mem_ops_aeabi.S.o
                0x1001c294                __wrap_memset
 .text.memcpy   0x1001c2a0        0xc CMakeFiles/Marlinspike.dir/home/jg/.pico-sdk/sdk/2.2.0/src/rp2_common/pico_mem_ops/mem_ops_aeabi.S.o
                0x1001c2a0                __wrap___aeabi_memcpy
                0x1001c2a0                __wrap_memcpy
 .text._Znwj    0x1001c2ac        0x8 CMakeFiles/Marlinspike.dir/home/jg/.pico-sdk/sdk/2.2.0/src/rp2_common/pico_cxx_options/new_delete.cpp.o
                0x1001c2ac                operator new(unsigned int)
 .text._ZdlPvj  0x1001c2b4        0x8 CMakeFiles/Marlinspike.dir/home/jg/.pico-sdk/sdk/2.2.0/src/rp2_common/pico_cxx_options/new_delete.cpp.o
                0x1001c2b4                operator delete(void*, unsigned int)
 .text._out_buffer
                0x1001c2bc        0x8 CMakeFiles/Marlinspike.dir/home/jg/.pico-sdk/sdk/2.2.0/src/rp2_common/pico_printf/printf.c.o
 .text._out_null
                0x1001c2c4        0x4 CMakeFiles/Marlinspike.dir/home/jg/.pico-sdk/sdk/2.2.0/src/rp2_common/pico_printf/printf.c.o
 .text._out_rev
                0x1001c2c8       0xac CMakeFiles/Marlinspike.dir/home/jg/.pico-sdk/sdk/2.2.0/src/rp2_common/pico_printf/printf.c.o
 .text._ntoa_format
                0x1001c374      0x1cc CMakeFiles/Marlinspike.dir/home/jg/.pico-sdk/sdk/2.2.0/src/rp2_common/pico_printf/printf.c.o
 .text._out_char
                0x1001c540       0x10 CMakeFiles/Marlinspike.dir/home/jg/.pico-sdk/sdk/2.2.0/src/rp2_common/pico_printf/printf.c.o
 .text._ftoa    0x1001c550      0x4a8 CMakeFiles/Marlinspike.dir/home/jg/.pico-sdk/sdk/2.2.0/src/rp2_common/pico_printf/printf.c.o
 .text._etoa    0x1001c9f8      0x57c CMakeFiles/Marlinspike.dir/home/jg/.pico-sdk/sdk/2.2.0/src/rp2_common/pico_printf/printf.c.o
 .text._vsnprintf
                0x1001cf74      0xbe0 CMakeFiles/Marlinspike.dir/home/jg/.pico-sdk/sdk/2.2.0/src/rp2_common/pico_printf/printf.c.o
 .text.__wrap_sprintf
                0x1001db54       0x2c CMakeFiles/Marlinspike.dir/home/jg/.pico-sdk/sdk/2.2.0/src/rp2_common/pico_printf/printf.c.o
                0x1001db54                __wrap_sprintf
 .text.weak_raw_printf
                0x1001db80       0x40 CMakeFiles/Marlinspike.dir/home/jg/.pico-sdk/sdk/2.2.0/src/rp2_common/pico_printf/printf.c.o
                0x1001db80                weak_raw_printf
 .text.weak_raw_vprintf
                0x1001dbc0       0x30 CMakeFiles/Marlinspike.dir/home/jg/.pico-sdk/sdk/2.2.0/src/rp2_common/pico_printf/printf.c.o
                0x1001dbc0                weak_raw_vprintf
 .text._exit    0x1001dbf0        0x4 CMakeFiles/Marlinspike.dir/home/jg/.pico-sdk/sdk/2.2.0/src/rp2_common/pico_clib_interface/newlib_interface.c.o
                0x1001dbf0                _exit
 .text._sbrk    0x1001dbf4       0x34 CMakeFiles/Marlinspike.dir/home/jg/.pico-sdk/sdk/2.2.0/src/rp2_common/pico_clib_interface/newlib_interface.c.o
                0x1001dbf4                _sbrk
 .text.exit     0x1001dc28        0x8 CMakeFiles/Marlinspike.dir/home/jg/.pico-sdk/sdk/2.2.0/src/rp2_common/pico_clib_interface/newlib_interface.c.o
                0x1001dc28                exit
 .text.__assert_func
                0x1001dc30       0x38 CMakeFiles/Marlinspike.dir/home/jg/.pico-sdk/sdk/2.2.0/src/rp2_common/pico_clib_interface/newlib_interface.c.o
                0x1001dc30                __assert_func
 .text.runtime_init
                0x1001dc68       0x2c CMakeFiles/Marlinspike.dir/home/jg/.pico-sdk/sdk/2.2.0/src/rp2_common/pico_clib_interface/newlib_interface.c.o
                0x1001dc68                runtime_init
 .text.stdio_out_chars_no_crlf
                0x1001dc94       0x10 CMakeFiles/Marlinspike.dir/home/jg/.pico-sdk/sdk/2.2.0/src/rp2_common/pico_stdio/stdio.c.o
 .text.stdio_out_chars_crlf
                0x1001dca4       0xb0 CMakeFiles/Marlinspike.dir/home/jg/.pico-sdk/sdk/2.2.0/src/rp2_common/pico_stdio/stdio.c.o
 .text.stdio_put_string
                0x1001dd54       0xfc CMakeFiles/Marlinspike.dir/home/jg/.pico-sdk/sdk/2.2.0/src/rp2_common/pico_stdio/stdio.c.o
                0x1001dd54                stdio_put_string
 .text.stdio_set_driver_enabled
                0x1001de50       0x30 CMakeFiles/Marlinspike.dir/home/jg/.pico-sdk/sdk/2.2.0/src/rp2_common/pico_stdio/stdio.c.o
                0x1001de50                stdio_set_driver_enabled
 .text.stdio_init_all
                0x1001de80        0xc CMakeFiles/Marlinspike.dir/home/jg/.pico-sdk/sdk/2.2.0/src/rp2_common/pico_stdio/stdio.c.o
                0x1001de80                stdio_init_all
 .text.__wrap_putchar
                0x1001de8c       0x94 CMakeFiles/Marlinspike.dir/home/jg/.pico-sdk/sdk/2.2.0/src/rp2_common/pico_stdio/stdio.c.o
                0x1001de8c                stdio_putchar
                0x1001de8c                __wrap_putchar
 .text.__wrap_puts
                0x1001df20       0x3c CMakeFiles/Marlinspike.dir/home/jg/.pico-sdk/sdk/2.2.0/src/rp2_common/pico_stdio/stdio.c.o
                0x1001df20                __wrap_puts
                0x1001df20                stdio_puts
 .text.stdio_uart_out_chars
                0x1001df5c       0x4c CMakeFiles/Marlinspike.dir/home/jg/.pico-sdk/sdk/2.2.0/src/rp2_common/pico_stdio_uart/stdio_uart.c.o
 .text.stdio_uart_in_chars
                0x1001dfa8       0x90 CMakeFiles/Marlinspike.dir/home/jg/.pico-sdk/sdk/2.2.0/src/rp2_common/pico_stdio_uart/stdio_uart.c.o
                0x1001dfa8                stdio_uart_in_chars
 .text.on_uart_rx
                0x1001e038       0x28 CMakeFiles/Marlinspike.dir/home/jg/.pico-sdk/sdk/2.2.0/src/rp2_common/pico_stdio_uart/stdio_uart.c.o
 .text.stdio_uart_out_flush
                0x1001e060       0x14 CMakeFiles/Marlinspike.dir/home/jg/.pico-sdk/sdk/2.2.0/src/rp2_common/pico_stdio_uart/stdio_uart.c.o
 .text.stdio_uart_set_chars_available_callback
                0x1001e074       0x84 CMakeFiles/Marlinspike.dir/home/jg/.pico-sdk/sdk/2.2.0/src/rp2_common/pico_stdio_uart/stdio_uart.c.o
 .text.stdio_uart_init
                0x1001e0f8       0x50 CMakeFiles/Marlinspike.dir/home/jg/.pico-sdk/sdk/2.2.0/src/rp2_common/pico_stdio_uart/stdio_uart.c.o
                0x1001e0f8                stdio_uart_init
 .text.adc_init
                0x1001e148       0x38 CMakeFiles/Marlinspike.dir/home/jg/.pico-sdk/sdk/2.2.0/src/rp2_common/hardware_adc/adc.c.o
                0x1001e148                adc_init
 .text.flash_get_unique_id
                0x1001e180       0x3c CMakeFiles/Marlinspike.dir/home/jg/.pico-sdk/sdk/2.2.0/src/rp2_common/hardware_flash/flash.c.o
                0x1001e180                flash_get_unique_id
 .text.dcd_init
                0x1001e1bc       0x90 CMakeFiles/Marlinspike.dir/home/jg/.pico-sdk/sdk/2.2.0/lib/tinyusb/src/portable/raspberrypi/rp2040/dcd_rp2040.c.o
                0x1001e1bc                dcd_init
 .text.dcd_int_enable
                0x1001e24c        0xc CMakeFiles/Marlinspike.dir/home/jg/.pico-sdk/sdk/2.2.0/lib/tinyusb/src/portable/raspberrypi/rp2040/dcd_rp2040.c.o
                0x1001e24c                dcd_int_enable
 .text.dcd_set_address
                0x1001e258       0x14 CMakeFiles/Marlinspike.dir/home/jg/.pico-sdk/sdk/2.2.0/lib/tinyusb/src/portable/raspberrypi/rp2040/dcd_rp2040.c.o
                0x1001e258                dcd_set_address
 .text.dcd_sof_enable
                0x1001e26c       0x1c CMakeFiles/Marlinspike.dir/home/jg/.pico-sdk/sdk/2.2.0/lib/tinyusb/src/portable/raspberrypi/rp2040/dcd_rp2040.c.o
                0x1001e26c                dcd_sof_enable
 .text.dcd_edpt0_status_complete
                0x1001e288       0x1c CMakeFiles/Marlinspike.dir/home/jg/.pico-sdk/sdk/2.2.0/lib/tinyusb/src/portable/raspberrypi/rp2040/dcd_rp2040.c.o
                0x1001e288                dcd_edpt0_status_complete
 .text.dcd_edpt_open
                0x1001e2a4      0x114 CMakeFiles/Marlinspike.dir/home/jg/.pico-sdk/sdk/2.2.0/lib/tinyusb/src/portable/raspberrypi/rp2040/dcd_rp2040.c.o
                0x1001e2a4                dcd_edpt_open
 .text.dcd_edpt_close_all
                0x1001e3b8        0x8 CMakeFiles/Marlinspike.dir/home/jg/.pico-sdk/sdk/2.2.0/lib/tinyusb/src/portable/raspberrypi/rp2040/dcd_rp2040.c.o
                0x1001e3b8                dcd_edpt_close_all
 .text.dcd_edpt_xfer
                0x1001e3c0       0x24 CMakeFiles/Marlinspike.dir/home/jg/.pico-sdk/sdk/2.2.0/lib/tinyusb/src/portable/raspberrypi/rp2040/dcd_rp2040.c.o
                0x1001e3c0                dcd_edpt_xfer
 .text.dcd_edpt_stall
                0x1001e3e4       0x3c CMakeFiles/Marlinspike.dir/home/jg/.pico-sdk/sdk/2.2.0/lib/tinyusb/src/portable/raspberrypi/rp2040/dcd_rp2040.c.o
                0x1001e3e4                dcd_edpt_stall
 .text.dcd_edpt_clear_stall
                0x1001e420       0x30 CMakeFiles/Marlinspike.dir/home/jg/.pico-sdk/sdk/2.2.0/lib/tinyusb/src/portable/raspberrypi/rp2040/dcd_rp2040.c.o
                0x1001e420                dcd_edpt_clear_stall
 .text.rp2040_usb_init
                0x1001e450       0x40 CMakeFiles/Marlinspike.dir/home/jg/.pico-sdk/sdk/2.2.0/lib/tinyusb/src/portable/raspberrypi/rp2040/rp2040_usb.c.o
                0x1001e450                rp2040_usb_init
 .text.hw_endpoint_xfer_start
                0x1001e490       0x40 CMakeFiles/Marlinspike.dir/home/jg/.pico-sdk/sdk/2.2.0/lib/tinyusb/src/portable/raspberrypi/rp2040/rp2040_usb.c.o
                0x1001e490                hw_endpoint_xfer_start
 .text.tud_vendor_control_xfer_cb
                0x1001e4d0        0x4 CMakeFiles/Marlinspike.dir/home/jg/.pico-sdk/sdk/2.2.0/lib/tinyusb/src/device/usbd.c.o
                0x1001e4d0                tud_vendor_control_xfer_cb
 .text.tud_event_hook_cb
                0x1001e4d4        0x4 CMakeFiles/Marlinspike.dir/home/jg/.pico-sdk/sdk/2.2.0/lib/tinyusb/src/device/usbd.c.o
                0x1001e4d4                tud_event_hook_cb
 .text.tud_sof_cb
                0x1001e4d8        0x4 CMakeFiles/Marlinspike.dir/home/jg/.pico-sdk/sdk/2.2.0/lib/tinyusb/src/device/usbd.c.o
                0x1001e4d8                tud_sof_cb
 .text.tud_descriptor_bos_cb
                0x1001e4dc        0x4 CMakeFiles/Marlinspike.dir/home/jg/.pico-sdk/sdk/2.2.0/lib/tinyusb/src/device/usbd.c.o
                0x1001e4dc                tud_descriptor_bos_cb
 .text.tud_descriptor_device_qualifier_cb
                0x1001e4e0        0x4 CMakeFiles/Marlinspike.dir/home/jg/.pico-sdk/sdk/2.2.0/lib/tinyusb/src/device/usbd.c.o
                0x1001e4e0                tud_descriptor_device_qualifier_cb
 .text.tud_descriptor_other_speed_configuration_cb
                0x1001e4e4        0x4 CMakeFiles/Marlinspike.dir/home/jg/.pico-sdk/sdk/2.2.0/lib/tinyusb/src/device/usbd.c.o
                0x1001e4e4                tud_descriptor_other_speed_configuration_cb
 .text.tud_mount_cb
                0x1001e4e8        0x4 CMakeFiles/Marlinspike.dir/home/jg/.pico-sdk/sdk/2.2.0/lib/tinyusb/src/device/usbd.c.o
                0x1001e4e8                tud_mount_cb
 .text.tud_umount_cb
                0x1001e4ec        0x4 CMakeFiles/Marlinspike.dir/home/jg/.pico-sdk/sdk/2.2.0/lib/tinyusb/src/device/usbd.c.o
                0x1001e4ec                tud_umount_cb
 .text.tud_suspend_cb
                0x1001e4f0        0x4 CMakeFiles/Marlinspike.dir/home/jg/.pico-sdk/sdk/2.2.0/lib/tinyusb/src/device/usbd.c.o
                0x1001e4f0                tud_suspend_cb
 .text.tud_resume_cb
                0x1001e4f4        0x4 CMakeFiles/Marlinspike.dir/home/jg/.pico-sdk/sdk/2.2.0/lib/tinyusb/src/device/usbd.c.o
                0x1001e4f4                tud_resume_cb
 .text.tud_mounted
                0x1001e4f8       0x10 CMakeFiles/Marlinspike.dir/home/jg/.pico-sdk/sdk/2.2.0/lib/tinyusb/src/device/usbd.c.o
                0x1001e4f8                tud_mounted
 .text.tud_suspended
                0x1001e508       0x10 CMakeFiles/Marlinspike.dir/home/jg/.pico-sdk/sdk/2.2.0/lib/tinyusb/src/device/usbd.c.o
                0x1001e508                tud_suspended
 .text.tud_rhport_init
                0x1001e518       0xec CMakeFiles/Marlinspike.dir/home/jg/.pico-sdk/sdk/2.2.0/lib/tinyusb/src/device/usbd.c.o
                0x1001e518                tud_rhport_init
 .text.tud_task_ext
                0x1001e604      0x7d8 CMakeFiles/Marlinspike.dir/home/jg/.pico-sdk/sdk/2.2.0/lib/tinyusb/src/device/usbd.c.o
                0x1001e604                tud_task_ext
 .text.usbd_open_edpt_pair
                0x1001eddc       0x9c CMakeFiles/Marlinspike.dir/home/jg/.pico-sdk/sdk/2.2.0/lib/tinyusb/src/device/usbd.c.o
                0x1001eddc                usbd_open_edpt_pair
 .text.usbd_edpt_open
                0x1001ee78       0x34 CMakeFiles/Marlinspike.dir/home/jg/.pico-sdk/sdk/2.2.0/lib/tinyusb/src/device/usbd.c.o
                0x1001ee78                usbd_edpt_open
 .text.usbd_edpt_claim
                0x1001eeac       0x28 CMakeFiles/Marlinspike.dir/home/jg/.pico-sdk/sdk/2.2.0/lib/tinyusb/src/device/usbd.c.o
                0x1001eeac                usbd_edpt_claim
 .text.usbd_edpt_release
                0x1001eed4       0x28 CMakeFiles/Marlinspike.dir/home/jg/.pico-sdk/sdk/2.2.0/lib/tinyusb/src/device/usbd.c.o
                0x1001eed4                usbd_edpt_release
 .text.usbd_edpt_xfer
                0x1001eefc       0x4c CMakeFiles/Marlinspike.dir/home/jg/.pico-sdk/sdk/2.2.0/lib/tinyusb/src/device/usbd.c.o
                0x1001eefc                usbd_edpt_xfer
 .text.tud_control_status
                0x1001ef48       0x2c CMakeFiles/Marlinspike.dir/home/jg/.pico-sdk/sdk/2.2.0/lib/tinyusb/src/device/usbd_control.c.o
                0x1001ef48                tud_control_status
 .text.tud_control_xfer
                0x1001ef74       0xa8 CMakeFiles/Marlinspike.dir/home/jg/.pico-sdk/sdk/2.2.0/lib/tinyusb/src/device/usbd_control.c.o
                0x1001ef74                tud_control_xfer
 .text.usbd_control_reset
                0x1001f01c       0x14 CMakeFiles/Marlinspike.dir/home/jg/.pico-sdk/sdk/2.2.0/lib/tinyusb/src/device/usbd_control.c.o
                0x1001f01c                usbd_control_reset
 .text.usbd_control_set_complete_callback
                0x1001f030        0xc CMakeFiles/Marlinspike.dir/home/jg/.pico-sdk/sdk/2.2.0/lib/tinyusb/src/device/usbd_control.c.o
                0x1001f030                usbd_control_set_complete_callback
 .text.usbd_control_set_request
                0x1001f03c       0x1c CMakeFiles/Marlinspike.dir/home/jg/.pico-sdk/sdk/2.2.0/lib/tinyusb/src/device/usbd_control.c.o
                0x1001f03c                usbd_control_set_request
 .text.usbd_control_xfer_cb
                0x1001f058       0xec CMakeFiles/Marlinspike.dir/home/jg/.pico-sdk/sdk/2.2.0/lib/tinyusb/src/device/usbd_control.c.o
                0x1001f058                usbd_control_xfer_cb
 .text._prep_out_transaction.isra.0
                0x1001f144       0x70 CMakeFiles/Marlinspike.dir/home/jg/.pico-sdk/sdk/2.2.0/lib/tinyusb/src/class/cdc/cdc_device.c.o
 .text.tud_cdc_n_available
                0x1001f1b4       0x1c CMakeFiles/Marlinspike.dir/home/jg/.pico-sdk/sdk/2.2.0/lib/tinyusb/src/class/cdc/cdc_device.c.o
                0x1001f1b4                tud_cdc_n_available
 .text.tud_cdc_n_read
                0x1001f1d0       0x9c CMakeFiles/Marlinspike.dir/home/jg/.pico-sdk/sdk/2.2.0/lib/tinyusb/src/class/cdc/cdc_device.c.o
                0x1001f1d0                tud_cdc_n_read
 .text.tud_cdc_n_write_flush
                0x1001f26c       0x7c CMakeFiles/Marlinspike.dir/home/jg/.pico-sdk/sdk/2.2.0/lib/tinyusb/src/class/cdc/cdc_device.c.o
                0x1001f26c                tud_cdc_n_write_flush
 .text.tud_cdc_n_write
                0x1001f2e8       0x44 CMakeFiles/Marlinspike.dir/home/jg/.pico-sdk/sdk/2.2.0/lib/tinyusb/src/class/cdc/cdc_device.c.o
                0x1001f2e8                tud_cdc_n_write
 .text.cdcd_init
                0x1001f32c       0x80 CMakeFiles/Marlinspike.dir/home/jg/.pico-sdk/sdk/2.2.0/lib/tinyusb/src/class/cdc/cdc_device.c.o
                0x1001f32c                cdcd_init
 .text.cdcd_deinit
                0x1001f3ac       0x30 CMakeFiles/Marlinspike.dir/home/jg/.pico-sdk/sdk/2.2.0/lib/tinyusb/src/class/cdc/cdc_device.c.o
                0x1001f3ac                cdcd_deinit
 .text.cdcd_reset
                0x1001f3dc       0x4c CMakeFiles/Marlinspike.dir/home/jg/.pico-sdk/sdk/2.2.0/lib/tinyusb/src/class/cdc/cdc_device.c.o
                0x1001f3dc                cdcd_reset
 .text.cdcd_open
                0x1001f428       0xa4 CMakeFiles/Marlinspike.dir/home/jg/.pico-sdk/sdk/2.2.0/lib/tinyusb/src/class/cdc/cdc_device.c.o
                0x1001f428                cdcd_open
 .text.cdcd_control_xfer_cb
                0x1001f4cc       0xe8 CMakeFiles/Marlinspike.dir/home/jg/.pico-sdk/sdk/2.2.0/lib/tinyusb/src/class/cdc/cdc_device.c.o
                0x1001f4cc                cdcd_control_xfer_cb
 .text.cdcd_xfer_cb
                0x1001f5b4      0x100 CMakeFiles/Marlinspike.dir/home/jg/.pico-sdk/sdk/2.2.0/lib/tinyusb/src/class/cdc/cdc_device.c.o
                0x1001f5b4                cdcd_xfer_cb
 .text.tu_edpt_claim
                0x1001f6b4       0x50 CMakeFiles/Marlinspike.dir/home/jg/.pico-sdk/sdk/2.2.0/lib/tinyusb/src/tusb.c.o
                0x1001f6b4                tu_edpt_claim
 .text.tu_edpt_release
                0x1001f704       0x38 CMakeFiles/Marlinspike.dir/home/jg/.pico-sdk/sdk/2.2.0/lib/tinyusb/src/tusb.c.o
                0x1001f704                tu_edpt_release
 .text.tu_edpt_validate
                0x1001f73c       0x7c CMakeFiles/Marlinspike.dir/home/jg/.pico-sdk/sdk/2.2.0/lib/tinyusb/src/tusb.c.o
                0x1001f73c                tu_edpt_validate
 .text.tu_edpt_bind_driver
                0x1001f7b8       0x34 CMakeFiles/Marlinspike.dir/home/jg/.pico-sdk/sdk/2.2.0/lib/tinyusb/src/tusb.c.o
                0x1001f7b8                tu_edpt_bind_driver
 .text.tu_fifo_config
                0x1001f7ec       0x6c CMakeFiles/Marlinspike.dir/home/jg/.pico-sdk/sdk/2.2.0/lib/tinyusb/src/common/tusb_fifo.c.o
                0x1001f7ec                tu_fifo_config
 .text.tu_fifo_count
                0x1001f858       0x2c CMakeFiles/Marlinspike.dir/home/jg/.pico-sdk/sdk/2.2.0/lib/tinyusb/src/common/tusb_fifo.c.o
                0x1001f858                tu_fifo_count
 .text.tu_fifo_empty
                0x1001f884       0x10 CMakeFiles/Marlinspike.dir/home/jg/.pico-sdk/sdk/2.2.0/lib/tinyusb/src/common/tusb_fifo.c.o
                0x1001f884                tu_fifo_empty
 .text.tu_fifo_remaining
                0x1001f894       0x2c CMakeFiles/Marlinspike.dir/home/jg/.pico-sdk/sdk/2.2.0/lib/tinyusb/src/common/tusb_fifo.c.o
                0x1001f894                tu_fifo_remaining
 .text.tu_fifo_read
                0x1001f8c0       0x9c CMakeFiles/Marlinspike.dir/home/jg/.pico-sdk/sdk/2.2.0/lib/tinyusb/src/common/tusb_fifo.c.o
                0x1001f8c0                tu_fifo_read
 .text.tu_fifo_read_n
                0x1001f95c       0xe8 CMakeFiles/Marlinspike.dir/home/jg/.pico-sdk/sdk/2.2.0/lib/tinyusb/src/common/tusb_fifo.c.o
                0x1001f95c                tu_fifo_read_n
 .text.tu_fifo_write
                0x1001fa44       0xa4 CMakeFiles/Marlinspike.dir/home/jg/.pico-sdk/sdk/2.2.0/lib/tinyusb/src/common/tusb_fifo.c.o
                0x1001fa44                tu_fifo_write
 .text.tu_fifo_write_n
                0x1001fae8      0x178 CMakeFiles/Marlinspike.dir/home/jg/.pico-sdk/sdk/2.2.0/lib/tinyusb/src/common/tusb_fifo.c.o
                0x1001fae8                tu_fifo_write_n
 .text.tu_fifo_clear
                0x1001fc60       0x40 CMakeFiles/Marlinspike.dir/home/jg/.pico-sdk/sdk/2.2.0/lib/tinyusb/src/common/tusb_fifo.c.o
                0x1001fc60                tu_fifo_clear
 .text.tu_fifo_set_overwritable
                0x1001fca0       0x48 CMakeFiles/Marlinspike.dir/home/jg/.pico-sdk/sdk/2.2.0/lib/tinyusb/src/common/tusb_fifo.c.o
                0x1001fca0                tu_fifo_set_overwritable
 .text.startup._retrieve_unique_id_on_boot
                0x1001fce8       0x10 CMakeFiles/Marlinspike.dir/home/jg/.pico-sdk/sdk/2.2.0/src/rp2_common/pico_unique_id/unique_id.c.o
 .text._calloc_r
                0x1001fcf8       0xa8 /home/jg/.pico-sdk/toolchain/14_2_Rel1/bin/../lib/gcc/arm-none-eabi/14.2.1/../../../../arm-none-eabi/lib/thumb/v6-m/nofp/libg.a(libc_a-callocr.o)
                0x1001fcf8                _calloc_r
 .text.itoa     0x1001fda0       0x30 /home/jg/.pico-sdk/toolchain/14_2_Rel1/bin/../lib/gcc/arm-none-eabi/14.2.1/../../../../arm-none-eabi/lib/thumb/v6-m/nofp/libg.a(libc_a-itoa.o)
                0x1001fda0                itoa
 .text.malloc   0x1001fdd0       0x14 /home/jg/.pico-sdk/toolchain/14_2_Rel1/bin/../lib/gcc/arm-none-eabi/14.2.1/../../../../arm-none-eabi/lib/thumb/v6-m/nofp/libg.a(libc_a-malloc.o)
                0x1001fdd0                malloc
 .text.free     0x1001fde4       0x14 /home/jg/.pico-sdk/toolchain/14_2_Rel1/bin/../lib/gcc/arm-none-eabi/14.2.1/../../../../arm-none-eabi/lib/thumb/v6-m/nofp/libg.a(libc_a-malloc.o)
                0x1001fde4                free
 .text._malloc_r
                0x1001fdf8      0x5cc /home/jg/.pico-sdk/toolchain/14_2_Rel1/bin/../lib/gcc/arm-none-eabi/14.2.1/../../../../arm-none-eabi/lib/thumb/v6-m/nofp/libg.a(libc_a-mallocr.o)
                0x1001fdf8                _malloc_r
 .text.__malloc_lock
                0x100203c4       0x10 /home/jg/.pico-sdk/toolchain/14_2_Rel1/bin/../lib/gcc/arm-none-eabi/14.2.1/../../../../arm-none-eabi/lib/thumb/v6-m/nofp/libg.a(libc_a-mlock.o)
                0x100203c4                __malloc_lock
 .text.__malloc_unlock
                0x100203d4       0x10 /home/jg/.pico-sdk/toolchain/14_2_Rel1/bin/../lib/gcc/arm-none-eabi/14.2.1/../../../../arm-none-eabi/lib/thumb/v6-m/nofp/libg.a(libc_a-mlock.o)
                0x100203d4                __malloc_unlock
 .text.realloc  0x100203e4       0x18 /home/jg/.pico-sdk/toolchain/14_2_Rel1/bin/../lib/gcc/arm-none-eabi/14.2.1/../../../../arm-none-eabi/lib/thumb/v6-m/nofp/libg.a(libc_a-realloc.o)
                0x100203e4                realloc
 .text._realloc_r
                0x100203fc      0x350 /home/jg/.pico-sdk/toolchain/14_2_Rel1/bin/../lib/gcc/arm-none-eabi/14.2.1/../../../../arm-none-eabi/lib/thumb/v6-m/nofp/libg.a(libc_a-reallocr.o)
                0x100203fc                _realloc_r
 .text.sulp     0x1002074c       0x30 /home/jg/.pico-sdk/toolchain/14_2_Rel1/bin/../lib/gcc/arm-none-eabi/14.2.1/../../../../arm-none-eabi/lib/thumb/v6-m/nofp/libg.a(libc_a-strtod.o)
 .text._strtod_l
                0x1002077c      0xfdc /home/jg/.pico-sdk/toolchain/14_2_Rel1/bin/../lib/gcc/arm-none-eabi/14.2.1/../../../../arm-none-eabi/lib/thumb/v6-m/nofp/libg.a(libc_a-strtod.o)
                0x1002077c                _strtod_l
 .text._strtod_r
                0x10021758       0x10 /home/jg/.pico-sdk/toolchain/14_2_Rel1/bin/../lib/gcc/arm-none-eabi/14.2.1/../../../../arm-none-eabi/lib/thumb/v6-m/nofp/libg.a(libc_a-strtod.o)
                0x10021758                _strtod_r
 .text.strtod   0x10021768       0x1c /home/jg/.pico-sdk/toolchain/14_2_Rel1/bin/../lib/gcc/arm-none-eabi/14.2.1/../../../../arm-none-eabi/lib/thumb/v6-m/nofp/libg.a(libc_a-strtod.o)
                0x10021768                strtod
 .text._strtol_l.isra.0
                0x10021784      0x158 /home/jg/.pico-sdk/toolchain/14_2_Rel1/bin/../lib/gcc/arm-none-eabi/14.2.1/../../../../arm-none-eabi/lib/thumb/v6-m/nofp/libg.a(libc_a-strtol.o)
 .text._strtol_r
                0x100218dc        0x8 /home/jg/.pico-sdk/toolchain/14_2_Rel1/bin/../lib/gcc/arm-none-eabi/14.2.1/../../../../arm-none-eabi/lib/thumb/v6-m/nofp/libg.a(libc_a-strtol.o)
                0x100218dc                _strtol_r
 .text.strtol   0x100218e4       0x18 /home/jg/.pico-sdk/toolchain/14_2_Rel1/bin/../lib/gcc/arm-none-eabi/14.2.1/../../../../arm-none-eabi/lib/thumb/v6-m/nofp/libg.a(libc_a-strtol.o)
                0x100218e4                strtol
 .text.__utoa   0x100218fc       0x80 /home/jg/.pico-sdk/toolchain/14_2_Rel1/bin/../lib/gcc/arm-none-eabi/14.2.1/../../../../arm-none-eabi/lib/thumb/v6-m/nofp/libg.a(libc_a-utoa.o)
                0x100218fc                __utoa
 .text.sscanf   0x1002197c       0x54 /home/jg/.pico-sdk/toolchain/14_2_Rel1/bin/../lib/gcc/arm-none-eabi/14.2.1/../../../../arm-none-eabi/lib/thumb/v6-m/nofp/libg.a(libc_a-sscanf.o)
                0x1002197c                sscanf
 .text.__seofread
                0x100219d0        0x4 /home/jg/.pico-sdk/toolchain/14_2_Rel1/bin/../lib/gcc/arm-none-eabi/14.2.1/../../../../arm-none-eabi/lib/thumb/v6-m/nofp/libg.a(libc_a-stdio.o)
                0x100219d0                __seofread
 .text.memcmp   0x100219d4       0x48 /home/jg/.pico-sdk/toolchain/14_2_Rel1/bin/../lib/gcc/arm-none-eabi/14.2.1/../../../../arm-none-eabi/lib/thumb/v6-m/nofp/libg.a(libc_a-memcmp.o)
                0x100219d4                memcmp
 .text.memmove  0x10021a1c       0xc4 /home/jg/.pico-sdk/toolchain/14_2_Rel1/bin/../lib/gcc/arm-none-eabi/14.2.1/../../../../arm-none-eabi/lib/thumb/v6-m/nofp/libg.a(libc_a-memmove.o)
                0x10021a1c                memmove
 .text.strchr   0x10021ae0       0xc4 /home/jg/.pico-sdk/toolchain/14_2_Rel1/bin/../lib/gcc/arm-none-eabi/14.2.1/../../../../arm-none-eabi/lib/thumb/v6-m/nofp/libg.a(libc_a-strchr.o)
                0x10021ae0                strchr
 .text.strncmp  0x10021ba4       0x68 /home/jg/.pico-sdk/toolchain/14_2_Rel1/bin/../lib/gcc/arm-none-eabi/14.2.1/../../../../arm-none-eabi/lib/thumb/v6-m/nofp/libg.a(libc_a-strncmp.o)
                0x10021ba4                strncmp
 .text.critical_factorization
                0x10021c0c       0xcc /home/jg/.pico-sdk/toolchain/14_2_Rel1/bin/../lib/gcc/arm-none-eabi/14.2.1/../../../../arm-none-eabi/lib/thumb/v6-m/nofp/libg.a(libc_a-strstr.o)
 .text.two_way_long_needle
                0x10021cd8      0x20c /home/jg/.pico-sdk/toolchain/14_2_Rel1/bin/../lib/gcc/arm-none-eabi/14.2.1/../../../../arm-none-eabi/lib/thumb/v6-m/nofp/libg.a(libc_a-strstr.o)
 .text.strstr   0x10021ee4      0x184 /home/jg/.pico-sdk/toolchain/14_2_Rel1/bin/../lib/gcc/arm-none-eabi/14.2.1/../../../../arm-none-eabi/lib/thumb/v6-m/nofp/libg.a(libc_a-strstr.o)
                0x10021ee4                strstr
 .text.__locale_mb_cur_max
                0x10022068       0x10 /home/jg/.pico-sdk/toolchain/14_2_Rel1/bin/../lib/gcc/arm-none-eabi/14.2.1/../../../../arm-none-eabi/lib/thumb/v6-m/nofp/libg.a(libc_a-locale.o)
                0x10022068                __locale_mb_cur_max
 .text._sbrk_r  0x10022078       0x24 /home/jg/.pico-sdk/toolchain/14_2_Rel1/bin/../lib/gcc/arm-none-eabi/14.2.1/../../../../arm-none-eabi/lib/thumb/v6-m/nofp/libg.a(libc_a-sbrkr.o)
                0x10022078                _sbrk_r
 .text.__errno  0x1002209c        0xc /home/jg/.pico-sdk/toolchain/14_2_Rel1/bin/../lib/gcc/arm-none-eabi/14.2.1/../../../../arm-none-eabi/lib/thumb/v6-m/nofp/libg.a(libc_a-errno.o)
                0x1002209c                __errno
 .text.__retarget_lock_acquire_recursive
                0x100220a8        0x4 /home/jg/.pico-sdk/toolchain/14_2_Rel1/bin/../lib/gcc/arm-none-eabi/14.2.1/../../../../arm-none-eabi/lib/thumb/v6-m/nofp/libg.a(libc_a-lock.o)
                0x100220a8                __retarget_lock_acquire_recursive
 .text.__retarget_lock_release_recursive
                0x100220ac        0x4 /home/jg/.pico-sdk/toolchain/14_2_Rel1/bin/../lib/gcc/arm-none-eabi/14.2.1/../../../../arm-none-eabi/lib/thumb/v6-m/nofp/libg.a(libc_a-lock.o)
                0x100220ac                __retarget_lock_release_recursive
 .text.sysconf  0x100220b0       0x1c /home/jg/.pico-sdk/toolchain/14_2_Rel1/bin/../lib/gcc/arm-none-eabi/14.2.1/../../../../arm-none-eabi/lib/thumb/v6-m/nofp/libg.a(libc_a-sysconf.o)
                0x100220b0                sysconf
 .text          0x100220cc       0x88 /home/jg/.pico-sdk/toolchain/14_2_Rel1/bin/../lib/gcc/arm-none-eabi/14.2.1/../../../../arm-none-eabi/lib/thumb/v6-m/nofp/libg.a(libc_a-strcmp.o)
                0x100220cc                strcmp
 .text.strcpy   0x10022154       0x10 /home/jg/.pico-sdk/toolchain/14_2_Rel1/bin/../lib/gcc/arm-none-eabi/14.2.1/../../../../arm-none-eabi/lib/thumb/v6-m/nofp/libg.a(libc_a-strcpy.o)
                0x10022154                strcpy
 .text.strlen   0x10022164       0x5c /home/jg/.pico-sdk/toolchain/14_2_Rel1/bin/../lib/gcc/arm-none-eabi/14.2.1/../../../../arm-none-eabi/lib/thumb/v6-m/nofp/libg.a(libc_a-strlen-stub.o)
                0x10022164                strlen
 .text.nan      0x100221c0        0xc /home/jg/.pico-sdk/toolchain/14_2_Rel1/bin/../lib/gcc/arm-none-eabi/14.2.1/../../../../arm-none-eabi/lib/thumb/v6-m/nofp/libg.a(libm_a-s_nan.o)
                0x100221c0                nan
 .text.nanf     0x100221cc        0x8 /home/jg/.pico-sdk/toolchain/14_2_Rel1/bin/../lib/gcc/arm-none-eabi/14.2.1/../../../../arm-none-eabi/lib/thumb/v6-m/nofp/libg.a(libm_a-sf_nan.o)
                0x100221cc                nanf
 .text._malloc_trim_r
                0x100221d4       0xb4 /home/jg/.pico-sdk/toolchain/14_2_Rel1/bin/../lib/gcc/arm-none-eabi/14.2.1/../../../../arm-none-eabi/lib/thumb/v6-m/nofp/libg.a(libc_a-freer.o)
                0x100221d4                _malloc_trim_r
 .text._free_r  0x10022288      0x1f0 /home/jg/.pico-sdk/toolchain/14_2_Rel1/bin/../lib/gcc/arm-none-eabi/14.2.1/../../../../arm-none-eabi/lib/thumb/v6-m/nofp/libg.a(libc_a-freer.o)
                0x10022288                _free_r
 .text.rshift   0x10022478       0xb0 /home/jg/.pico-sdk/toolchain/14_2_Rel1/bin/../lib/gcc/arm-none-eabi/14.2.1/../../../../arm-none-eabi/lib/thumb/v6-m/nofp/libg.a(libc_a-gdtoa-gethex.o)
 .text.__gethex
                0x10022528      0x5f4 /home/jg/.pico-sdk/toolchain/14_2_Rel1/bin/../lib/gcc/arm-none-eabi/14.2.1/../../../../arm-none-eabi/lib/thumb/v6-m/nofp/libg.a(libc_a-gdtoa-gethex.o)
                0x10022528                __gethex
 .text.__match  0x10022b1c       0x2c /home/jg/.pico-sdk/toolchain/14_2_Rel1/bin/../lib/gcc/arm-none-eabi/14.2.1/../../../../arm-none-eabi/lib/thumb/v6-m/nofp/libg.a(libc_a-gdtoa-hexnan.o)
                0x10022b1c                __match
 .text.__hexnan
                0x10022b48      0x208 /home/jg/.pico-sdk/toolchain/14_2_Rel1/bin/../lib/gcc/arm-none-eabi/14.2.1/../../../../arm-none-eabi/lib/thumb/v6-m/nofp/libg.a(libc_a-gdtoa-hexnan.o)
                0x10022b48                __hexnan
 .text.__ascii_mbtowc
                0x10022d50       0x2c /home/jg/.pico-sdk/toolchain/14_2_Rel1/bin/../lib/gcc/arm-none-eabi/14.2.1/../../../../arm-none-eabi/lib/thumb/v6-m/nofp/libg.a(libc_a-mbtowc_r.o)
                0x10022d50                __ascii_mbtowc
 .text._Balloc  0x10022d7c       0x50 /home/jg/.pico-sdk/toolchain/14_2_Rel1/bin/../lib/gcc/arm-none-eabi/14.2.1/../../../../arm-none-eabi/lib/thumb/v6-m/nofp/libg.a(libc_a-mprec.o)
                0x10022d7c                _Balloc
 .text._Bfree   0x10022dcc       0x14 /home/jg/.pico-sdk/toolchain/14_2_Rel1/bin/../lib/gcc/arm-none-eabi/14.2.1/../../../../arm-none-eabi/lib/thumb/v6-m/nofp/libg.a(libc_a-mprec.o)
                0x10022dcc                _Bfree
 .text.__multadd
                0x10022de0       0xa4 /home/jg/.pico-sdk/toolchain/14_2_Rel1/bin/../lib/gcc/arm-none-eabi/14.2.1/../../../../arm-none-eabi/lib/thumb/v6-m/nofp/libg.a(libc_a-mprec.o)
                0x10022de0                __multadd
 .text.__s2b    0x10022e84       0xb0 /home/jg/.pico-sdk/toolchain/14_2_Rel1/bin/../lib/gcc/arm-none-eabi/14.2.1/../../../../arm-none-eabi/lib/thumb/v6-m/nofp/libg.a(libc_a-mprec.o)
                0x10022e84                __s2b
 .text.__hi0bits
                0x10022f34       0x60 /home/jg/.pico-sdk/toolchain/14_2_Rel1/bin/../lib/gcc/arm-none-eabi/14.2.1/../../../../arm-none-eabi/lib/thumb/v6-m/nofp/libg.a(libc_a-mprec.o)
                0x10022f34                __hi0bits
 .text.__lo0bits
                0x10022f94       0x90 /home/jg/.pico-sdk/toolchain/14_2_Rel1/bin/../lib/gcc/arm-none-eabi/14.2.1/../../../../arm-none-eabi/lib/thumb/v6-m/nofp/libg.a(libc_a-mprec.o)
                0x10022f94                __lo0bits
 .text.__i2b    0x10023024       0x60 /home/jg/.pico-sdk/toolchain/14_2_Rel1/bin/../lib/gcc/arm-none-eabi/14.2.1/../../../../arm-none-eabi/lib/thumb/v6-m/nofp/libg.a(libc_a-mprec.o)
                0x10023024                __i2b
 .text.__multiply
                0x10023084      0x1b0 /home/jg/.pico-sdk/toolchain/14_2_Rel1/bin/../lib/gcc/arm-none-eabi/14.2.1/../../../../arm-none-eabi/lib/thumb/v6-m/nofp/libg.a(libc_a-mprec.o)
                0x10023084                __multiply
 .text.__pow5mult
                0x10023234       0xd8 /home/jg/.pico-sdk/toolchain/14_2_Rel1/bin/../lib/gcc/arm-none-eabi/14.2.1/../../../../arm-none-eabi/lib/thumb/v6-m/nofp/libg.a(libc_a-mprec.o)
                0x10023234                __pow5mult
 .text.__lshift
                0x1002330c       0xfc /home/jg/.pico-sdk/toolchain/14_2_Rel1/bin/../lib/gcc/arm-none-eabi/14.2.1/../../../../arm-none-eabi/lib/thumb/v6-m/nofp/libg.a(libc_a-mprec.o)
                0x1002330c                __lshift
 .text.__mcmp   0x10023408       0x3c /home/jg/.pico-sdk/toolchain/14_2_Rel1/bin/../lib/gcc/arm-none-eabi/14.2.1/../../../../arm-none-eabi/lib/thumb/v6-m/nofp/libg.a(libc_a-mprec.o)
                0x10023408                __mcmp
 .text.__mdiff  0x10023444      0x1a8 /home/jg/.pico-sdk/toolchain/14_2_Rel1/bin/../lib/gcc/arm-none-eabi/14.2.1/../../../../arm-none-eabi/lib/thumb/v6-m/nofp/libg.a(libc_a-mprec.o)
                0x10023444                __mdiff
 .text.__ulp    0x100235ec       0x40 /home/jg/.pico-sdk/toolchain/14_2_Rel1/bin/../lib/gcc/arm-none-eabi/14.2.1/../../../../arm-none-eabi/lib/thumb/v6-m/nofp/libg.a(libc_a-mprec.o)
                0x100235ec                __ulp
 .text.__b2d    0x1002362c       0xb8 /home/jg/.pico-sdk/toolchain/14_2_Rel1/bin/../lib/gcc/arm-none-eabi/14.2.1/../../../../arm-none-eabi/lib/thumb/v6-m/nofp/libg.a(libc_a-mprec.o)
                0x1002362c                __b2d
 .text.__d2b    0x100236e4       0xc4 /home/jg/.pico-sdk/toolchain/14_2_Rel1/bin/../lib/gcc/arm-none-eabi/14.2.1/../../../../arm-none-eabi/lib/thumb/v6-m/nofp/libg.a(libc_a-mprec.o)
                0x100236e4                __d2b
 .text.__ratio  0x100237a8       0x68 /home/jg/.pico-sdk/toolchain/14_2_Rel1/bin/../lib/gcc/arm-none-eabi/14.2.1/../../../../arm-none-eabi/lib/thumb/v6-m/nofp/libg.a(libc_a-mprec.o)
                0x100237a8                __ratio
 .text.__copybits
                0x10023810       0x40 /home/jg/.pico-sdk/toolchain/14_2_Rel1/bin/../lib/gcc/arm-none-eabi/14.2.1/../../../../arm-none-eabi/lib/thumb/v6-m/nofp/libg.a(libc_a-mprec.o)
                0x10023810                __copybits
 .text.__any_on
                0x10023850       0x4c /home/jg/.pico-sdk/toolchain/14_2_Rel1/bin/../lib/gcc/arm-none-eabi/14.2.1/../../../../arm-none-eabi/lib/thumb/v6-m/nofp/libg.a(libc_a-mprec.o)
                0x10023850                __any_on
 .text._strtoul_l.isra.0
                0x1002389c      0x144 /home/jg/.pico-sdk/toolchain/14_2_Rel1/bin/../lib/gcc/arm-none-eabi/14.2.1/../../../../arm-none-eabi/lib/thumb/v6-m/nofp/libg.a(libc_a-strtoul.o)
 .text._strtoul_r
                0x100239e0        0x8 /home/jg/.pico-sdk/toolchain/14_2_Rel1/bin/../lib/gcc/arm-none-eabi/14.2.1/../../../../arm-none-eabi/lib/thumb/v6-m/nofp/libg.a(libc_a-strtoul.o)
                0x100239e0                _strtoul_r
 .text.__ascii_wctomb
                0x100239e8       0x1c /home/jg/.pico-sdk/toolchain/14_2_Rel1/bin/../lib/gcc/arm-none-eabi/14.2.1/../../../../arm-none-eabi/lib/thumb/v6-m/nofp/libg.a(libc_a-wctomb_r.o)
                0x100239e8                __ascii_wctomb
 .text._sungetc_r
                0x10023a04       0x80 /home/jg/.pico-sdk/toolchain/14_2_Rel1/bin/../lib/gcc/arm-none-eabi/14.2.1/../../../../arm-none-eabi/lib/thumb/v6-m/nofp/libg.a(libc_a-svfiscanf.o)
                0x10023a04                _sungetc_r
 .text.__ssrefill_r
                0x10023a84       0x40 /home/jg/.pico-sdk/toolchain/14_2_Rel1/bin/../lib/gcc/arm-none-eabi/14.2.1/../../../../arm-none-eabi/lib/thumb/v6-m/nofp/libg.a(libc_a-svfiscanf.o)
                0x10023a84                __ssrefill_r
 .text._sfread_r
                0x10023ac4       0xbc /home/jg/.pico-sdk/toolchain/14_2_Rel1/bin/../lib/gcc/arm-none-eabi/14.2.1/../../../../arm-none-eabi/lib/thumb/v6-m/nofp/libg.a(libc_a-svfiscanf.o)
                0x10023ac4                _sfread_r
 .text.__ssvfscanf_r
                0x10023b80     0x19c0 /home/jg/.pico-sdk/toolchain/14_2_Rel1/bin/../lib/gcc/arm-none-eabi/14.2.1/../../../../arm-none-eabi/lib/thumb/v6-m/nofp/libg.a(libc_a-svfscanf.o)
                0x10023b80                __ssvfscanf_r
 .text.__sccl   0x10025540       0x80 /home/jg/.pico-sdk/toolchain/14_2_Rel1/bin/../lib/gcc/arm-none-eabi/14.2.1/../../../../arm-none-eabi/lib/thumb/v6-m/nofp/libg.a(libc_a-sccl.o)
                0x10025540                __sccl
 .text.__submore
                0x100255c0       0x84 /home/jg/.pico-sdk/toolchain/14_2_Rel1/bin/../lib/gcc/arm-none-eabi/14.2.1/../../../../arm-none-eabi/lib/thumb/v6-m/nofp/libg.a(libc_a-ungetc.o)
                0x100255c0                __submore
 .text.strnlen  0x10025644       0x20 /home/jg/.pico-sdk/toolchain/14_2_Rel1/bin/../lib/gcc/arm-none-eabi/14.2.1/../../../../arm-none-eabi/lib/thumb/v6-m/nofp/libg.a(libc_a-strnlen.o)
                0x10025644                strnlen
 .text.stpncpy  0x10025664       0x74 /home/jg/.pico-sdk/toolchain/14_2_Rel1/bin/../lib/gcc/arm-none-eabi/14.2.1/../../../../arm-none-eabi/lib/thumb/v6-m/nofp/libg.a(libc_a-stpncpy.o)
                0x10025664                stpncpy
 .text._localeconv_r
                0x100256d8        0x8 /home/jg/.pico-sdk/toolchain/14_2_Rel1/bin/../lib/gcc/arm-none-eabi/14.2.1/../../../../arm-none-eabi/lib/thumb/v6-m/nofp/libg.a(libc_a-localeconv.o)
                0x100256d8                _localeconv_r
 .text._strtoll_l.isra.0
                0x100256e0      0x1a0 /home/jg/.pico-sdk/toolchain/14_2_Rel1/bin/../lib/gcc/arm-none-eabi/14.2.1/../../../../arm-none-eabi/lib/thumb/v6-m/nofp/libg.a(libc_a-strtoll.o)
 .text._strtoll_r
                0x10025880        0x8 /home/jg/.pico-sdk/toolchain/14_2_Rel1/bin/../lib/gcc/arm-none-eabi/14.2.1/../../../../arm-none-eabi/lib/thumb/v6-m/nofp/libg.a(libc_a-strtoll.o)
                0x10025880                _strtoll_r
 .text._strtoull_l.isra.0
                0x10025888      0x1c4 /home/jg/.pico-sdk/toolchain/14_2_Rel1/bin/../lib/gcc/arm-none-eabi/14.2.1/../../../../arm-none-eabi/lib/thumb/v6-m/nofp/libg.a(libc_a-strtoull.o)
 .text._strtoull_r
                0x10025a4c        0x8 /home/jg/.pico-sdk/toolchain/14_2_Rel1/bin/../lib/gcc/arm-none-eabi/14.2.1/../../../../arm-none-eabi/lib/thumb/v6-m/nofp/libg.a(libc_a-strtoull.o)
                0x10025a4c                _strtoull_r
 .text._mbrtowc_r