Archive member included to satisfy reference by file (symbol)

/home/jg/.pico-sdk/toolchain/14_2_Rel1/bin/../lib/gcc/arm-none-eabi/14.2.1/thumb/v6-m/nofp/libgcc.a(_dvmd_tls.o)
                              CMakeFiles/Marlinspike.dir/home/jg/.pico-sdk/sdk/2.2.0/src/rp2_common/pico_divider/divider_hardware.S.o (__aeabi_idiv0)
/home/jg/.pico-sdk/toolchain/14_2_Rel1/bin/../lib/gcc/arm-none-eabi/14.2.1/../../../../arm-none-eabi/lib/thumb/v6-m/nofp/libg.a(libc_a-atol.o)
                              CMakeFiles/Marlinspike.dir/WString.cpp.o (atol)
/home/jg/.pico-sdk/toolchain/14_2_Rel1/bin/../lib/gcc/arm-none-eabi/14.2.1/../../../../arm-none-eabi/lib/thumb/v6-m/nofp/libg.a(libc_a-calloc.o)
                              CMakeFiles/Marlinspike.dir/home/jg/.pico-sdk/sdk/2.2.0/src/rp2_common/pico_malloc/malloc.c.o (calloc)
/home/jg/.pico-sdk/toolchain/14_2_Rel1/bin/../lib/gcc/arm-none-eabi/14.2.1/../../../../arm-none-eabi/lib/thumb/v6-m/nofp/libg.a(libc_a-callocr.o)
                              /home/jg/.pico-sdk/toolchain/14_2_Rel1/bin/../lib/gcc/arm-none-eabi/14.2.1/../../../../arm-none-eabi/lib/thumb/v6-m/nofp/libg.a(libc_a-calloc.o) (_calloc_r)
/home/jg/.pico-sdk/toolchain/14_2_Rel1/bin/../lib/gcc/arm-none-eabi/14.2.1/../../../../arm-none-eabi/lib/thumb/v6-m/nofp/libg.a(libc_a-itoa.o)
                              CMakeFiles/Marlinspike.dir/Propulsion/DelayHBridgeDriver.cpp.o (itoa)
/home/jg/.pico-sdk/toolchain/14_2_Rel1/bin/../lib/gcc/arm-none-eabi/14.2.1/../../../../arm-none-eabi/lib/thumb/v6-m/nofp/libg.a(libc_a-malloc.o)
                              CMakeFiles/Marlinspike.dir/home/jg/.pico-sdk/sdk/2.2.0/src/rp2_common/pico_malloc/malloc.c.o (malloc)
/home/jg/.pico-sdk/toolchain/14_2_Rel1/bin/../lib/gcc/arm-none-eabi/14.2.1/../../../../arm-none-eabi/lib/thumb/v6-m/nofp/libg.a(libc_a-mallocr.o)
                              /home/jg/.pico-sdk/toolchain/14_2_Rel1/bin/../lib/gcc/arm-none-eabi/14.2.1/../../../../arm-none-eabi/lib/thumb/v6-m/nofp/libg.a(libc_a-callocr.o) (_malloc_r)
/home/jg/.pico-sdk/toolchain/14_2_Rel1/bin/../lib/gcc/arm-none-eabi/14.2.1/../../../../arm-none-eabi/lib/thumb/v6-m/nofp/libg.a(libc_a-mlock.o)
                              /home/jg/.pico-sdk/toolchain/14_2_Rel1/bin/../lib/gcc/arm-none-eabi/14.2.1/../../../../arm-none-eabi/lib/thumb/v6-m/nofp/libg.a(libc_a-mallocr.o) (__malloc_lock)
/home/jg/.pico-sdk/toolchain/14_2_Rel1/bin/../lib/gcc/arm-none-eabi/14.2.1/../../../../arm-none-eabi/lib/thumb/v6-m/nofp/libg.a(libc_a-realloc.o)
                              CMakeFiles/Marlinspike.dir/home/jg/.pico-sdk/sdk/2.2.0/src/rp2_common/pico_malloc/malloc.c.o (realloc)
/home/jg/.pico-sdk/toolchain/14_2_Rel1/bin/../lib/gcc/arm-none-eabi/14.2.1/../../../../arm-none-eabi/lib/thumb/v6-m/nofp/libg.a(libc_a-reallocr.o)
                              /home/jg/.pico-sdk/toolchain/14_2_Rel1/bin/../lib/gcc/arm-none-eabi/14.2.1/../../../../arm-none-eabi/lib/thumb/v6-m/nofp/libg.a(libc_a-realloc.o) (_realloc_r)
/home/jg/.pico-sdk/toolchain/14_2_Rel1/bin/../lib/gcc/arm-none-eabi/14.2.1/../../../../arm-none-eabi/lib/thumb/v6-m/nofp/libg.a(libc_a-strtod.o)
                              CMakeFiles/Marlinspike.dir/RoboCore_main.cpp.o (strtod)
/home/jg/.pico-sdk/toolchain/14_2_Rel1/bin/../lib/gcc/arm-none-eabi/14.2.1/../../../../arm-none-eabi/lib/thumb/v6-m/nofp/libg.a(libc_a-strtol.o)
                              /home/jg/.pico-sdk/toolchain/14_2_Rel1/bin/../lib/gcc/arm-none-eabi/14.2.1/../../../../arm-none-eabi/lib/thumb/v6-m/nofp/libg.a(libc_a-atol.o) (_strtol_r)
/home/jg/.pico-sdk/toolchain/14_2_Rel1/bin/../lib/gcc/arm-none-eabi/14.2.1/../../../../arm-none-eabi/lib/thumb/v6-m/nofp/libg.a(libc_a-utoa.o)
                              /home/jg/.pico-sdk/toolchain/14_2_Rel1/bin/../lib/gcc/arm-none-eabi/14.2.1/../../../../arm-none-eabi/lib/thumb/v6-m/nofp/libg.a(libc_a-itoa.o) (__utoa)
/home/jg/.pico-sdk/toolchain/14_2_Rel1/bin/../lib/gcc/arm-none-eabi/14.2.1/../../../../arm-none-eabi/lib/thumb/v6-m/nofp/libg.a(libc_a-ctype_.o)
                              /home/jg/.pico-sdk/toolchain/14_2_Rel1/bin/../lib/gcc/arm-none-eabi/14.2.1/../../../../arm-none-eabi/lib/thumb/v6-m/nofp/libg.a(libc_a-strtol.o) (_ctype_)
/home/jg/.pico-sdk/toolchain/14_2_Rel1/bin/../lib/gcc/arm-none-eabi/14.2.1/../../../../arm-none-eabi/lib/thumb/v6-m/nofp/libg.a(libc_a-isspace.o)
                              CMakeFiles/Marlinspike.dir/WString.cpp.o (isspace)
/home/jg/.pico-sdk/toolchain/14_2_Rel1/bin/../lib/gcc/arm-none-eabi/14.2.1/../../../../arm-none-eabi/lib/thumb/v6-m/nofp/libg.a(libc_a-tolower.o)
                              CMakeFiles/Marlinspike.dir/WString.cpp.o (tolower)
/home/jg/.pico-sdk/toolchain/14_2_Rel1/bin/../lib/gcc/arm-none-eabi/14.2.1/../../../../arm-none-eabi/lib/thumb/v6-m/nofp/libg.a(libc_a-toupper.o)
                              CMakeFiles/Marlinspike.dir/WString.cpp.o (toupper)
[...]
Memory Configuration

Name             Origin             Length             Attributes
FLASH            0x10000000         0x00200000         xr
RAM              0x20000000         0x00040000         xrw
SCRATCH_X        0x20040000         0x00001000         xrw
SCRATCH_Y        0x20041000         0x00001000         xrw
*default*        0x00000000         0xffffffff

Linker script and memory map

LOAD /home/jg/.pico-sdk/toolchain/14_2_Rel1/bin/../lib/gcc/arm-none-eabi/14.2.1/thumb/v6-m/nofp/crti.o
LOAD /home/jg/.pico-sdk/toolchain/14_2_Rel1/bin/../lib/gcc/arm-none-eabi/14.2.1/thumb/v6-m/nofp/crtbegin.o
LOAD /home/jg/.pico-sdk/toolchain/14_2_Rel1/bin/../lib/gcc/arm-none-eabi/14.2.1/../../../../arm-none-eabi/lib/thumb/v6-m/nofp/crt0.o

.flash_begin    0x10000000        0x0
                0x10000000                        __flash_binary_start = .

.boot2          0x10000000      0x100
                0x10000000                        __boot2_start__ = .
 *(.boot2)
 .boot2         0x10000000      0x100 pico-sdk/src/rp2040/boot_stage2/CMakeFiles/bs2_default_library.dir/bs2_default_padded_checksummed.S.o
                0x10000100                        __boot2_end__ = .
                0x00000001                        ASSERT (((__boot2_end__ - __boot2_start__) == 0x100), ERROR: Pico second stage bootloader must be 256 bytes in size)

.text           0x10000100     0x399c
                0x10000100                        __logical_binary_start = .
 *(.vectors)
 .vectors       0x10000100       0xd4 CMakeFiles/Marlinspike.dir/home/jg/.pico-sdk/sdk/2.2.0/src/rp2_common/pico_crt0/crt0.S.o
                0x10000100                __vectors
                0x10000100                __VECTOR_TABLE
                0x100001c0                isr_irq30
                0x100001c0                __unhandled_user_irq
                0x100001c0                isr_irq13
                0x100001c0                isr_irq27
                0x100001c0                isr_irq31
                0x100001c0                isr_irq5
                0x100001c0                isr_irq11
                0x100001c0                isr_irq23
                0x100001c0                isr_irq18
                0x100001c0                isr_irq28
                0x100001c0                isr_irq19
                0x100001c0                isr_irq0
                0x100001c0                isr_irq6
                0x100001c0                isr_irq22
                0x100001c0                isr_irq17
                0x100001c0                isr_irq14
                0x100001c0                __vectors_end
                0x100001c0                __default_isrs_start
                0x100001c0                isr_irq2
                0x100001c0                isr_irq10
                0x100001c0                isr_irq8
                0x100001c0                isr_irq24
                0x100001c0                isr_irq1
                0x100001c0                isr_irq7
                0x100001c0                isr_irq21
                0x100001c0                isr_irq20
                0x100001c0                isr_irq15
                0x100001c0                isr_irq25
                0x100001c0                isr_irq4
                0x100001c0                isr_irq16
                0x100001c0                isr_irq29
                0x100001c0                isr_irq26
                0x100001c0                isr_irq3
                0x100001c0                isr_irq12
                0x100001c0                isr_irq9
                0x100001c6                unhandled_user_irq_num_in_r0
                0x100001c8                isr_invalid
                0x100001ca                isr_nmi
                0x100001cc                isr_hardfault
                0x100001ce                isr_svcall
                0x100001d0                isr_pendsv
                0x100001d2                isr_systick
                0x100001d4                __default_isrs_end
 *(.binary_info_header)
 .binary_info_header
                0x100001d4       0x14 CMakeFiles/Marlinspike.dir/home/jg/.pico-sdk/sdk/2.2.0/src/rp2_common/pico_crt0/crt0.S.o
                0x100001e8                        __binary_info_header_end = .
 *(.embedded_block)
                0x100001e8                        __embedded_block_end = .
 *(.reset)
 .reset         0x100001e8       0x9c CMakeFiles/Marlinspike.dir/home/jg/.pico-sdk/sdk/2.2.0/src/rp2_common/pico_crt0/crt0.S.o
                0x100001e8                _entry_point
 *(.init)
 .init          0x10000284        0x4 /home/jg/.pico-sdk/toolchain/14_2_Rel1/bin/../lib/gcc/arm-none-eabi/14.2.1/thumb/v6-m/nofp/crti.o
                0x10000284                _init
 *(EXCLUDE_FILE(*libm.a: *libc.a:*lib_a-mem*.o *libgcc.a:) .text*)
 .text.register_tm_clones
                0x10000288       0x28 /home/jg/.pico-sdk/toolchain/14_2_Rel1/bin/../lib/gcc/arm-none-eabi/14.2.1/thumb/v6-m/nofp/crtbegin.o
 .text.frame_dummy
                0x100002b0       0x24 /home/jg/.pico-sdk/toolchain/14_2_Rel1/bin/../lib/gcc/arm-none-eabi/14.2.1/thumb/v6-m/nofp/crtbegin.o
 .text.startup.main
                0x100002d4        0xc CMakeFiles/Marlinspike.dir/main.cpp.o
                0x100002d4                main
 .text._Z5setupv
                0x100002e0       0x1c CMakeFiles/Marlinspike.dir/RoboCore_main.cpp.o
                0x100002e0                setup()
 .text._Z11get_commandv
                0x100002fc       0x20 CMakeFiles/Marlinspike.dir/RoboCore_main.cpp.o
                0x100002fc                get_command()
 .text._Z4loopv
                0x1000031c        0x8 CMakeFiles/Marlinspike.dir/RoboCore_main.cpp.o
                0x1000031c                loop()
 .text.startup._GLOBAL__sub_I_starttime
                0x10000324       0x14 CMakeFiles/Marlinspike.dir/RoboCore_main.cpp.o
 .text._ZN5Print5writeEPKhj
                0x10000338       0x28 CMakeFiles/Marlinspike.dir/Print.cpp.o
                0x10000338                Print::write(unsigned char const*, unsigned int)
 .text._ZN14HardwareSerial9availableEv
                0x10000360       0x14 CMakeFiles/Marlinspike.dir/HardwareSerial.cpp.o
                0x10000360                HardwareSerial::available()
 .text._ZN14HardwareSerial4peekEv
                0x10000374       0x1c CMakeFiles/Marlinspike.dir/HardwareSerial.cpp.o
                0x10000374                HardwareSerial::peek()
 .text._ZN14HardwareSerial4readEv
                0x10000390       0x2c CMakeFiles/Marlinspike.dir/HardwareSerial.cpp.o
                0x10000390                HardwareSerial::read()
 .text._ZN14HardwareSerial5flushEv
                0x100003bc        0xc CMakeFiles/Marlinspike.dir/HardwareSerial.cpp.o
                0x100003bc                HardwareSerial::flush()
 .text._ZN14HardwareSerial5writeEh
                0x100003c8       0x10 CMakeFiles/Marlinspike.dir/HardwareSerial.cpp.o
                0x100003c8                HardwareSerial::write(unsigned char)
 .text.startup._GLOBAL__sub_I_Serial1
                0x100003d8       0x34 CMakeFiles/Marlinspike.dir/HardwareSerial.cpp.o
 .text._ZN6StringC2EPKc
                0x1000040c       0x38 CMakeFiles/Marlinspike.dir/WString.cpp.o
                0x1000040c                String::String(char const*)
                0x1000040c                String::String(char const*)
 .text.gpio_set_function
                0x10000444       0x34 CMakeFiles/Marlinspike.dir/home/jg/.pico-sdk/sdk/2.2.0/src/rp2_common/hardware_gpio/gpio.c.o
                0x10000444                gpio_set_function
 .text.rp2040_chip_version
                0x10000478        0xc CMakeFiles/Marlinspike.dir/home/jg/.pico-sdk/sdk/2.2.0/src/rp2040/pico_platform/platform.c.o
                0x10000478                rp2040_chip_version
 .text.panic    0x10000484       0x30 CMakeFiles/Marlinspike.dir/home/jg/.pico-sdk/sdk/2.2.0/src/rp2_common/pico_platform_panic/panic.c.o
                0x10000484                panic
 .text.hw_claim_or_assert
                0x100004b4       0x44 CMakeFiles/Marlinspike.dir/home/jg/.pico-sdk/sdk/2.2.0/src/common/hardware_claim/claim.c.o
                0x100004b4                hw_claim_or_assert
 .text.hw_claim_unused_from_range
                0x100004f8       0x88 CMakeFiles/Marlinspike.dir/home/jg/.pico-sdk/sdk/2.2.0/src/common/hardware_claim/claim.c.o
                0x100004f8                hw_claim_unused_from_range
 .text.next_striped_spin_lock_num
                0x10000580       0x18 CMakeFiles/Marlinspike.dir/home/jg/.pico-sdk/sdk/2.2.0/src/rp2_common/hardware_sync/sync.c.o
                0x10000580                next_striped_spin_lock_num
 .text.spin_lock_claim_unused
                0x10000598       0x24 CMakeFiles/Marlinspike.dir/home/jg/.pico-sdk/sdk/2.2.0/src/rp2_common/hardware_sync/sync.c.o
                0x10000598                spin_lock_claim_unused
 .text.spin_locks_reset
                0x100005bc       0x1c CMakeFiles/Marlinspike.dir/home/jg/.pico-sdk/sdk/2.2.0/src/rp2_common/hardware_sync_spin_lock/sync_spin_lock.c.o
                0x100005bc                spin_locks_reset
 .text.runtime_init_per_core_irq_priorities
                0x100005d8       0x24 CMakeFiles/Marlinspike.dir/home/jg/.pico-sdk/sdk/2.2.0/src/rp2_common/hardware_irq/irq.c.o
                0x100005d8                runtime_init_per_core_irq_priorities
 .text.irq_set_enabled
                0x100005fc       0x24 CMakeFiles/Marlinspike.dir/home/jg/.pico-sdk/sdk/2.2.0/src/rp2_common/hardware_irq/irq.c.o
                0x100005fc                irq_set_enabled
 .text.irq_set_exclusive_handler
                0x10000620       0x54 CMakeFiles/Marlinspike.dir/home/jg/.pico-sdk/sdk/2.2.0/src/rp2_common/hardware_irq/irq.c.o
                0x10000620                irq_set_exclusive_handler
 .text.irq_add_shared_handler
                0x10000674      0x1f4 CMakeFiles/Marlinspike.dir/home/jg/.pico-sdk/sdk/2.2.0/src/rp2_common/hardware_irq/irq.c.o
                0x10000674                irq_add_shared_handler
 .text.irq_remove_handler
                0x10000868      0x1d4 CMakeFiles/Marlinspike.dir/home/jg/.pico-sdk/sdk/2.2.0/src/rp2_common/hardware_irq/irq.c.o
                0x10000868                irq_remove_handler
 .text.irq_add_tail_to_free_list
                0x10000a3c       0xb4 CMakeFiles/Marlinspike.dir/home/jg/.pico-sdk/sdk/2.2.0/src/rp2_common/hardware_irq/irq.c.o
                0x10000a3c                irq_add_tail_to_free_list
 .text.lock_init
                0x10000af0       0x10 CMakeFiles/Marlinspike.dir/home/jg/.pico-sdk/sdk/2.2.0/src/common/pico_sync/lock_core.c.o
                0x10000af0                lock_init
 .text.runtime_init_mutex
                0x10000b00       0x50 CMakeFiles/Marlinspike.dir/home/jg/.pico-sdk/sdk/2.2.0/src/common/pico_sync/mutex.c.o
                0x10000b00                runtime_init_mutex
 .text.mutex_init
                0x10000b50       0x1c CMakeFiles/Marlinspike.dir/home/jg/.pico-sdk/sdk/2.2.0/src/common/pico_sync/mutex.c.o
                0x10000b50                mutex_init
 .text.critical_section_init
                0x10000b6c       0x1c CMakeFiles/Marlinspike.dir/home/jg/.pico-sdk/sdk/2.2.0/src/common/pico_sync/critical_section.c.o
                0x10000b6c                critical_section_init
 .text.sleep_until_callback
                0x10000b88       0x30 CMakeFiles/Marlinspike.dir/home/jg/.pico-sdk/sdk/2.2.0/src/common/pico_time/time.c.o
 .text.alarm_pool_irq_handler
                0x10000bb8      0x300 CMakeFiles/Marlinspike.dir/home/jg/.pico-sdk/sdk/2.2.0/src/common/pico_time/time.c.o
 .text.runtime_init_default_alarm_pool
                0x10000eb8       0xdc CMakeFiles/Marlinspike.dir/home/jg/.pico-sdk/sdk/2.2.0/src/common/pico_time/time.c.o
                0x10000eb8                runtime_init_default_alarm_pool
 .text.alarm_pool_add_alarm_at_force_in_context
                0x10000f94       0xb0 CMakeFiles/Marlinspike.dir/home/jg/.pico-sdk/sdk/2.2.0/src/common/pico_time/time.c.o
                0x10000f94                alarm_pool_add_alarm_at_force_in_context
 .text.alarm_pool_cancel_alarm
                0x10001044       0x74 CMakeFiles/Marlinspike.dir/home/jg/.pico-sdk/sdk/2.2.0/src/common/pico_time/time.c.o
                0x10001044                alarm_pool_cancel_alarm
 .text.best_effort_wfe_or_timeout
                0x100010b8      0x10c CMakeFiles/Marlinspike.dir/home/jg/.pico-sdk/sdk/2.2.0/src/common/pico_time/time.c.o
                0x100010b8                best_effort_wfe_or_timeout
 .text.timer_hardware_alarm_claim
                0x100011c4       0x14 CMakeFiles/Marlinspike.dir/home/jg/.pico-sdk/sdk/2.2.0/src/rp2_common/hardware_timer/timer.c.o
                0x100011c4                timer_hardware_alarm_claim
 .text.timer_time_us_64
                0x100011d8       0x10 CMakeFiles/Marlinspike.dir/home/jg/.pico-sdk/sdk/2.2.0/src/rp2_common/hardware_timer/timer.c.o
                0x100011d8                timer_time_us_64
 .text.time_us_64
                0x100011e8       0x14 CMakeFiles/Marlinspike.dir/home/jg/.pico-sdk/sdk/2.2.0/src/rp2_common/hardware_timer/timer.c.o
                0x100011e8                time_us_64
 .text.busy_wait_us
                0x100011fc       0x68 CMakeFiles/Marlinspike.dir/home/jg/.pico-sdk/sdk/2.2.0/src/rp2_common/hardware_timer/timer.c.o
                0x100011fc                busy_wait_us
 .text.uart_init
                0x10001264      0x120 CMakeFiles/Marlinspike.dir/home/jg/.pico-sdk/sdk/2.2.0/src/rp2_common/hardware_uart/uart.c.o
                0x10001264                uart_init
 .text.clock_configure_int_divider
                0x10001384       0xf4 CMakeFiles/Marlinspike.dir/home/jg/.pico-sdk/sdk/2.2.0/src/rp2_common/hardware_clocks/clocks.c.o
                0x10001384                clock_configure_int_divider
 .text.clock_configure_undivided
                0x10001478       0xe8 CMakeFiles/Marlinspike.dir/home/jg/.pico-sdk/sdk/2.2.0/src/rp2_common/hardware_clocks/clocks.c.o
                0x10001478                clock_configure_undivided
 .text.clock_get_hz
                0x10001560        0xc CMakeFiles/Marlinspike.dir/home/jg/.pico-sdk/sdk/2.2.0/src/rp2_common/hardware_clocks/clocks.c.o
                0x10001560                clock_get_hz
 .text.pll_init
                0x1000156c       0xa4 CMakeFiles/Marlinspike.dir/home/jg/.pico-sdk/sdk/2.2.0/src/rp2_common/hardware_pll/pll.c.o
                0x1000156c                pll_init
 .text.tick_start
                0x10001610       0x10 CMakeFiles/Marlinspike.dir/home/jg/.pico-sdk/sdk/2.2.0/src/rp2_common/hardware_ticks/ticks.c.o
                0x10001610                tick_start
 .text.rom_func_lookup
                0x10001620       0x10 CMakeFiles/Marlinspike.dir/home/jg/.pico-sdk/sdk/2.2.0/src/rp2_common/pico_bootrom/bootrom.c.o
                0x10001620                rom_func_lookup
 .text.rom_data_lookup
                0x10001630       0x10 CMakeFiles/Marlinspike.dir/home/jg/.pico-sdk/sdk/2.2.0/src/rp2_common/pico_bootrom/bootrom.c.o
                0x10001630                rom_data_lookup
 .text.rom_funcs_lookup
                0x10001640       0x44 CMakeFiles/Marlinspike.dir/home/jg/.pico-sdk/sdk/2.2.0/src/rp2_common/pico_bootrom/bootrom.c.o
                0x10001640                rom_funcs_lookup
 .text.xosc_init
                0x10001684       0x28 CMakeFiles/Marlinspike.dir/home/jg/.pico-sdk/sdk/2.2.0/src/rp2_common/hardware_xosc/xosc.c.o
                0x10001684                xosc_init
 .text.first_per_core_initializer
                0x100016ac        0x4 CMakeFiles/Marlinspike.dir/home/jg/.pico-sdk/sdk/2.2.0/src/rp2_common/pico_runtime/runtime.c.o
 .text.hard_assertion_failure
                0x100016b0        0xc CMakeFiles/Marlinspike.dir/home/jg/.pico-sdk/sdk/2.2.0/src/rp2_common/pico_runtime/runtime.c.o
                0x100016b0                hard_assertion_failure
 .text.runtime_run_initializers
                0x100016bc       0x28 CMakeFiles/Marlinspike.dir/home/jg/.pico-sdk/sdk/2.2.0/src/rp2_common/pico_runtime/runtime.c.o
                0x100016bc                runtime_run_initializers
 .text.runtime_init_early_resets
                0x100016e4       0x2c CMakeFiles/Marlinspike.dir/home/jg/.pico-sdk/sdk/2.2.0/src/rp2_common/pico_runtime_init/runtime_init.c.o
                0x100016e4                runtime_init_early_resets
 .text.runtime_init_usb_power_down
                0x10001710       0x1c CMakeFiles/Marlinspike.dir/home/jg/.pico-sdk/sdk/2.2.0/src/rp2_common/pico_runtime_init/runtime_init.c.o
                0x10001710                runtime_init_usb_power_down
 .text.runtime_init_post_clock_resets
                0x1000172c       0x20 CMakeFiles/Marlinspike.dir/home/jg/.pico-sdk/sdk/2.2.0/src/rp2_common/pico_runtime_init/runtime_init.c.o
                0x1000172c                runtime_init_post_clock_resets
 .text.runtime_init_rp2040_gpio_ie_disable
                0x1000174c       0x14 CMakeFiles/Marlinspike.dir/home/jg/.pico-sdk/sdk/2.2.0/src/rp2_common/pico_runtime_init/runtime_init.c.o
                0x1000174c                runtime_init_rp2040_gpio_ie_disable
 .text.runtime_init_spin_locks_reset
                0x10001760        0x8 CMakeFiles/Marlinspike.dir/home/jg/.pico-sdk/sdk/2.2.0/src/rp2_common/pico_runtime_init/runtime_init.c.o
                0x10001760                runtime_init_spin_locks_reset
 .text.runtime_init_install_ram_vector_table
                0x10001768       0xb4 CMakeFiles/Marlinspike.dir/home/jg/.pico-sdk/sdk/2.2.0/src/rp2_common/pico_runtime_init/runtime_init.c.o
                0x10001768                runtime_init_install_ram_vector_table
 .text.runtime_init_clocks
                0x1000181c       0xd8 CMakeFiles/Marlinspike.dir/home/jg/.pico-sdk/sdk/2.2.0/src/rp2_common/pico_runtime_init/runtime_init_clocks.c.o
                0x1000181c                runtime_init_clocks
 .text          0x100018f4       0x10 CMakeFiles/Marlinspike.dir/home/jg/.pico-sdk/sdk/2.2.0/src/rp2_common/pico_bit_ops/bit_ops_aeabi.S.o
 .text.__wrap___aeabi_uidiv
                0x10001904       0x4c CMakeFiles/Marlinspike.dir/home/jg/.pico-sdk/sdk/2.2.0/src/rp2_common/pico_divider/divider_hardware.S.o
                0x10001904                __wrap___aeabi_uidiv
                0x10001904                __wrap___aeabi_uidivmod
                0x10001904                div_u32u32
                0x10001904                divmod_u32u32
                0x1000190c                divmod_u32u32_unsafe
                0x10001934                divmod_u32u32_savestate
 .text.__aeabi_double_init
                0x10001950       0xa4 CMakeFiles/Marlinspike.dir/home/jg/.pico-sdk/sdk/2.2.0/src/rp2_common/pico_double/double_init_rom_rp2040.c.o
                0x10001950                __aeabi_double_init
 .text.double_table_shim_on_use_helper
                0x100019f4       0x2c CMakeFiles/Marlinspike.dir/home/jg/.pico-sdk/sdk/2.2.0/src/rp2_common/pico_double/double_v1_rom_shim_rp2040.S.o
                0x100019f4                double_table_shim_on_use_helper
 .text.__aeabi_lmul
                0x10001a20       0x32 CMakeFiles/Marlinspike.dir/home/jg/.pico-sdk/sdk/2.2.0/src/rp2_common/pico_int64_ops/pico_int64_ops_aeabi.S.o
                0x10001a20                __wrap___aeabi_lmul
 *fill*         0x10001a52        0x2 
 .text.__aeabi_float_init
                0x10001a54       0x64 CMakeFiles/Marlinspike.dir/home/jg/.pico-sdk/sdk/2.2.0/src/rp2_common/pico_float/float_init_rom_rp2040.c.o
                0x10001a54                __aeabi_float_init
 .text.float_table_shim_on_use_helper
                0x10001ab8       0x2c CMakeFiles/Marlinspike.dir/home/jg/.pico-sdk/sdk/2.2.0/src/rp2_common/pico_float/float_v1_rom_shim_rp2040.S.o
                0x10001ab8                float_table_shim_on_use_helper
 .text.__wrap_malloc
                0x10001ae4       0x24 CMakeFiles/Marlinspike.dir/home/jg/.pico-sdk/sdk/2.2.0/src/rp2_common/pico_malloc/malloc.c.o
                0x10001ae4                __wrap_malloc
 .text          0x10001b08       0x10 CMakeFiles/Marlinspike.dir/home/jg/.pico-sdk/sdk/2.2.0/src/rp2_common/pico_mem_ops/mem_ops_aeabi.S.o
                0x10001b08                __aeabi_mem_init
 .text.memset   0x10001b18        0xc CMakeFiles/Marlinspike.dir/home/jg/.pico-sdk/sdk/2.2.0/src/rp2_common/pico_mem_ops/mem_ops_aeabi.S.o
                0x10001b18                __wrap_memset
 .text.memcpy   0x10001b24        0xc CMakeFiles/Marlinspike.dir/home/jg/.pico-sdk/sdk/2.2.0/src/rp2_common/pico_mem_ops/mem_ops_aeabi.S.o
                0x10001b24                __wrap___aeabi_memcpy
                0x10001b24                __wrap_memcpy
 .text._out_char
                0x10001b30       0x10 CMakeFiles/Marlinspike.dir/home/jg/.pico-sdk/sdk/2.2.0/src/rp2_common/pico_printf/printf.c.o
 .text.weak_raw_vprintf
                0x10001b40       0x30 CMakeFiles/Marlinspike.dir/home/jg/.pico-sdk/sdk/2.2.0/src/rp2_common/pico_printf/printf.c.o
                0x10001b40                weak_raw_vprintf
 .text._exit    0x10001b70        0x4 CMakeFiles/Marlinspike.dir/home/jg/.pico-sdk/sdk/2.2.0/src/rp2_common/pico_clib_interface/newlib_interface.c.o
                0x10001b70                _exit
 .text._sbrk    0x10001b74       0x34 CMakeFiles/Marlinspike.dir/home/jg/.pico-sdk/sdk/2.2.0/src/rp2_common/pico_clib_interface/newlib_interface.c.o
                0x10001b74                _sbrk
 .text.exit     0x10001ba8        0x8 CMakeFiles/Marlinspike.dir/home/jg/.pico-sdk/sdk/2.2.0/src/rp2_common/pico_clib_interface/newlib_interface.c.o
                0x10001ba8                exit
 .text.runtime_init
                0x10001bb0       0x2c CMakeFiles/Marlinspike.dir/home/jg/.pico-sdk/sdk/2.2.0/src/rp2_common/pico_clib_interface/newlib_interface.c.o
                0x10001bb0                runtime_init
 .text.stdio_out_chars_no_crlf
                0x10001bdc       0x10 CMakeFiles/Marlinspike.dir/home/jg/.pico-sdk/sdk/2.2.0/src/rp2_common/pico_stdio/stdio.c.o
 .text.stdio_out_chars_crlf
                0x10001bec       0xb0 CMakeFiles/Marlinspike.dir/home/jg/.pico-sdk/sdk/2.2.0/src/rp2_common/pico_stdio/stdio.c.o
 .text.stdio_put_string
                0x10001c9c       0xfc CMakeFiles/Marlinspike.dir/home/jg/.pico-sdk/sdk/2.2.0/src/rp2_common/pico_stdio/stdio.c.o
                0x10001c9c                stdio_put_string
 .text.stdio_set_driver_enabled
                0x10001d98       0x30 CMakeFiles/Marlinspike.dir/home/jg/.pico-sdk/sdk/2.2.0/src/rp2_common/pico_stdio/stdio.c.o
                0x10001d98                stdio_set_driver_enabled
 .text.stdio_init_all
                0x10001dc8        0xc CMakeFiles/Marlinspike.dir/home/jg/.pico-sdk/sdk/2.2.0/src/rp2_common/pico_stdio/stdio.c.o
                0x10001dc8                stdio_init_all
 .text.__wrap_putchar
                0x10001dd4       0x94 CMakeFiles/Marlinspike.dir/home/jg/.pico-sdk/sdk/2.2.0/src/rp2_common/pico_stdio/stdio.c.o
                0x10001dd4                stdio_putchar
                0x10001dd4                __wrap_putchar
 .text.__wrap_puts
                0x10001e68       0x3c CMakeFiles/Marlinspike.dir/home/jg/.pico-sdk/sdk/2.2.0/src/rp2_common/pico_stdio/stdio.c.o
                0x10001e68                __wrap_puts
                0x10001e68                stdio_puts
 .text.stdio_uart_out_chars
                0x10001ea4       0x4c CMakeFiles/Marlinspike.dir/home/jg/.pico-sdk/sdk/2.2.0/src/rp2_common/pico_stdio_uart/stdio_uart.c.o
 .text.stdio_uart_in_chars
                0x10001ef0       0x90 CMakeFiles/Marlinspike.dir/home/jg/.pico-sdk/sdk/2.2.0/src/rp2_common/pico_stdio_uart/stdio_uart.c.o
                0x10001ef0                stdio_uart_in_chars
 .text.on_uart_rx
                0x10001f80       0x28 CMakeFiles/Marlinspike.dir/home/jg/.pico-sdk/sdk/2.2.0/src/rp2_common/pico_stdio_uart/stdio_uart.c.o
 .text.stdio_uart_out_flush
                0x10001fa8       0x14 CMakeFiles/Marlinspike.dir/home/jg/.pico-sdk/sdk/2.2.0/src/rp2_common/pico_stdio_uart/stdio_uart.c.o
 .text.stdio_uart_set_chars_available_callback
                0x10001fbc       0x84 CMakeFiles/Marlinspike.dir/home/jg/.pico-sdk/sdk/2.2.0/src/rp2_common/pico_stdio_uart/stdio_uart.c.o
 .text.stdio_uart_init
                0x10002040       0x50 CMakeFiles/Marlinspike.dir/home/jg/.pico-sdk/sdk/2.2.0/src/rp2_common/pico_stdio_uart/stdio_uart.c.o
                0x10002040                stdio_uart_init
 .text.flash_get_unique_id
                0x10002090       0x3c CMakeFiles/Marlinspike.dir/home/jg/.pico-sdk/sdk/2.2.0/src/rp2_common/hardware_flash/flash.c.o
                0x10002090                flash_get_unique_id
 .text.dcd_init
                0x100020cc       0x90 CMakeFiles/Marlinspike.dir/home/jg/.pico-sdk/sdk/2.2.0/lib/tinyusb/src/portable/raspberrypi/rp2040/dcd_rp2040.c.o
                0x100020cc                dcd_init
 .text.dcd_int_enable
                0x1000215c        0xc CMakeFiles/Marlinspike.dir/home/jg/.pico-sdk/sdk/2.2.0/lib/tinyusb/src/portable/raspberrypi/rp2040/dcd_rp2040.c.o
                0x1000215c                dcd_int_enable
 .text.dcd_edpt_open
                0x10002168      0x114 CMakeFiles/Marlinspike.dir/home/jg/.pico-sdk/sdk/2.2.0/lib/tinyusb/src/portable/raspberrypi/rp2040/dcd_rp2040.c.o
                0x10002168                dcd_edpt_open
 .text.dcd_edpt_xfer
                0x1000227c       0x24 CMakeFiles/Marlinspike.dir/home/jg/.pico-sdk/sdk/2.2.0/lib/tinyusb/src/portable/raspberrypi/rp2040/dcd_rp2040.c.o
                0x1000227c                dcd_edpt_xfer
 .text.rp2040_usb_init
                0x100022a0       0x40 CMakeFiles/Marlinspike.dir/home/jg/.pico-sdk/sdk/2.2.0/lib/tinyusb/src/portable/raspberrypi/rp2040/rp2040_usb.c.o
                0x100022a0                rp2040_usb_init
 .text.hw_endpoint_xfer_start
                0x100022e0       0x40 CMakeFiles/Marlinspike.dir/home/jg/.pico-sdk/sdk/2.2.0/lib/tinyusb/src/portable/raspberrypi/rp2040/rp2040_usb.c.o
                0x100022e0                hw_endpoint_xfer_start
 .text.tud_event_hook_cb
                0x10002320        0x4 CMakeFiles/Marlinspike.dir/home/jg/.pico-sdk/sdk/2.2.0/lib/tinyusb/src/device/usbd.c.o
                0x10002320                tud_event_hook_cb
 .text.tud_mounted
                0x10002324       0x10 CMakeFiles/Marlinspike.dir/home/jg/.pico-sdk/sdk/2.2.0/lib/tinyusb/src/device/usbd.c.o
                0x10002324                tud_mounted
 .text.tud_suspended
                0x10002334       0x10 CMakeFiles/Marlinspike.dir/home/jg/.pico-sdk/sdk/2.2.0/lib/tinyusb/src/device/usbd.c.o
                0x10002334                tud_suspended
 .text.tud_rhport_init
                0x10002344       0xec CMakeFiles/Marlinspike.dir/home/jg/.pico-sdk/sdk/2.2.0/lib/tinyusb/src/device/usbd.c.o
                0x10002344                tud_rhport_init
 .text.usbd_open_edpt_pair
                0x10002430       0x9c CMakeFiles/Marlinspike.dir/home/jg/.pico-sdk/sdk/2.2.0/lib/tinyusb/src/device/usbd.c.o
                0x10002430                usbd_open_edpt_pair
 .text.usbd_edpt_open
                0x100024cc       0x34 CMakeFiles/Marlinspike.dir/home/jg/.pico-sdk/sdk/2.2.0/lib/tinyusb/src/device/usbd.c.o
                0x100024cc                usbd_edpt_open
 .text.usbd_edpt_claim
                0x10002500       0x28 CMakeFiles/Marlinspike.dir/home/jg/.pico-sdk/sdk/2.2.0/lib/tinyusb/src/device/usbd.c.o
                0x10002500                usbd_edpt_claim
 .text.usbd_edpt_release
                0x10002528       0x28 CMakeFiles/Marlinspike.dir/home/jg/.pico-sdk/sdk/2.2.0/lib/tinyusb/src/device/usbd.c.o
                0x10002528                usbd_edpt_release
 .text.usbd_edpt_xfer
                0x10002550       0x4c CMakeFiles/Marlinspike.dir/home/jg/.pico-sdk/sdk/2.2.0/lib/tinyusb/src/device/usbd.c.o
                0x10002550                usbd_edpt_xfer
 .text.tud_control_status
                0x1000259c       0x2c CMakeFiles/Marlinspike.dir/home/jg/.pico-sdk/sdk/2.2.0/lib/tinyusb/src/device/usbd_control.c.o
                0x1000259c                tud_control_status
 .text.tud_control_xfer
                0x100025c8       0xa8 CMakeFiles/Marlinspike.dir/home/jg/.pico-sdk/sdk/2.2.0/lib/tinyusb/src/device/usbd_control.c.o
                0x100025c8                tud_control_xfer
 .text._prep_out_transaction.isra.0
                0x10002670       0x70 CMakeFiles/Marlinspike.dir/home/jg/.pico-sdk/sdk/2.2.0/lib/tinyusb/src/class/cdc/cdc_device.c.o
 .text.tud_cdc_n_write_flush
                0x100026e0       0x7c CMakeFiles/Marlinspike.dir/home/jg/.pico-sdk/sdk/2.2.0/lib/tinyusb/src/class/cdc/cdc_device.c.o
                0x100026e0                tud_cdc_n_write_flush
 .text.cdcd_init
                0x1000275c       0x80 CMakeFiles/Marlinspike.dir/home/jg/.pico-sdk/sdk/2.2.0/lib/tinyusb/src/class/cdc/cdc_device.c.o
                0x1000275c                cdcd_init
 .text.cdcd_deinit
                0x100027dc       0x30 CMakeFiles/Marlinspike.dir/home/jg/.pico-sdk/sdk/2.2.0/lib/tinyusb/src/class/cdc/cdc_device.c.o
                0x100027dc                cdcd_deinit
 .text.cdcd_reset
                0x1000280c       0x4c CMakeFiles/Marlinspike.dir/home/jg/.pico-sdk/sdk/2.2.0/lib/tinyusb/src/class/cdc/cdc_device.c.o
                0x1000280c                cdcd_reset
 .text.cdcd_open
                0x10002858       0xa4 CMakeFiles/Marlinspike.dir/home/jg/.pico-sdk/sdk/2.2.0/lib/tinyusb/src/class/cdc/cdc_device.c.o
                0x10002858                cdcd_open
 .text.cdcd_control_xfer_cb
                0x100028fc       0xe8 CMakeFiles/Marlinspike.dir/home/jg/.pico-sdk/sdk/2.2.0/lib/tinyusb/src/class/cdc/cdc_device.c.o
                0x100028fc                cdcd_control_xfer_cb
 .text.cdcd_xfer_cb
                0x100029e4      0x100 CMakeFiles/Marlinspike.dir/home/jg/.pico-sdk/sdk/2.2.0/lib/tinyusb/src/class/cdc/cdc_device.c.o
                0x100029e4                cdcd_xfer_cb
 .text.tu_edpt_claim
                0x10002ae4       0x50 CMakeFiles/Marlinspike.dir/home/jg/.pico-sdk/sdk/2.2.0/lib/tinyusb/src/tusb.c.o
                0x10002ae4                tu_edpt_claim
 .text.tu_edpt_release
                0x10002b34       0x38 CMakeFiles/Marlinspike.dir/home/jg/.pico-sdk/sdk/2.2.0/lib/tinyusb/src/tusb.c.o
                0x10002b34                tu_edpt_release
 .text.tu_edpt_validate
                0x10002b6c       0x7c CMakeFiles/Marlinspike.dir/home/jg/.pico-sdk/sdk/2.2.0/lib/tinyusb/src/tusb.c.o
                0x10002b6c                tu_edpt_validate
 .text.tu_fifo_config
                0x10002be8       0x6c CMakeFiles/Marlinspike.dir/home/jg/.pico-sdk/sdk/2.2.0/lib/tinyusb/src/common/tusb_fifo.c.o
                0x10002be8                tu_fifo_config
 .text.tu_fifo_count
                0x10002c54       0x2c CMakeFiles/Marlinspike.dir/home/jg/.pico-sdk/sdk/2.2.0/lib/tinyusb/src/common/tusb_fifo.c.o
                0x10002c54                tu_fifo_count
 .text.tu_fifo_empty
                0x10002c80       0x10 CMakeFiles/Marlinspike.dir/home/jg/.pico-sdk/sdk/2.2.0/lib/tinyusb/src/common/tusb_fifo.c.o
                0x10002c80                tu_fifo_empty
 .text.tu_fifo_remaining
                0x10002c90       0x2c CMakeFiles/Marlinspike.dir/home/jg/.pico-sdk/sdk/2.2.0/lib/tinyusb/src/common/tusb_fifo.c.o
                0x10002c90                tu_fifo_remaining
 .text.tu_fifo_read_n
                0x10002cbc       0xe8 CMakeFiles/Marlinspike.dir/home/jg/.pico-sdk/sdk/2.2.0/lib/tinyusb/src/common/tusb_fifo.c.o
                0x10002cbc                tu_fifo_read_n
 .text.tu_fifo_write
                0x10002da4       0xa4 CMakeFiles/Marlinspike.dir/home/jg/.pico-sdk/sdk/2.2.0/lib/tinyusb/src/common/tusb_fifo.c.o
                0x10002da4                tu_fifo_write
 .text.tu_fifo_write_n
                0x10002e48      0x178 CMakeFiles/Marlinspike.dir/home/jg/.pico-sdk/sdk/2.2.0/lib/tinyusb/src/common/tusb_fifo.c.o
                0x10002e48                tu_fifo_write_n
 .text.tu_fifo_clear
                0x10002fc0       0x40 CMakeFiles/Marlinspike.dir/home/jg/.pico-sdk/sdk/2.2.0/lib/tinyusb/src/common/tusb_fifo.c.o
                0x10002fc0                tu_fifo_clear
 .text.tu_fifo_set_overwritable
                0x10003000       0x48 CMakeFiles/Marlinspike.dir/home/jg/.pico-sdk/sdk/2.2.0/lib/tinyusb/src/common/tusb_fifo.c.o
                0x10003000                tu_fifo_set_overwritable
 .text.startup._retrieve_unique_id_on_boot
                0x10003048       0x10 CMakeFiles/Marlinspike.dir/home/jg/.pico-sdk/sdk/2.2.0/src/rp2_common/pico_unique_id/unique_id.c.o
 .text.malloc   0x10003058       0x14 /home/jg/.pico-sdk/toolchain/14_2_Rel1/bin/../lib/gcc/arm-none-eabi/14.2.1/../../../../arm-none-eabi/lib/thumb/v6-m/nofp/libg.a(libc_a-malloc.o)
                0x10003058                malloc
 .text._malloc_r
                0x1000306c      0x5cc /home/jg/.pico-sdk/toolchain/14_2_Rel1/bin/../lib/gcc/arm-none-eabi/14.2.1/../../../../arm-none-eabi/lib/thumb/v6-m/nofp/libg.a(libc_a-mallocr.o)
                0x1000306c                _malloc_r
 .text.__malloc_lock
                0x10003638       0x10 /home/jg/.pico-sdk/toolchain/14_2_Rel1/bin/../lib/gcc/arm-none-eabi/14.2.1/../../../../arm-none-eabi/lib/thumb/v6-m/nofp/libg.a(libc_a-mlock.o)
                0x10003638                __malloc_lock
 .text.__malloc_unlock
                0x10003648       0x10 /home/jg/.pico-sdk/toolchain/14_2_Rel1/bin/../lib/gcc/arm-none-eabi/14.2.1/../../../../arm-none-eabi/lib/thumb/v6-m/nofp/libg.a(libc_a-mlock.o)
                0x10003648                __malloc_unlock
 .text._sbrk_r  0x10003658       0x24 /home/jg/.pico-sdk/toolchain/14_2_Rel1/bin/../lib/gcc/arm-none-eabi/14.2.1/../../../../arm-none-eabi/lib/thumb/v6-m/nofp/libg.a(libc_a-sbrkr.o)
                0x10003658                _sbrk_r
 .text.__errno  0x1000367c        0xc /home/jg/.pico-sdk/toolchain/14_2_Rel1/bin/../lib/gcc/arm-none-eabi/14.2.1/../../../../arm-none-eabi/lib/thumb/v6-m/nofp/libg.a(libc_a-errno.o)
                0x1000367c                __errno
 .text.__retarget_lock_acquire_recursive
                0x10003688        0x4 /home/jg/.pico-sdk/toolchain/14_2_Rel1/bin/../lib/gcc/arm-none-eabi/14.2.1/../../../../arm-none-eabi/lib/thumb/v6-m/nofp/libg.a(libc_a-lock.o)
                0x10003688                __retarget_lock_acquire_recursive
 .text.__retarget_lock_release_recursive
                0x1000368c        0x4 /home/jg/.pico-sdk/toolchain/14_2_Rel1/bin/../lib/gcc/arm-none-eabi/14.2.1/../../../../arm-none-eabi/lib/thumb/v6-m/nofp/libg.a(libc_a-lock.o)
                0x1000368c                __retarget_lock_release_recursive
 .text.sysconf  0x10003690       0x1c /home/jg/.pico-sdk/toolchain/14_2_Rel1/bin/../lib/gcc/arm-none-eabi/14.2.1/../../../../arm-none-eabi/lib/thumb/v6-m/nofp/libg.a(libc_a-sysconf.o)
                0x10003690                sysconf
 .text.strcpy   0x100036ac       0x10 /home/jg/.pico-sdk/toolchain/14_2_Rel1/bin/../lib/gcc/arm-none-eabi/14.2.1/../../../../arm-none-eabi/lib/thumb/v6-m/nofp/libg.a(libc_a-strcpy.o)
                0x100036ac                strcpy
 .text.strlen   0x100036bc       0x5c /home/jg/.pico-sdk/toolchain/14_2_Rel1/bin/../lib/gcc/arm-none-eabi/14.2.1/../../../../arm-none-eabi/lib/thumb/v6-m/nofp/libg.a(libc_a-strlen-stub.o)
                0x100036bc                strlen
 .text._malloc_trim_r
                0x10003718       0xb4 /home/jg/.pico-sdk/toolchain/14_2_Rel1/bin/../lib/gcc/arm-none-eabi/14.2.1/../../../../arm-none-eabi/lib/thumb/v6-m/nofp/libg.a(libc_a-freer.o)
                0x10003718                _malloc_trim_r
 .text._free_r  0x100037cc      0x1f0 /home/jg/.pico-sdk/toolchain/14_2_Rel1/bin/../lib/gcc/arm-none-eabi/14.2.1/../../../../arm-none-eabi/lib/thumb/v6-m/nofp/libg.a(libc_a-freer.o)
                0x100037cc                _free_r
 *(.fini)
 .fini          0x100039bc        0x4 /home/jg/.pico-sdk/toolchain/14_2_Rel1/bin/../lib/gcc/arm-none-eabi/14.2.1/thumb/v6-m/nofp/crti.o
                0x100039bc                _fini
 .fini.__stub   0x100039c0       0x90 linker stubs
 *crtbegin.o(.ctors)
 *crtbegin?.o(.ctors)
 *(EXCLUDE_FILE(*crtend.o *crtend?.o) .ctors)
 *(SORT_BY_NAME(.ctors.*))
 *(.ctors)
 *crtbegin.o(.dtors)
 *crtbegin?.o(.dtors)
 *(EXCLUDE_FILE(*crtend.o *crtend?.o) .dtors)
 *(SORT_BY_NAME(.dtors.*))
 *(.dtors)
                0x10003a50                        . = ALIGN (0x4)
                0x10003a50                        PROVIDE (__preinit_array_start = .)
 *(SORT_BY_NAME(.preinit_array.*))
 .preinit_array.00100
                0x10003a50        0x4 CMakeFiles/Marlinspike.dir/home/jg/.pico-sdk/sdk/2.2.0/src/rp2_common/pico_runtime_init/runtime_init.c.o
                0x10003a50                __pre_init_runtime_init_early_resets
 .preinit_array.00101
                0x10003a54        0x4 CMakeFiles/Marlinspike.dir/home/jg/.pico-sdk/sdk/2.2.0/src/rp2_common/pico_runtime_init/runtime_init.c.o
                0x10003a54                __pre_init_runtime_init_usb_power_down
 .preinit_array.00275
                0x10003a58        0x4 CMakeFiles/Marlinspike.dir/home/jg/.pico-sdk/sdk/2.2.0/src/rp2_common/pico_bit_ops/bit_ops_aeabi.S.o
 .preinit_array.00300
                0x10003a5c        0x4 CMakeFiles/Marlinspike.dir/home/jg/.pico-sdk/sdk/2.2.0/src/rp2_common/pico_mem_ops/mem_ops_aeabi.S.o
 .preinit_array.00350
                0x10003a60        0x4 CMakeFiles/Marlinspike.dir/home/jg/.pico-sdk/sdk/2.2.0/src/rp2_common/pico_double/double_aeabi_rp2040.S.o
 .preinit_array.00350
                0x10003a64        0x4 CMakeFiles/Marlinspike.dir/home/jg/.pico-sdk/sdk/2.2.0/src/rp2_common/pico_float/float_aeabi_rp2040.S.o
 .preinit_array.00500
                0x10003a68        0x4 CMakeFiles/Marlinspike.dir/home/jg/.pico-sdk/sdk/2.2.0/src/rp2_common/pico_runtime_init/runtime_init.c.o
                0x10003a68                __pre_init_runtime_init_clocks
 .preinit_array.00600
                0x10003a6c        0x4 CMakeFiles/Marlinspike.dir/home/jg/.pico-sdk/sdk/2.2.0/src/rp2_common/pico_runtime_init/runtime_init.c.o
                0x10003a6c                __pre_init_runtime_init_post_clock_resets
 .preinit_array.00700
                0x10003a70        0x4 CMakeFiles/Marlinspike.dir/home/jg/.pico-sdk/sdk/2.2.0/src/rp2_common/pico_runtime_init/runtime_init.c.o
                0x10003a70                __pre_init_runtime_init_rp2040_gpio_ie_disable
 .preinit_array.01000
                0x10003a74        0x4 CMakeFiles/Marlinspike.dir/home/jg/.pico-sdk/sdk/2.2.0/src/rp2_common/pico_runtime_init/runtime_init.c.o
                0x10003a74                __pre_init_runtime_init_spin_locks_reset
 .preinit_array.01100
                0x10003a78        0x4 CMakeFiles/Marlinspike.dir/home/jg/.pico-sdk/sdk/2.2.0/src/common/pico_sync/mutex.c.o
                0x10003a78                __pre_init_runtime_init_mutex
 .preinit_array.10080
                0x10003a7c        0x4 CMakeFiles/Marlinspike.dir/home/jg/.pico-sdk/sdk/2.2.0/src/rp2_common/pico_runtime_init/runtime_init.c.o
                0x10003a7c                __pre_init_runtime_init_install_ram_vector_table
 .preinit_array.11000
                0x10003a80        0x4 CMakeFiles/Marlinspike.dir/home/jg/.pico-sdk/sdk/2.2.0/src/common/pico_time/time.c.o
                0x10003a80                __pre_init_runtime_init_default_alarm_pool
 .preinit_array.YYYYY
                0x10003a84        0x4 CMakeFiles/Marlinspike.dir/home/jg/.pico-sdk/sdk/2.2.0/src/rp2_common/pico_runtime/runtime.c.o
                0x10003a84                __pre_init_first_per_core_initializer
 .preinit_array.ZZZZZ.01200
                0x10003a88        0x4 CMakeFiles/Marlinspike.dir/home/jg/.pico-sdk/sdk/2.2.0/src/rp2_common/hardware_irq/irq.c.o
                0x10003a88                __pre_init_runtime_init_per_core_irq_priorities
 *(.preinit_array)
                0x10003a8c                        PROVIDE (__preinit_array_end = .)
                0x10003a8c                        . = ALIGN (0x4)
                0x10003a8c                        PROVIDE (__init_array_start = .)
 *(SORT_BY_NAME(.init_array.*))
 .init_array.01000
                0x10003a8c        0x4 CMakeFiles/Marlinspike.dir/home/jg/.pico-sdk/sdk/2.2.0/src/rp2_common/pico_unique_id/unique_id.c.o
 *(.init_array)
 .init_array    0x10003a90        0x4 /home/jg/.pico-sdk/toolchain/14_2_Rel1/bin/../lib/gcc/arm-none-eabi/14.2.1/thumb/v6-m/nofp/crtbegin.o
 .init_array    0x10003a94        0x4 CMakeFiles/Marlinspike.dir/RoboCore_main.cpp.o
 .init_array    0x10003a98        0x4 CMakeFiles/Marlinspike.dir/HardwareSerial.cpp.o
                0x10003a9c                        PROVIDE (__init_array_end = .)
                0x10003a9c                        . = ALIGN (0x4)
                [!provide]                        PROVIDE (__fini_array_start = .)
 *(SORT_BY_NAME(.fini_array.*))
 *(.fini_array)
                [!provide]                        PROVIDE (__fini_array_end = .)
 *(.eh_frame*)
 .eh_frame      0x10003a9c        0x0 /home/jg/.pico-sdk/toolchain/14_2_Rel1/bin/../lib/gcc/arm-none-eabi/14.2.1/thumb/v6-m/nofp/crtbegin.o
                0x10003a9c                        . = ALIGN (0x4)

.glue_7         0x10003a9c        0x0
 .glue_7        0x10003a9c        0x0 linker stubs

.glue_7t        0x10003a9c        0x0
 .glue_7t       0x10003a9c        0x0 linker stubs

.vfp11_veneer   0x10003a9c        0x0
 .vfp11_veneer  0x10003a9c        0x0 linker stubs

.v4_bx          0x10003a9c        0x0
 .v4_bx         0x10003a9c        0x0 linker stubs

.iplt           0x10003a9c        0x0
 .iplt          0x10003a9c        0x0 /home/jg/.pico-sdk/toolchain/14_2_Rel1/bin/../lib/gcc/arm-none-eabi/14.2.1/thumb/v6-m/nofp/crtbegin.o

.rodata         0x10003a9c      0x220
 *(EXCLUDE_FILE(*libm.a: *libc.a:*lib_a-mem*.o *libgcc.a:) .rodata*)
 .rodata._GLOBAL__sub_I_starttime.str1.4
                0x10003a9c      0x13c CMakeFiles/Marlinspike.dir/RoboCore_main.cpp.o
                                  0x1 (size before relaxing)
 .rodata._ZTV14HardwareSerial
                0x10003bd8       0x20 CMakeFiles/Marlinspike.dir/HardwareSerial.cpp.o
                0x10003bd8                vtable for HardwareSerial
 .rodata.panic.str1.4
                0x10003bf8       0x12 CMakeFiles/Marlinspike.dir/home/jg/.pico-sdk/sdk/2.2.0/src/rp2_common/pico_platform_panic/panic.c.o
 .rodata.spin_lock_claim_unused.str1.4
                0x10003bf8       0x1b CMakeFiles/Marlinspike.dir/home/jg/.pico-sdk/sdk/2.2.0/src/rp2_common/hardware_sync/sync.c.o
 .rodata.timer_hardware_alarm_claim.str1.4
                0x10003bf8       0x22 CMakeFiles/Marlinspike.dir/home/jg/.pico-sdk/sdk/2.2.0/src/rp2_common/hardware_timer/timer.c.o
 .rodata.hard_assertion_failure.str1.4
                0x10003bf8        0xc CMakeFiles/Marlinspike.dir/home/jg/.pico-sdk/sdk/2.2.0/src/rp2_common/pico_runtime/runtime.c.o
 .rodata.__wrap_malloc.str1.4
                0x10003bf8        0xe CMakeFiles/Marlinspike.dir/home/jg/.pico-sdk/sdk/2.2.0/src/rp2_common/pico_malloc/malloc.c.o
 .rodata.str1.4
                0x10003bf8       0x40 CMakeFiles/Marlinspike.dir/home/jg/.pico-sdk/sdk/2.2.0/src/rp2_common/pico_standard_binary_info/standard_binary_info.c.o
 .rodata.__bi_84
                0x10003bf8        0xc CMakeFiles/Marlinspike.dir/home/jg/.pico-sdk/sdk/2.2.0/src/rp2_common/pico_standard_binary_info/standard_binary_info.c.o
 .rodata.__bi_78
                0x10003c04        0xc CMakeFiles/Marlinspike.dir/home/jg/.pico-sdk/sdk/2.2.0/src/rp2_common/pico_standard_binary_info/standard_binary_info.c.o
 .rodata.__bi_54
                0x10003c10        0xc CMakeFiles/Marlinspike.dir/home/jg/.pico-sdk/sdk/2.2.0/src/rp2_common/pico_standard_binary_info/standard_binary_info.c.o
 .rodata.__bi_48
                0x10003c1c        0xc CMakeFiles/Marlinspike.dir/home/jg/.pico-sdk/sdk/2.2.0/src/rp2_common/pico_standard_binary_info/standard_binary_info.c.o
 .rodata.__bi_42
                0x10003c28        0xc CMakeFiles/Marlinspike.dir/home/jg/.pico-sdk/sdk/2.2.0/src/rp2_common/pico_standard_binary_info/standard_binary_info.c.o
 .rodata.__bi_34
                0x10003c34        0xc CMakeFiles/Marlinspike.dir/home/jg/.pico-sdk/sdk/2.2.0/src/rp2_common/pico_standard_binary_info/standard_binary_info.c.o
 .rodata.__bi_26
                0x10003c40        0xc CMakeFiles/Marlinspike.dir/home/jg/.pico-sdk/sdk/2.2.0/src/rp2_common/pico_standard_binary_info/standard_binary_info.c.o
 .rodata.crlf_str.0
                0x10003c4c        0x2 CMakeFiles/Marlinspike.dir/home/jg/.pico-sdk/sdk/2.2.0/src/rp2_common/pico_stdio/stdio.c.o
 .rodata.str1.4
                0x10003c4e       0x2c CMakeFiles/Marlinspike.dir/home/jg/.pico-sdk/sdk/2.2.0/src/rp2_common/pico_stdio_uart/stdio_uart.c.o
 *fill*         0x10003c4e        0x2 
 .rodata.__bi_45.4
                0x10003c50        0xc CMakeFiles/Marlinspike.dir/home/jg/.pico-sdk/sdk/2.2.0/src/rp2_common/pico_stdio_uart/stdio_uart.c.o
 .rodata.__bi_49.5
                0x10003c5c        0x8 CMakeFiles/Marlinspike.dir/home/jg/.pico-sdk/sdk/2.2.0/src/rp2_common/pico_stdio_uart/stdio_uart.c.o
 .rodata.__bi_50.6
                0x10003c64        0x8 CMakeFiles/Marlinspike.dir/home/jg/.pico-sdk/sdk/2.2.0/src/rp2_common/pico_stdio_uart/stdio_uart.c.o
 .rodata.str1.4
                0x10003c6c       0x14 CMakeFiles/Marlinspike.dir/home/jg/.pico-sdk/sdk/2.2.0/lib/tinyusb/src/portable/raspberrypi/rp2040/dcd_rp2040.c.o
 .rodata.str1.4
                0x10003c6c       0x48 CMakeFiles/Marlinspike.dir/home/jg/.pico-sdk/sdk/2.2.0/lib/tinyusb/src/portable/raspberrypi/rp2040/rp2040_usb.c.o
 .rodata        0x10003c6c       0x1c CMakeFiles/Marlinspike.dir/home/jg/.pico-sdk/sdk/2.2.0/lib/tinyusb/src/device/usbd.c.o
 .rodata._usbd_driver
                0x10003c88       0x20 CMakeFiles/Marlinspike.dir/home/jg/.pico-sdk/sdk/2.2.0/lib/tinyusb/src/device/usbd.c.o
 .rodata.str1.4
                0x10003ca8        0x4 CMakeFiles/Marlinspike.dir/home/jg/.pico-sdk/sdk/2.2.0/lib/tinyusb/hw/bsp/rp2040/family.c.o
 .rodata.__bi_153.0
                0x10003ca8        0xc CMakeFiles/Marlinspike.dir/home/jg/.pico-sdk/sdk/2.2.0/lib/tinyusb/hw/bsp/rp2040/family.c.o
 .rodata.__bi_163.1
                0x10003cb4        0x8 CMakeFiles/Marlinspike.dir/home/jg/.pico-sdk/sdk/2.2.0/lib/tinyusb/hw/bsp/rp2040/family.c.o
                0x10003cbc                        . = ALIGN (0x4)
 *(SORT_BY_ALIGNMENT(SORT_BY_NAME(.flashdata*)))
                0x10003cbc                        . = ALIGN (0x4)

.ARM.extab
 *(.ARM.extab* .gnu.linkonce.armextab.*)
                0x10003cbc                        __exidx_start = .

.ARM.exidx
 *(.ARM.exidx* .gnu.linkonce.armexidx.*)
                0x10003cbc                        __exidx_end = .
                0x10003cbc                        . = ALIGN (0x4)
                0x10003cbc                        __binary_info_start = .

.binary_info    0x10003cbc       0x30
 *(.binary_info.keep.*)
 .binary_info.keep.__bi_ptr84
                0x10003cbc        0x4 CMakeFiles/Marlinspike.dir/home/jg/.pico-sdk/sdk/2.2.0/src/rp2_common/pico_standard_binary_info/standard_binary_info.c.o
 .binary_info.keep.__bi_ptr78
                0x10003cc0        0x4 CMakeFiles/Marlinspike.dir/home/jg/.pico-sdk/sdk/2.2.0/src/rp2_common/pico_standard_binary_info/standard_binary_info.c.o
 .binary_info.keep.__bi_ptr54
                0x10003cc4        0x4 CMakeFiles/Marlinspike.dir/home/jg/.pico-sdk/sdk/2.2.0/src/rp2_common/pico_standard_binary_info/standard_binary_info.c.o
 .binary_info.keep.__bi_ptr48
                0x10003cc8        0x4 CMakeFiles/Marlinspike.dir/home/jg/.pico-sdk/sdk/2.2.0/src/rp2_common/pico_standard_binary_info/standard_binary_info.c.o
 .binary_info.keep.__bi_ptr42
                0x10003ccc        0x4 CMakeFiles/Marlinspike.dir/home/jg/.pico-sdk/sdk/2.2.0/src/rp2_common/pico_standard_binary_info/standard_binary_info.c.o
 .binary_info.keep.__bi_ptr34
                0x10003cd0        0x4 CMakeFiles/Marlinspike.dir/home/jg/.pico-sdk/sdk/2.2.0/src/rp2_common/pico_standard_binary_info/standard_binary_info.c.o
 .binary_info.keep.__bi_ptr26
                0x10003cd4        0x4 CMakeFiles/Marlinspike.dir/home/jg/.pico-sdk/sdk/2.2.0/src/rp2_common/pico_standard_binary_info/standard_binary_info.c.o
 .binary_info.keep.__bi_ptr163
                0x10003cd8        0x4 CMakeFiles/Marlinspike.dir/home/jg/.pico-sdk/sdk/2.2.0/lib/tinyusb/hw/bsp/rp2040/family.c.o
 .binary_info.keep.__bi_ptr153
                0x10003cdc        0x4 CMakeFiles/Marlinspike.dir/home/jg/.pico-sdk/sdk/2.2.0/lib/tinyusb/hw/bsp/rp2040/family.c.o
 *(.binary_info.*)
 .binary_info.__bi_ptr50
                0x10003ce0        0x4 CMakeFiles/Marlinspike.dir/home/jg/.pico-sdk/sdk/2.2.0/src/rp2_common/pico_stdio_uart/stdio_uart.c.o
 .binary_info.__bi_ptr49
                0x10003ce4        0x4 CMakeFiles/Marlinspike.dir/home/jg/.pico-sdk/sdk/2.2.0/src/rp2_common/pico_stdio_uart/stdio_uart.c.o
 .binary_info.__bi_ptr45
                0x10003ce8        0x4 CMakeFiles/Marlinspike.dir/home/jg/.pico-sdk/sdk/2.2.0/src/rp2_common/pico_stdio_uart/stdio_uart.c.o
                0x10003cec                        __binary_info_end = .
                0x10003cec                        . = ALIGN (0x4)

.ram_vector_table
                0x20000000       0xc0
 *(.ram_vector_table)
 .ram_vector_table
                0x20000000       0xc0 CMakeFiles/Marlinspike.dir/home/jg/.pico-sdk/sdk/2.2.0/src/rp2_common/pico_runtime_init/runtime_init.c.o
                0x20000000                ram_vector_table

.uninitialized_data
                0x200000c0        0x0
                0x200000c0                        . = ALIGN (0x4)
 *(.uninitialized_data*)

.data           0x200000c0     0x1508 load address 0x10003cec
                0x200000c0                        __data_start__ = .
 *(vtable)
 *(.time_critical*)
 .time_critical.mutex_try_enter_block_until
                0x200000c0       0x98 CMakeFiles/Marlinspike.dir/home/jg/.pico-sdk/sdk/2.2.0/src/common/pico_sync/mutex.c.o
                0x200000c0                mutex_try_enter_block_until
 .time_critical.mutex_enter_timeout_ms
                0x20000158       0x8c CMakeFiles/Marlinspike.dir/home/jg/.pico-sdk/sdk/2.2.0/src/common/pico_sync/mutex.c.o
                0x20000158                mutex_enter_timeout_ms
 .time_critical.mutex_exit
                0x200001e4       0x28 CMakeFiles/Marlinspike.dir/home/jg/.pico-sdk/sdk/2.2.0/src/common/pico_sync/mutex.c.o
                0x200001e4                mutex_exit
 .time_critical.flash_init_boot2_copyout
                0x2000020c       0x30 CMakeFiles/Marlinspike.dir/home/jg/.pico-sdk/sdk/2.2.0/src/rp2_common/hardware_flash/flash.c.o
 .time_critical.flash_enable_xip_via_boot2
                0x2000023c        0xc CMakeFiles/Marlinspike.dir/home/jg/.pico-sdk/sdk/2.2.0/src/rp2_common/hardware_flash/flash.c.o
 .time_critical.flash_save_hardware_state
                0x20000248       0x20 CMakeFiles/Marlinspike.dir/home/jg/.pico-sdk/sdk/2.2.0/src/rp2_common/hardware_flash/flash.c.o
 .time_critical.flash_restore_hardware_state
                0x20000268       0x20 CMakeFiles/Marlinspike.dir/home/jg/.pico-sdk/sdk/2.2.0/src/rp2_common/hardware_flash/flash.c.o
 .time_critical.flash_cs_force
                0x20000288       0x38 CMakeFiles/Marlinspike.dir/home/jg/.pico-sdk/sdk/2.2.0/src/rp2_common/hardware_flash/flash.c.o
 .time_critical.flash_do_cmd
                0x200002c0      0x13c CMakeFiles/Marlinspike.dir/home/jg/.pico-sdk/sdk/2.2.0/src/rp2_common/hardware_flash/flash.c.o
                0x200002c0                flash_do_cmd
 .time_critical.reset_non_control_endpoints
                0x200003fc       0x68 CMakeFiles/Marlinspike.dir/home/jg/.pico-sdk/sdk/2.2.0/lib/tinyusb/src/portable/raspberrypi/rp2040/dcd_rp2040.c.o
 .time_critical.hw_handle_buff_status
                0x20000464       0xa0 CMakeFiles/Marlinspike.dir/home/jg/.pico-sdk/sdk/2.2.0/lib/tinyusb/src/portable/raspberrypi/rp2040/dcd_rp2040.c.o
 .time_critical.dcd_rp2040_irq
                0x20000504      0x548 CMakeFiles/Marlinspike.dir/home/jg/.pico-sdk/sdk/2.2.0/lib/tinyusb/src/portable/raspberrypi/rp2040/dcd_rp2040.c.o
 .time_critical.prepare_ep_buffer
                0x20000a4c       0xc8 CMakeFiles/Marlinspike.dir/home/jg/.pico-sdk/sdk/2.2.0/lib/tinyusb/src/portable/raspberrypi/rp2040/rp2040_usb.c.o
 .time_critical.sync_ep_buffer
                0x20000b14       0x9c CMakeFiles/Marlinspike.dir/home/jg/.pico-sdk/sdk/2.2.0/lib/tinyusb/src/portable/raspberrypi/rp2040/rp2040_usb.c.o
 .time_critical._hw_endpoint_xfer_sync
                0x20000bb0       0x28 CMakeFiles/Marlinspike.dir/home/jg/.pico-sdk/sdk/2.2.0/lib/tinyusb/src/portable/raspberrypi/rp2040/rp2040_usb.c.o
 .time_critical.e15_is_bulkin_ep
                0x20000bd8       0x28 CMakeFiles/Marlinspike.dir/home/jg/.pico-sdk/sdk/2.2.0/lib/tinyusb/src/portable/raspberrypi/rp2040/rp2040_usb.c.o
 .time_critical.e15_is_critical_frame_period
                0x20000c00       0x34 CMakeFiles/Marlinspike.dir/home/jg/.pico-sdk/sdk/2.2.0/lib/tinyusb/src/portable/raspberrypi/rp2040/rp2040_usb.c.o
 .time_critical.hw_endpoint_reset_transfer
                0x20000c34        0xc CMakeFiles/Marlinspike.dir/home/jg/.pico-sdk/sdk/2.2.0/lib/tinyusb/src/portable/raspberrypi/rp2040/rp2040_usb.c.o
                0x20000c34                hw_endpoint_reset_transfer
 .time_critical._hw_endpoint_buffer_control_update32
                0x20000c40       0x50 CMakeFiles/Marlinspike.dir/home/jg/.pico-sdk/sdk/2.2.0/lib/tinyusb/src/portable/raspberrypi/rp2040/rp2040_usb.c.o
                0x20000c40                _hw_endpoint_buffer_control_update32
 .time_critical.hw_endpoint_start_next_buffer
                0x20000c90       0x68 CMakeFiles/Marlinspike.dir/home/jg/.pico-sdk/sdk/2.2.0/lib/tinyusb/src/portable/raspberrypi/rp2040/rp2040_usb.c.o
                0x20000c90                hw_endpoint_start_next_buffer
 .time_critical.hw_endpoint_xfer_continue
                0x20000cf8       0x40 CMakeFiles/Marlinspike.dir/home/jg/.pico-sdk/sdk/2.2.0/lib/tinyusb/src/portable/raspberrypi/rp2040/rp2040_usb.c.o
                0x20000cf8                hw_endpoint_xfer_continue
 .time_critical.tinyusb
                0x20000d38      0x1e0 CMakeFiles/Marlinspike.dir/home/jg/.pico-sdk/sdk/2.2.0/lib/tinyusb/src/device/usbd.c.o
                0x20000d38                dcd_event_handler
 *(.text*)
 .text          0x20000f18        0x4 /home/jg/.pico-sdk/toolchain/14_2_Rel1/bin/../lib/gcc/arm-none-eabi/14.2.1/thumb/v6-m/nofp/libgcc.a(_dvmd_tls.o)
                0x20000f18                __aeabi_ldiv0
                0x20000f18                __aeabi_idiv0
 *fill*         0x20000f1c        0x4 
 .text.__stub   0x20000f20       0x80 linker stubs
                0x20000fa0                        . = ALIGN (0x4)
 *(.rodata*)
                0x20000fa0                        . = ALIGN (0x4)
 *(.data*)
 .data.striped_spin_lock_num
                0x20000fa0        0x1 CMakeFiles/Marlinspike.dir/home/jg/.pico-sdk/sdk/2.2.0/src/rp2_common/hardware_sync/sync.c.o
 *fill*         0x20000fa1        0x3 
 .data          0x20000fa4       0x48 CMakeFiles/Marlinspike.dir/home/jg/.pico-sdk/sdk/2.2.0/src/rp2_common/hardware_irq/irq_handler_chain.S.o
                0x20000fa4                irq_handler_chain_slots
                0x20000fd4                irq_handler_chain_first_slot
                0x20000fde                irq_handler_chain_remove_tail
 .data.default_alarm_pool
                0x20000fec       0x18 CMakeFiles/Marlinspike.dir/home/jg/.pico-sdk/sdk/2.2.0/src/common/pico_time/time.c.o
 *fill*         0x20001004        0xc 
 .data.aeabi_bits_funcs
                0x20001010       0x10 CMakeFiles/Marlinspike.dir/home/jg/.pico-sdk/sdk/2.2.0/src/rp2_common/pico_bit_ops/bit_ops_aeabi.S.o
                0x20001010                aeabi_bits_funcs
                0x20001020                aeabi_bits_funcs_end
 .data.aeabi_mem_funcs
                0x20001020       0x10 CMakeFiles/Marlinspike.dir/home/jg/.pico-sdk/sdk/2.2.0/src/rp2_common/pico_mem_ops/mem_ops_aeabi.S.o
                0x20001020                aeabi_mem_funcs
                0x20001030                aeabi_mem_funcs_end
 .data.stdio_uart
                0x20001030       0x18 CMakeFiles/Marlinspike.dir/home/jg/.pico-sdk/sdk/2.2.0/src/rp2_common/pico_stdio_uart/stdio_uart.c.o
                0x20001030                stdio_uart
 .data._usbd_qdef
                0x20001048       0x1c CMakeFiles/Marlinspike.dir/home/jg/.pico-sdk/sdk/2.2.0/lib/tinyusb/src/device/usbd.c.o
                0x20001048                _usbd_qdef
 .data._usbd_rhport
                0x20001064        0x1 CMakeFiles/Marlinspike.dir/home/jg/.pico-sdk/sdk/2.2.0/lib/tinyusb/src/device/usbd.c.o
 *fill*         0x20001065        0x3 
 .data.__malloc_sbrk_base
                0x20001068        0x4 /home/jg/.pico-sdk/toolchain/14_2_Rel1/bin/../lib/gcc/arm-none-eabi/14.2.1/../../../../arm-none-eabi/lib/thumb/v6-m/nofp/libg.a(libc_a-mallocr.o)
                0x20001068                __malloc_sbrk_base
 .data.__malloc_trim_threshold
                0x2000106c        0x4 /home/jg/.pico-sdk/toolchain/14_2_Rel1/bin/../lib/gcc/arm-none-eabi/14.2.1/../../../../arm-none-eabi/lib/thumb/v6-m/nofp/libg.a(libc_a-mallocr.o)
                0x2000106c                __malloc_trim_threshold
 .data.__malloc_av_
                0x20001070      0x408 /home/jg/.pico-sdk/toolchain/14_2_Rel1/bin/../lib/gcc/arm-none-eabi/14.2.1/../../../../arm-none-eabi/lib/thumb/v6-m/nofp/libg.a(libc_a-mallocr.o)
                0x20001070                __malloc_av_
 .data._impure_ptr
                0x20001478        0x4 /home/jg/.pico-sdk/toolchain/14_2_Rel1/bin/../lib/gcc/arm-none-eabi/14.2.1/../../../../arm-none-eabi/lib/thumb/v6-m/nofp/libg.a(libc_a-impure.o)
                0x20001478                _impure_ptr
 *fill*         0x2000147c        0x4 
 .data._impure_data
                0x20001480      0x140 /home/jg/.pico-sdk/toolchain/14_2_Rel1/bin/../lib/gcc/arm-none-eabi/14.2.1/../../../../arm-none-eabi/lib/thumb/v6-m/nofp/libg.a(libc_a-impure.o)
                0x20001480                _impure_data
                0x200015c0                        . = ALIGN (0x4)
 *(.after_data.*)
                0x200015c0                        . = ALIGN (0x4)
                0x200015c0                        PROVIDE (__mutex_array_start = .)
 *(SORT_BY_NAME(.mutex_array.*))
 *(.mutex_array)
 .mutex_array   0x200015c0        0x8 CMakeFiles/Marlinspike.dir/home/jg/.pico-sdk/sdk/2.2.0/src/rp2_common/pico_stdio/stdio.c.o
                0x200015c8                        PROVIDE (__mutex_array_end = .)
                0x200015c8                        . = ALIGN (0x4)
 *(.jcr)
                0x200015c8                        . = ALIGN (0x4)

.tm_clone_table
                0x200015c8        0x0 load address 0x100051f4
 .tm_clone_table
                0x200015c8        0x0 /home/jg/.pico-sdk/toolchain/14_2_Rel1/bin/../lib/gcc/arm-none-eabi/14.2.1/thumb/v6-m/nofp/crtbegin.o
 .tm_clone_table
                0x200015c8        0x0 /home/jg/.pico-sdk/toolchain/14_2_Rel1/bin/../lib/gcc/arm-none-eabi/14.2.1/thumb/v6-m/nofp/crtend.o

.igot.plt       0x200015c8        0x0 load address 0x100051f4
 .igot.plt      0x200015c8        0x0 /home/jg/.pico-sdk/toolchain/14_2_Rel1/bin/../lib/gcc/arm-none-eabi/14.2.1/thumb/v6-m/nofp/crtbegin.o

.tdata          0x200015c8        0x0 load address 0x100051f4
                0x200015c8                        . = ALIGN (0x4)
 *(.tdata .tdata.* .gnu.linkonce.td.*)
                0x200015c8                        __tdata_end = .
                0x200015c8                        PROVIDE (__data_end__ = .)
                0x10003cec                        __etext = LOADADDR (.data)

.tbss           0x200015c8        0x0 load address 0x100051f4
                0x200015c8                        . = ALIGN (0x4)
                0x200015c8                        __bss_start__ = .
                0x200015c8                        __tls_base = .
 *(.tbss .tbss.* .gnu.linkonce.tb.*)
 *(.tcommon)
                0x200015c8                        __tls_end = .

.bss            0x200015c8     0x1708 load address 0x100051f4
                0x200015c8                        . = ALIGN (0x4)
                0x200015c8                        __tbss_end = .
 *(SORT_BY_ALIGNMENT(SORT_BY_NAME(.bss*)))
 .bss.default_alarm_pool_entries
                0x200015c8      0x180 CMakeFiles/Marlinspike.dir/home/jg/.pico-sdk/sdk/2.2.0/src/common/pico_time/time.c.o
 .bss.sd_table  0x20001748      0x100 CMakeFiles/Marlinspike.dir/home/jg/.pico-sdk/sdk/2.2.0/src/rp2_common/pico_double/double_init_rom_rp2040.c.o
                0x20001748                sd_table
 .bss.sf_table  0x20001848      0x100 CMakeFiles/Marlinspike.dir/home/jg/.pico-sdk/sdk/2.2.0/src/rp2_common/pico_float/float_init_rom_rp2040.c.o
                0x20001848                sf_table
 .bss.Serial1   0x20001948      0x120 CMakeFiles/Marlinspike.dir/HardwareSerial.cpp.o
                0x20001948                Serial1
 .bss._ZL12serial_count
                0x20001a68        0x4 CMakeFiles/Marlinspike.dir/RoboCore_main.cpp.o
 .bss._ZL9cmdbuffer
                0x20001a6c      0x100 CMakeFiles/Marlinspike.dir/RoboCore_main.cpp.o
 .bss.__lock___malloc_recursive_mutex
                0x20001b6c        0x1 /home/jg/.pico-sdk/toolchain/14_2_Rel1/bin/../lib/gcc/arm-none-eabi/14.2.1/../../../../arm-none-eabi/lib/thumb/v6-m/nofp/libg.a(libc_a-lock.o)
                0x20001b6c                __lock___malloc_recursive_mutex
 *fill*         0x20001b6d        0x3 
 .bss.__malloc_current_mallinfo
                0x20001b70       0x28 /home/jg/.pico-sdk/toolchain/14_2_Rel1/bin/../lib/gcc/arm-none-eabi/14.2.1/../../../../arm-none-eabi/lib/thumb/v6-m/nofp/libg.a(libc_a-mallocr.o)
                0x20001b70                __malloc_current_mallinfo
 .bss.__malloc_max_sbrked_mem
                0x20001b98        0x4 /home/jg/.pico-sdk/toolchain/14_2_Rel1/bin/../lib/gcc/arm-none-eabi/14.2.1/../../../../arm-none-eabi/lib/thumb/v6-m/nofp/libg.a(libc_a-mallocr.o)
                0x20001b98                __malloc_max_sbrked_mem
 .bss.__malloc_max_total_mem
                0x20001b9c        0x4 /home/jg/.pico-sdk/toolchain/14_2_Rel1/bin/../lib/gcc/arm-none-eabi/14.2.1/../../../../arm-none-eabi/lib/thumb/v6-m/nofp/libg.a(libc_a-mallocr.o)
                0x20001b9c                __malloc_max_total_mem
 .bss.__malloc_top_pad
                0x20001ba0        0x4 /home/jg/.pico-sdk/toolchain/14_2_Rel1/bin/../lib/gcc/arm-none-eabi/14.2.1/../../../../arm-none-eabi/lib/thumb/v6-m/nofp/libg.a(libc_a-mallocr.o)
                0x20001ba0                __malloc_top_pad
 .bss.__sf      0x20001ba4      0x138 /home/jg/.pico-sdk/toolchain/14_2_Rel1/bin/../lib/gcc/arm-none-eabi/14.2.1/../../../../arm-none-eabi/lib/thumb/v6-m/nofp/libg.a(libc_a-findfp.o)
                0x20001ba4                __sf
 .bss._app_driver
                0x20001cdc        0x4 CMakeFiles/Marlinspike.dir/home/jg/.pico-sdk/sdk/2.2.0/lib/tinyusb/src/device/usbd.c.o
 .bss._cdcd_epbuf
                0x20001ce0       0x80 CMakeFiles/Marlinspike.dir/home/jg/.pico-sdk/sdk/2.2.0/lib/tinyusb/src/class/cdc/cdc_device.c.o
 .bss._cdcd_fifo_cfg
                0x20001d60        0x1 CMakeFiles/Marlinspike.dir/home/jg/.pico-sdk/sdk/2.2.0/lib/tinyusb/src/class/cdc/cdc_device.c.o
 *fill*         0x20001d61        0x3 
 .bss._cdcd_itf
                0x20001d64      0x848 CMakeFiles/Marlinspike.dir/home/jg/.pico-sdk/sdk/2.2.0/lib/tinyusb/src/class/cdc/cdc_device.c.o
 .bss._ctrl_epbuf
                0x200025ac       0x40 CMakeFiles/Marlinspike.dir/home/jg/.pico-sdk/sdk/2.2.0/lib/tinyusb/src/device/usbd_control.c.o
 .bss._ctrl_xfer
                0x200025ec       0x14 CMakeFiles/Marlinspike.dir/home/jg/.pico-sdk/sdk/2.2.0/lib/tinyusb/src/device/usbd_control.c.o
 .bss._ubsd_mutexdef
                0x20002600        0x8 CMakeFiles/Marlinspike.dir/home/jg/.pico-sdk/sdk/2.2.0/lib/tinyusb/src/device/usbd.c.o
 .bss._usbd_dev
                0x20002608       0x54 CMakeFiles/Marlinspike.dir/home/jg/.pico-sdk/sdk/2.2.0/lib/tinyusb/src/device/usbd.c.o
 .bss._usbd_mutex
                0x2000265c        0x4 CMakeFiles/Marlinspike.dir/home/jg/.pico-sdk/sdk/2.2.0/lib/tinyusb/src/device/usbd.c.o
 .bss._usbd_q   0x20002660        0x4 CMakeFiles/Marlinspike.dir/home/jg/.pico-sdk/sdk/2.2.0/lib/tinyusb/src/device/usbd.c.o
 .bss._usbd_qdef_buf
                0x20002664       0xc0 CMakeFiles/Marlinspike.dir/home/jg/.pico-sdk/sdk/2.2.0/lib/tinyusb/src/device/usbd.c.o
                0x20002664                _usbd_qdef_buf
 .bss.boot2_copyout
                0x20002724      0x100 CMakeFiles/Marlinspike.dir/home/jg/.pico-sdk/sdk/2.2.0/src/rp2_common/hardware_flash/flash.c.o
 .bss.chars_available_callback
                0x20002824        0x4 CMakeFiles/Marlinspike.dir/home/jg/.pico-sdk/sdk/2.2.0/src/rp2_common/pico_stdio_uart/stdio_uart.c.o
 .bss.chars_available_param
                0x20002828        0x4 CMakeFiles/Marlinspike.dir/home/jg/.pico-sdk/sdk/2.2.0/src/rp2_common/pico_stdio_uart/stdio_uart.c.o
 .bss.claimed   0x2000282c        0x4 CMakeFiles/Marlinspike.dir/home/jg/.pico-sdk/sdk/2.2.0/src/rp2_common/hardware_sync/sync.c.o
 .bss.claimed   0x20002830        0x1 CMakeFiles/Marlinspike.dir/home/jg/.pico-sdk/sdk/2.2.0/src/rp2_common/hardware_timer/timer.c.o
 *fill*         0x20002831        0x3 
 .bss.configured_freq
                0x20002834       0x28 CMakeFiles/Marlinspike.dir/home/jg/.pico-sdk/sdk/2.2.0/src/rp2_common/hardware_clocks/clocks.c.o
 .bss.drivers   0x2000285c        0x4 CMakeFiles/Marlinspike.dir/home/jg/.pico-sdk/sdk/2.2.0/src/rp2_common/pico_stdio/stdio.c.o
 .bss.e15_last_sof
                0x20002860        0x4 CMakeFiles/Marlinspike.dir/home/jg/.pico-sdk/sdk/2.2.0/lib/tinyusb/src/portable/raspberrypi/rp2040/rp2040_usb.c.o
                0x20002860                e15_last_sof
 .bss.errno     0x20002864        0x4 /home/jg/.pico-sdk/toolchain/14_2_Rel1/bin/../lib/gcc/arm-none-eabi/14.2.1/../../../../arm-none-eabi/lib/thumb/v6-m/nofp/libg.a(libc_a-reent.o)
                0x20002864                errno
 .bss.filter    0x20002868        0x4 CMakeFiles/Marlinspike.dir/home/jg/.pico-sdk/sdk/2.2.0/src/rp2_common/pico_stdio/stdio.c.o
 .bss.heap_end.0
                0x2000286c        0x4 CMakeFiles/Marlinspike.dir/home/jg/.pico-sdk/sdk/2.2.0/src/rp2_common/pico_clib_interface/newlib_interface.c.o
 .bss.hw_endpoints
                0x20002870      0x400 CMakeFiles/Marlinspike.dir/home/jg/.pico-sdk/sdk/2.2.0/lib/tinyusb/src/portable/raspberrypi/rp2040/dcd_rp2040.c.o
 .bss.lazy_vsnprintf
                0x20002c70        0x4 CMakeFiles/Marlinspike.dir/home/jg/.pico-sdk/sdk/2.2.0/src/rp2_common/pico_printf/printf.c.o
 .bss.motorCntrlResp
                0x20002c74       0x10 CMakeFiles/Marlinspike.dir/RoboCore_main.cpp.o
                0x20002c74                motorCntrlResp
 .bss.next_buffer_ptr
                0x20002c84        0x4 CMakeFiles/Marlinspike.dir/home/jg/.pico-sdk/sdk/2.2.0/lib/tinyusb/src/portable/raspberrypi/rp2040/dcd_rp2040.c.o
 .bss.object.0  0x20002c88       0x18 /home/jg/.pico-sdk/toolchain/14_2_Rel1/bin/../lib/gcc/arm-none-eabi/14.2.1/thumb/v6-m/nofp/crtbegin.o
 .bss.pools     0x20002ca0       0x10 CMakeFiles/Marlinspike.dir/home/jg/.pico-sdk/sdk/2.2.0/src/common/pico_time/time.c.o
 .bss.retrieved_id
                0x20002cb0        0x8 CMakeFiles/Marlinspike.dir/home/jg/.pico-sdk/sdk/2.2.0/src/rp2_common/pico_unique_id/unique_id.c.o
 .bss.sf_clz_func
                0x20002cb8        0x4 CMakeFiles/Marlinspike.dir/home/jg/.pico-sdk/sdk/2.2.0/src/rp2_common/pico_double/double_init_rom_rp2040.c.o
                0x20002cb8                sf_clz_func
 .bss.sleep_notifier
                0x20002cbc        0x4 CMakeFiles/Marlinspike.dir/home/jg/.pico-sdk/sdk/2.2.0/src/common/pico_time/time.c.o
 .bss.uart_char_to_line_feed
                0x20002cc0        0x4 CMakeFiles/Marlinspike.dir/home/jg/.pico-sdk/sdk/2.2.0/src/rp2_common/hardware_uart/uart.c.o
                0x20002cc0                uart_char_to_line_feed
 .bss.uart_instance
                0x20002cc4        0x4 CMakeFiles/Marlinspike.dir/home/jg/.pico-sdk/sdk/2.2.0/src/rp2_common/pico_stdio_uart/stdio_uart.c.o
 .bss._app_driver_count
                0x20002cc8        0x1 CMakeFiles/Marlinspike.dir/home/jg/.pico-sdk/sdk/2.2.0/lib/tinyusb/src/device/usbd.c.o
 .bss._sof_enable
                0x20002cc9        0x1 CMakeFiles/Marlinspike.dir/home/jg/.pico-sdk/sdk/2.2.0/lib/tinyusb/src/portable/raspberrypi/rp2040/dcd_rp2040.c.o
 .bss._usbd_queued_setup
                0x20002cca        0x1 CMakeFiles/Marlinspike.dir/home/jg/.pico-sdk/sdk/2.2.0/lib/tinyusb/src/device/usbd.c.o
 .bss.boot2_copyout_valid
                0x20002ccb        0x1 CMakeFiles/Marlinspike.dir/home/jg/.pico-sdk/sdk/2.2.0/src/rp2_common/hardware_flash/flash.c.o
 .bss.irq_handler_chain_free_slot_head
                0x20002ccc        0x1 CMakeFiles/Marlinspike.dir/home/jg/.pico-sdk/sdk/2.2.0/src/rp2_common/hardware_irq/irq.c.o
 *(COMMON)
                0x20002cd0                        . = ALIGN (0x4)
 *fill*         0x20002ccd        0x3 
                0x20002cd0                        __bss_end__ = .

.heap           0x20002cd0      0x800 load address 0x100051f4
                0x20002cd0                        __end__ = .
                0x20002cd0                        end = __end__
 *(.heap*)
 .heap          0x20002cd0      0x800 CMakeFiles/Marlinspike.dir/home/jg/.pico-sdk/sdk/2.2.0/src/rp2_common/pico_crt0/crt0.S.o
                0x20040000                        __HeapLimit = (ORIGIN (RAM) + LENGTH (RAM))

.scratch_x      0x20040000        0x0 load address 0x100051f4
                0x20040000                        __scratch_x_start__ = .
 *(.scratch_x.*)
                0x20040000                        . = ALIGN (0x4)
                0x20040000                        __scratch_x_end__ = .
                0x100051f4                        __scratch_x_source__ = LOADADDR (.scratch_x)

.scratch_y      0x20041000        0x0 load address 0x100051f4
                0x20041000                        __scratch_y_start__ = .
 *(.scratch_y.*)
                0x20041000                        . = ALIGN (0x4)
                0x20041000                        __scratch_y_end__ = .
                0x100051f4                        __scratch_y_source__ = LOADADDR (.scratch_y)

.stack1_dummy
 *(.stack1*)

.stack_dummy    0x20041000      0x800
 *(.stack*)
 .stack         0x20041000      0x800 CMakeFiles/Marlinspike.dir/home/jg/.pico-sdk/sdk/2.2.0/src/rp2_common/pico_crt0/crt0.S.o

.rel.dyn        0x20041800        0x0
 .rel.iplt      0x20041800        0x0 /home/jg/.pico-sdk/toolchain/14_2_Rel1/bin/../lib/gcc/arm-none-eabi/14.2.1/thumb/v6-m/nofp/crtbegin.o

.flash_end      0x100051f4        0x0
 *(.embedded_end_block*)
                0x100051f4                        PROVIDE (__flash_binary_end = .)
                0x20040000                        __StackLimit = (ORIGIN (RAM) + LENGTH (RAM))
                0x20041000                        __StackOneTop = (ORIGIN (SCRATCH_X) + LENGTH (SCRATCH_X))
                0x20042000                        __StackTop = (ORIGIN (SCRATCH_Y) + LENGTH (SCRATCH_Y))
                0x20041000                        __StackOneBottom = (__StackOneTop - SIZEOF (.stack1_dummy))
                0x20041800                        __StackBottom = (__StackTop - SIZEOF (.stack_dummy))
                0x20042000                        PROVIDE (__stack = __StackTop)
                [!provide]                        PROVIDE (__heap_start = __end__)
                [!provide]                        PROVIDE (__heap_end = __HeapLimit)
                [!provide]                        PROVIDE (__tls_align = MAX (ALIGNOF (.tdata), ALIGNOF (.tbss)))
                [!provide]                        PROVIDE (__tls_size_align = (((__tls_size + __tls_align) - 0x1) & ~ ((__tls_align - 0x1))))
                [!provide]                        PROVIDE (__arm32_tls_tcb_offset = MAX (0x8, __tls_align))
                [!provide]                        PROVIDE (_end = __end__)
                [!provide]                        PROVIDE (__llvm_libc_heap_limit = __HeapLimit)
                0x00000001                        ASSERT ((__StackLimit >= __HeapLimit), region RAM overflowed)
                0x00000001                        ASSERT (((__binary_info_header_end - __logical_binary_start) <= 0x100), Binary info must be in first 256 bytes of the binary)
LOAD CMakeFiles/Marlinspike.dir/main.cpp.o
LOAD CMakeFiles/Marlinspike.dir/RoboCore_main.cpp.o
LOAD CMakeFiles/Marlinspike.dir/AbstractPWMControl.cpp.o
LOAD CMakeFiles/Marlinspike.dir/Ultrasonic.cpp.o
LOAD CMakeFiles/Marlinspike.dir/IMU/Adafruit_10DOF.cpp.o
LOAD CMakeFiles/Marlinspike.dir/IMU/Adafruit_BMP085U.cpp.o
LOAD CMakeFiles/Marlinspike.dir/IMU/Adafruit_L3GD20U.cpp.o
LOAD CMakeFiles/Marlinspike.dir/IMU/Adafruit_LSM303U.cpp.o
LOAD CMakeFiles/Marlinspike.dir/IMU/PitchRollHeading.cpp.o
LOAD CMakeFiles/Marlinspike.dir/Propulsion/AbstractMotorControl.cpp.o
LOAD CMakeFiles/Marlinspike.dir/Propulsion/DelayHBridgeDriver.cpp.o
LOAD CMakeFiles/Marlinspike.dir/Propulsion/HBridgeDriver.cpp.o
LOAD CMakeFiles/Marlinspike.dir/Propulsion/RoboteqDevice.cpp.o
LOAD CMakeFiles/Marlinspike.dir/Propulsion/SplitBridgeDriver.cpp.o
LOAD CMakeFiles/Marlinspike.dir/Propulsion/SwitchBridgeDriver.cpp.o
LOAD CMakeFiles/Marlinspike.dir/Propulsion/SwitchHBridgeDriver.cpp.o
LOAD CMakeFiles/Marlinspike.dir/Print.cpp.o
LOAD CMakeFiles/Marlinspike.dir/Stream.cpp.o
LOAD CMakeFiles/Marlinspike.dir/VariablePWMDriver.cpp.o
LOAD CMakeFiles/Marlinspike.dir/HardwareSerial.cpp.o
LOAD CMakeFiles/Marlinspike.dir/WPWM.cpp.o
LOAD CMakeFiles/Marlinspike.dir/WShift.cpp.o
LOAD CMakeFiles/Marlinspike.dir/WString.cpp.o
LOAD CMakeFiles/Marlinspike.dir/Wire.cpp.o
LOAD CMakeFiles/Marlinspike.dir/usb-descriptors.c.o
LOAD CMakeFiles/Marlinspike.dir/home/jg/.pico-sdk/sdk/2.2.0/src/rp2_common/pico_stdlib/stdlib.c.o
LOAD CMakeFiles/Marlinspike.dir/home/jg/.pico-sdk/sdk/2.2.0/src/rp2_common/hardware_gpio/gpio.c.o
LOAD CMakeFiles/Marlinspike.dir/home/jg/.pico-sdk/sdk/2.2.0/src/rp2040/pico_platform/platform.c.o
LOAD CMakeFiles/Marlinspike.dir/home/jg/.pico-sdk/sdk/2.2.0/src/rp2_common/pico_platform_common/common.c.o
LOAD CMakeFiles/Marlinspike.dir/home/jg/.pico-sdk/sdk/2.2.0/src/rp2_common/pico_platform_panic/panic.c.o
LOAD CMakeFiles/Marlinspike.dir/home/jg/.pico-sdk/sdk/2.2.0/src/common/hardware_claim/claim.c.o
LOAD CMakeFiles/Marlinspike.dir/home/jg/.pico-sdk/sdk/2.2.0/src/rp2_common/hardware_sync/sync.c.o
LOAD CMakeFiles/Marlinspike.dir/home/jg/.pico-sdk/sdk/2.2.0/src/rp2_common/hardware_sync_spin_lock/sync_spin_lock.c.o
LOAD CMakeFiles/Marlinspike.dir/home/jg/.pico-sdk/sdk/2.2.0/src/rp2_common/hardware_irq/irq.c.o
LOAD CMakeFiles/Marlinspike.dir/home/jg/.pico-sdk/sdk/2.2.0/src/rp2_common/hardware_irq/irq_handler_chain.S.o
LOAD CMakeFiles/Marlinspike.dir/home/jg/.pico-sdk/sdk/2.2.0/src/common/pico_sync/sem.c.o
LOAD CMakeFiles/Marlinspike.dir/home/jg/.pico-sdk/sdk/2.2.0/src/common/pico_sync/lock_core.c.o
LOAD CMakeFiles/Marlinspike.dir/home/jg/.pico-sdk/sdk/2.2.0/src/common/pico_sync/mutex.c.o
LOAD CMakeFiles/Marlinspike.dir/home/jg/.pico-sdk/sdk/2.2.0/src/common/pico_sync/critical_section.c.o
LOAD CMakeFiles/Marlinspike.dir/home/jg/.pico-sdk/sdk/2.2.0/src/common/pico_time/time.c.o
LOAD CMakeFiles/Marlinspike.dir/home/jg/.pico-sdk/sdk/2.2.0/src/common/pico_time/timeout_helper.c.o
LOAD CMakeFiles/Marlinspike.dir/home/jg/.pico-sdk/sdk/2.2.0/src/rp2_common/hardware_timer/timer.c.o
LOAD CMakeFiles/Marlinspike.dir/home/jg/.pico-sdk/sdk/2.2.0/src/common/pico_util/datetime.c.o
LOAD CMakeFiles/Marlinspike.dir/home/jg/.pico-sdk/sdk/2.2.0/src/common/pico_util/pheap.c.o
LOAD CMakeFiles/Marlinspike.dir/home/jg/.pico-sdk/sdk/2.2.0/src/common/pico_util/queue.c.o
LOAD CMakeFiles/Marlinspike.dir/home/jg/.pico-sdk/sdk/2.2.0/src/rp2_common/hardware_uart/uart.c.o
LOAD CMakeFiles/Marlinspike.dir/home/jg/.pico-sdk/sdk/2.2.0/src/rp2_common/hardware_clocks/clocks.c.o
LOAD CMakeFiles/Marlinspike.dir/home/jg/.pico-sdk/sdk/2.2.0/src/rp2_common/hardware_pll/pll.c.o
LOAD CMakeFiles/Marlinspike.dir/home/jg/.pico-sdk/sdk/2.2.0/src/rp2_common/hardware_vreg/vreg.c.o
LOAD CMakeFiles/Marlinspike.dir/home/jg/.pico-sdk/sdk/2.2.0/src/rp2_common/hardware_watchdog/watchdog.c.o
LOAD CMakeFiles/Marlinspike.dir/home/jg/.pico-sdk/sdk/2.2.0/src/rp2_common/hardware_ticks/ticks.c.o
LOAD CMakeFiles/Marlinspike.dir/home/jg/.pico-sdk/sdk/2.2.0/src/rp2_common/pico_bootrom/bootrom.c.o
LOAD CMakeFiles/Marlinspike.dir/home/jg/.pico-sdk/sdk/2.2.0/src/rp2_common/pico_bootrom/bootrom_lock.c.o
LOAD CMakeFiles/Marlinspike.dir/home/jg/.pico-sdk/sdk/2.2.0/src/rp2_common/hardware_boot_lock/boot_lock.c.o
LOAD CMakeFiles/Marlinspike.dir/home/jg/.pico-sdk/sdk/2.2.0/src/rp2_common/pico_flash/flash.c.o
LOAD CMakeFiles/Marlinspike.dir/home/jg/.pico-sdk/sdk/2.2.0/src/rp2_common/hardware_xosc/xosc.c.o
LOAD CMakeFiles/Marlinspike.dir/home/jg/.pico-sdk/sdk/2.2.0/src/rp2_common/hardware_divider/divider.S.o
LOAD CMakeFiles/Marlinspike.dir/home/jg/.pico-sdk/sdk/2.2.0/src/rp2_common/pico_runtime/runtime.c.o
LOAD CMakeFiles/Marlinspike.dir/home/jg/.pico-sdk/sdk/2.2.0/src/rp2_common/pico_runtime_init/runtime_init.c.o
LOAD CMakeFiles/Marlinspike.dir/home/jg/.pico-sdk/sdk/2.2.0/src/rp2_common/pico_runtime_init/runtime_init_clocks.c.o
LOAD CMakeFiles/Marlinspike.dir/home/jg/.pico-sdk/sdk/2.2.0/src/rp2_common/pico_runtime_init/runtime_init_stack_guard.c.o
LOAD CMakeFiles/Marlinspike.dir/home/jg/.pico-sdk/sdk/2.2.0/src/rp2_common/pico_bit_ops/bit_ops_aeabi.S.o
LOAD CMakeFiles/Marlinspike.dir/home/jg/.pico-sdk/sdk/2.2.0/src/rp2_common/pico_divider/divider_hardware.S.o
LOAD CMakeFiles/Marlinspike.dir/home/jg/.pico-sdk/sdk/2.2.0/src/rp2_common/pico_double/double_aeabi_rp2040.S.o
LOAD CMakeFiles/Marlinspike.dir/home/jg/.pico-sdk/sdk/2.2.0/src/rp2_common/pico_double/double_init_rom_rp2040.c.o
LOAD CMakeFiles/Marlinspike.dir/home/jg/.pico-sdk/sdk/2.2.0/src/rp2_common/pico_double/double_math.c.o
LOAD CMakeFiles/Marlinspike.dir/home/jg/.pico-sdk/sdk/2.2.0/src/rp2_common/pico_double/double_v1_rom_shim_rp2040.S.o
LOAD CMakeFiles/Marlinspike.dir/home/jg/.pico-sdk/sdk/2.2.0/src/rp2_common/pico_int64_ops/pico_int64_ops_aeabi.S.o
LOAD CMakeFiles/Marlinspike.dir/home/jg/.pico-sdk/sdk/2.2.0/src/rp2_common/pico_float/float_aeabi_rp2040.S.o
LOAD CMakeFiles/Marlinspike.dir/home/jg/.pico-sdk/sdk/2.2.0/src/rp2_common/pico_float/float_init_rom_rp2040.c.o
LOAD CMakeFiles/Marlinspike.dir/home/jg/.pico-sdk/sdk/2.2.0/src/rp2_common/pico_float/float_math.c.o
LOAD CMakeFiles/Marlinspike.dir/home/jg/.pico-sdk/sdk/2.2.0/src/rp2_common/pico_float/float_v1_rom_shim_rp2040.S.o
LOAD CMakeFiles/Marlinspike.dir/home/jg/.pico-sdk/sdk/2.2.0/src/rp2_common/pico_malloc/malloc.c.o
LOAD CMakeFiles/Marlinspike.dir/home/jg/.pico-sdk/sdk/2.2.0/src/rp2_common/pico_mem_ops/mem_ops_aeabi.S.o
LOAD CMakeFiles/Marlinspike.dir/home/jg/.pico-sdk/sdk/2.2.0/src/rp2_common/pico_atomic/atomic.c.o
LOAD CMakeFiles/Marlinspike.dir/home/jg/.pico-sdk/sdk/2.2.0/src/rp2_common/pico_cxx_options/new_delete.cpp.o
LOAD CMakeFiles/Marlinspike.dir/home/jg/.pico-sdk/sdk/2.2.0/src/rp2_common/pico_standard_binary_info/standard_binary_info.c.o
LOAD CMakeFiles/Marlinspike.dir/home/jg/.pico-sdk/sdk/2.2.0/src/rp2_common/pico_printf/printf.c.o
LOAD CMakeFiles/Marlinspike.dir/home/jg/.pico-sdk/sdk/2.2.0/src/rp2_common/pico_crt0/crt0.S.o
LOAD CMakeFiles/Marlinspike.dir/home/jg/.pico-sdk/sdk/2.2.0/src/rp2_common/pico_clib_interface/newlib_interface.c.o
LOAD CMakeFiles/Marlinspike.dir/home/jg/.pico-sdk/sdk/2.2.0/src/rp2_common/pico_stdio/stdio.c.o
LOAD CMakeFiles/Marlinspike.dir/home/jg/.pico-sdk/sdk/2.2.0/src/rp2_common/pico_stdio_uart/stdio_uart.c.o
LOAD CMakeFiles/Marlinspike.dir/home/jg/.pico-sdk/sdk/2.2.0/src/rp2_common/hardware_adc/adc.c.o
LOAD CMakeFiles/Marlinspike.dir/home/jg/.pico-sdk/sdk/2.2.0/src/rp2_common/hardware_i2c/i2c.c.o
LOAD CMakeFiles/Marlinspike.dir/home/jg/.pico-sdk/sdk/2.2.0/src/rp2_common/hardware_spi/spi.c.o
LOAD CMakeFiles/Marlinspike.dir/home/jg/.pico-sdk/sdk/2.2.0/src/rp2_common/hardware_dma/dma.c.o
LOAD CMakeFiles/Marlinspike.dir/home/jg/.pico-sdk/sdk/2.2.0/src/rp2_common/hardware_flash/flash.c.o
LOAD CMakeFiles/Marlinspike.dir/home/jg/.pico-sdk/sdk/2.2.0/src/rp2_common/hardware_xip_cache/xip_cache.c.o
LOAD CMakeFiles/Marlinspike.dir/home/jg/.pico-sdk/sdk/2.2.0/src/rp2_common/hardware_rtc/rtc.c.o
LOAD CMakeFiles/Marlinspike.dir/home/jg/.pico-sdk/sdk/2.2.0/src/rp2_common/hardware_exception/exception.c.o
LOAD CMakeFiles/Marlinspike.dir/home/jg/.pico-sdk/sdk/2.2.0/lib/tinyusb/src/portable/raspberrypi/rp2040/dcd_rp2040.c.o
LOAD CMakeFiles/Marlinspike.dir/home/jg/.pico-sdk/sdk/2.2.0/lib/tinyusb/src/portable/raspberrypi/rp2040/rp2040_usb.c.o
LOAD CMakeFiles/Marlinspike.dir/home/jg/.pico-sdk/sdk/2.2.0/lib/tinyusb/src/device/usbd.c.o
LOAD CMakeFiles/Marlinspike.dir/home/jg/.pico-sdk/sdk/2.2.0/lib/tinyusb/src/device/usbd_control.c.o
LOAD CMakeFiles/Marlinspike.dir/home/jg/.pico-sdk/sdk/2.2.0/lib/tinyusb/src/class/audio/audio_device.c.o
LOAD CMakeFiles/Marlinspike.dir/home/jg/.pico-sdk/sdk/2.2.0/lib/tinyusb/src/class/cdc/cdc_device.c.o
LOAD CMakeFiles/Marlinspike.dir/home/jg/.pico-sdk/sdk/2.2.0/lib/tinyusb/src/class/dfu/dfu_device.c.o
LOAD CMakeFiles/Marlinspike.dir/home/jg/.pico-sdk/sdk/2.2.0/lib/tinyusb/src/class/dfu/dfu_rt_device.c.o
LOAD CMakeFiles/Marlinspike.dir/home/jg/.pico-sdk/sdk/2.2.0/lib/tinyusb/src/class/hid/hid_device.c.o
LOAD CMakeFiles/Marlinspike.dir/home/jg/.pico-sdk/sdk/2.2.0/lib/tinyusb/src/class/midi/midi_device.c.o
LOAD CMakeFiles/Marlinspike.dir/home/jg/.pico-sdk/sdk/2.2.0/lib/tinyusb/src/class/msc/msc_device.c.o
LOAD CMakeFiles/Marlinspike.dir/home/jg/.pico-sdk/sdk/2.2.0/lib/tinyusb/src/class/net/ecm_rndis_device.c.o
LOAD CMakeFiles/Marlinspike.dir/home/jg/.pico-sdk/sdk/2.2.0/lib/tinyusb/src/class/net/ncm_device.c.o
LOAD CMakeFiles/Marlinspike.dir/home/jg/.pico-sdk/sdk/2.2.0/lib/tinyusb/src/class/usbtmc/usbtmc_device.c.o
LOAD CMakeFiles/Marlinspike.dir/home/jg/.pico-sdk/sdk/2.2.0/lib/tinyusb/src/class/vendor/vendor_device.c.o
LOAD CMakeFiles/Marlinspike.dir/home/jg/.pico-sdk/sdk/2.2.0/lib/tinyusb/src/class/video/video_device.c.o
LOAD CMakeFiles/Marlinspike.dir/home/jg/.pico-sdk/sdk/2.2.0/lib/tinyusb/src/tusb.c.o
LOAD CMakeFiles/Marlinspike.dir/home/jg/.pico-sdk/sdk/2.2.0/lib/tinyusb/src/common/tusb_fifo.c.o
LOAD CMakeFiles/Marlinspike.dir/home/jg/.pico-sdk/sdk/2.2.0/src/rp2_common/pico_fix/rp2040_usb_device_enumeration/rp2040_usb_device_enumeration.c.o
LOAD CMakeFiles/Marlinspike.dir/home/jg/.pico-sdk/sdk/2.2.0/lib/tinyusb/hw/bsp/rp2040/family.c.o
LOAD CMakeFiles/Marlinspike.dir/home/jg/.pico-sdk/sdk/2.2.0/src/rp2_common/pico_unique_id/unique_id.c.o
LOAD pico-sdk/src/rp2040/boot_stage2/CMakeFiles/bs2_default_library.dir/bs2_default_padded_checksummed.S.o
LOAD /home/jg/.pico-sdk/toolchain/14_2_Rel1/bin/../lib/gcc/arm-none-eabi/14.2.1/../../../../arm-none-eabi/lib/thumb/v6-m/nofp/libstdc++.a
LOAD /home/jg/.pico-sdk/toolchain/14_2_Rel1/bin/../lib/gcc/arm-none-eabi/14.2.1/../../../../arm-none-eabi/lib/thumb/v6-m/nofp/libm.a
START GROUP
LOAD /home/jg/.pico-sdk/toolchain/14_2_Rel1/bin/../lib/gcc/arm-none-eabi/14.2.1/thumb/v6-m/nofp/libgcc.a
LOAD /home/jg/.pico-sdk/toolchain/14_2_Rel1/bin/../lib/gcc/arm-none-eabi/14.2.1/../../../../arm-none-eabi/lib/thumb/v6-m/nofp/libg.a
LOAD /home/jg/.pico-sdk/toolchain/14_2_Rel1/bin/../lib/gcc/arm-none-eabi/14.2.1/../../../../arm-none-eabi/lib/thumb/v6-m/nofp/libc.a
END GROUP
START GROUP
LOAD /home/jg/.pico-sdk/toolchain/14_2_Rel1/bin/../lib/gcc/arm-none-eabi/14.2.1/thumb/v6-m/nofp/libgcc.a
LOAD /home/jg/.pico-sdk/toolchain/14_2_Rel1/bin/../lib/gcc/arm-none-eabi/14.2.1/../../../../arm-none-eabi/lib/thumb/v6-m/nofp/libc.a
LOAD /home/jg/.pico-sdk/toolchain/14_2_Rel1/bin/../lib/gcc/arm-none-eabi/14.2.1/../../../../arm-none-eabi/lib/thumb/v6-m/nofp/libnosys.a
END GROUP
LOAD /home/jg/.pico-sdk/toolchain/14_2_Rel1/bin/../lib/gcc/arm-none-eabi/14.2.1/thumb/v6-m/nofp/crtend.o
LOAD /home/jg/.pico-sdk/toolchain/14_2_Rel1/bin/../lib/gcc/arm-none-eabi/14.2.1/thumb/v6-m/nofp/crtn.o
OUTPUT(Marlinspike.elf elf32-littlearm)
LOAD linker stubs

.ARM.attributes
                0x00000000       0x28
 .ARM.attributes
                0x00000000       0x1e /home/jg/.pico-sdk/toolchain/14_2_Rel1/bin/../lib/gcc/arm-none-eabi/14.2.1/thumb/v6-m/nofp/crti.o
 .ARM.attributes
                0x0000001e       0x2c /home/jg/.pico-sdk/toolchain/14_2_Rel1/bin/../lib/gcc/arm-none-eabi/14.2.1/thumb/v6-m/nofp/crtbegin.o
 .ARM.attributes
                0x0000004a       0x2c CMakeFiles/Marlinspike.dir/main.cpp.o
 .ARM.attributes
                0x00000076       0x2c CMakeFiles/Marlinspike.dir/RoboCore_main.cpp.o
 .ARM.attributes
                0x000000a2       0x2c CMakeFiles/Marlinspike.dir/Print.cpp.o
 .ARM.attributes
                0x000000ce       0x2c CMakeFiles/Marlinspike.dir/HardwareSerial.cpp.o
 .ARM.attributes
                0x000000fa       0x2c CMakeFiles/Marlinspike.dir/WString.cpp.o
 .ARM.attributes
                0x00000126       0x2c CMakeFiles/Marlinspike.dir/home/jg/.pico-sdk/sdk/2.2.0/src/rp2_common/hardware_gpio/gpio.c.o
 .ARM.attributes
                0x00000152       0x2c CMakeFiles/Marlinspike.dir/home/jg/.pico-sdk/sdk/2.2.0/src/rp2040/pico_platform/platform.c.o
 .ARM.attributes
                0x0000017e       0x2c CMakeFiles/Marlinspike.dir/home/jg/.pico-sdk/sdk/2.2.0/src/rp2_common/pico_platform_panic/panic.c.o
 .ARM.attributes
                0x000001aa       0x2c CMakeFiles/Marlinspike.dir/home/jg/.pico-sdk/sdk/2.2.0/src/common/hardware_claim/claim.c.o
 .ARM.attributes
                0x000001d6       0x2c CMakeFiles/Marlinspike.dir/home/jg/.pico-sdk/sdk/2.2.0/src/rp2_common/hardware_sync/sync.c.o
 .ARM.attributes
                0x00000202       0x2c CMakeFiles/Marlinspike.dir/home/jg/.pico-sdk/sdk/2.2.0/src/rp2_common/hardware_sync_spin_lock/sync_spin_lock.c.o
 .ARM.attributes
                0x0000022e       0x2c CMakeFiles/Marlinspike.dir/home/jg/.pico-sdk/sdk/2.2.0/src/rp2_common/hardware_irq/irq.c.o
 .ARM.attributes
                0x0000025a       0x22 CMakeFiles/Marlinspike.dir/home/jg/.pico-sdk/sdk/2.2.0/src/rp2_common/hardware_irq/irq_handler_chain.S.o
 .ARM.attributes
                0x0000027c       0x2c CMakeFiles/Marlinspike.dir/home/jg/.pico-sdk/sdk/2.2.0/src/common/pico_sync/lock_core.c.o
 .ARM.attributes
                0x000002a8       0x2c CMakeFiles/Marlinspike.dir/home/jg/.pico-sdk/sdk/2.2.0/src/common/pico_sync/mutex.c.o
 .ARM.attributes
                0x000002d4       0x2c CMakeFiles/Marlinspike.dir/home/jg/.pico-sdk/sdk/2.2.0/src/common/pico_sync/critical_section.c.o
 .ARM.attributes
                0x00000300       0x2c CMakeFiles/Marlinspike.dir/home/jg/.pico-sdk/sdk/2.2.0/src/common/pico_time/time.c.o
 .ARM.attributes
                0x0000032c       0x2c CMakeFiles/Marlinspike.dir/home/jg/.pico-sdk/sdk/2.2.0/src/rp2_common/hardware_timer/timer.c.o
 .ARM.attributes
                0x00000358       0x2c CMakeFiles/Marlinspike.dir/home/jg/.pico-sdk/sdk/2.2.0/src/rp2_common/hardware_uart/uart.c.o
 .ARM.attributes
                0x00000384       0x2c CMakeFiles/Marlinspike.dir/home/jg/.pico-sdk/sdk/2.2.0/src/rp2_common/hardware_clocks/clocks.c.o
 .ARM.attributes
                0x000003b0       0x2c CMakeFiles/Marlinspike.dir/home/jg/.pico-sdk/sdk/2.2.0/src/rp2_common/hardware_pll/pll.c.o
 .ARM.attributes
                0x000003dc       0x2c CMakeFiles/Marlinspike.dir/home/jg/.pico-sdk/sdk/2.2.0/src/rp2_common/hardware_ticks/ticks.c.o
 .ARM.attributes
                0x00000408       0x2c CMakeFiles/Marlinspike.dir/home/jg/.pico-sdk/sdk/2.2.0/src/rp2_common/pico_bootrom/bootrom.c.o
 .ARM.attributes
                0x00000434       0x2c CMakeFiles/Marlinspike.dir/home/jg/.pico-sdk/sdk/2.2.0/src/rp2_common/hardware_xosc/xosc.c.o
 .ARM.attributes
                0x00000460       0x2c CMakeFiles/Marlinspike.dir/home/jg/.pico-sdk/sdk/2.2.0/src/rp2_common/pico_runtime/runtime.c.o
 .ARM.attributes
                0x0000048c       0x2c CMakeFiles/Marlinspike.dir/home/jg/.pico-sdk/sdk/2.2.0/src/rp2_common/pico_runtime_init/runtime_init.c.o
 .ARM.attributes
                0x000004b8       0x2c CMakeFiles/Marlinspike.dir/home/jg/.pico-sdk/sdk/2.2.0/src/rp2_common/pico_runtime_init/runtime_init_clocks.c.o
 .ARM.attributes
                0x000004e4       0x22 CMakeFiles/Marlinspike.dir/home/jg/.pico-sdk/sdk/2.2.0/src/rp2_common/pico_bit_ops/bit_ops_aeabi.S.o
 .ARM.attributes
                0x00000506       0x22 CMakeFiles/Marlinspike.dir/home/jg/.pico-sdk/sdk/2.2.0/src/rp2_common/pico_divider/divider_hardware.S.o
 .ARM.attributes
                0x00000528       0x22 CMakeFiles/Marlinspike.dir/home/jg/.pico-sdk/sdk/2.2.0/src/rp2_common/pico_double/double_aeabi_rp2040.S.o
 .ARM.attributes
                0x0000054a       0x2c CMakeFiles/Marlinspike.dir/home/jg/.pico-sdk/sdk/2.2.0/src/rp2_common/pico_double/double_init_rom_rp2040.c.o
 .ARM.attributes
                0x00000576       0x22 CMakeFiles/Marlinspike.dir/home/jg/.pico-sdk/sdk/2.2.0/src/rp2_common/pico_double/double_v1_rom_shim_rp2040.S.o
 .ARM.attributes
                0x00000598       0x22 CMakeFiles/Marlinspike.dir/home/jg/.pico-sdk/sdk/2.2.0/src/rp2_common/pico_int64_ops/pico_int64_ops_aeabi.S.o
 .ARM.attributes
                0x000005ba       0x22 CMakeFiles/Marlinspike.dir/home/jg/.pico-sdk/sdk/2.2.0/src/rp2_common/pico_float/float_aeabi_rp2040.S.o
 .ARM.attributes
                0x000005dc       0x2c CMakeFiles/Marlinspike.dir/home/jg/.pico-sdk/sdk/2.2.0/src/rp2_common/pico_float/float_init_rom_rp2040.c.o
 .ARM.attributes
                0x00000608       0x22 CMakeFiles/Marlinspike.dir/home/jg/.pico-sdk/sdk/2.2.0/src/rp2_common/pico_float/float_v1_rom_shim_rp2040.S.o
 .ARM.attributes
                0x0000062a       0x2c CMakeFiles/Marlinspike.dir/home/jg/.pico-sdk/sdk/2.2.0/src/rp2_common/pico_malloc/malloc.c.o
 .ARM.attributes
                0x00000656       0x22 CMakeFiles/Marlinspike.dir/home/jg/.pico-sdk/sdk/2.2.0/src/rp2_common/pico_mem_ops/mem_ops_aeabi.S.o
 .ARM.attributes
                0x00000678       0x2c CMakeFiles/Marlinspike.dir/home/jg/.pico-sdk/sdk/2.2.0/src/rp2_common/pico_standard_binary_info/standard_binary_info.c.o
 .ARM.attributes
                0x000006a4       0x2c CMakeFiles/Marlinspike.dir/home/jg/.pico-sdk/sdk/2.2.0/src/rp2_common/pico_printf/printf.c.o
 .ARM.attributes
                0x000006d0       0x22 CMakeFiles/Marlinspike.dir/home/jg/.pico-sdk/sdk/2.2.0/src/rp2_common/pico_crt0/crt0.S.o
 .ARM.attributes
                0x000006f2       0x2c CMakeFiles/Marlinspike.dir/home/jg/.pico-sdk/sdk/2.2.0/src/rp2_common/pico_clib_interface/newlib_interface.c.o
 .ARM.attributes
                0x0000071e       0x2c CMakeFiles/Marlinspike.dir/home/jg/.pico-sdk/sdk/2.2.0/src/rp2_common/pico_stdio/stdio.c.o
 .ARM.attributes
                0x0000074a       0x2c CMakeFiles/Marlinspike.dir/home/jg/.pico-sdk/sdk/2.2.0/src/rp2_common/pico_stdio_uart/stdio_uart.c.o
 .ARM.attributes
                0x00000776       0x2c CMakeFiles/Marlinspike.dir/home/jg/.pico-sdk/sdk/2.2.0/src/rp2_common/hardware_flash/flash.c.o
 .ARM.attributes
                0x000007a2       0x2c CMakeFiles/Marlinspike.dir/home/jg/.pico-sdk/sdk/2.2.0/lib/tinyusb/src/portable/raspberrypi/rp2040/dcd_rp2040.c.o
 .ARM.attributes
                0x000007ce       0x2c CMakeFiles/Marlinspike.dir/home/jg/.pico-sdk/sdk/2.2.0/lib/tinyusb/src/portable/raspberrypi/rp2040/rp2040_usb.c.o
 .ARM.attributes
                0x000007fa       0x2c CMakeFiles/Marlinspike.dir/home/jg/.pico-sdk/sdk/2.2.0/lib/tinyusb/src/device/usbd.c.o
 .ARM.attributes
                0x00000826       0x2c CMakeFiles/Marlinspike.dir/home/jg/.pico-sdk/sdk/2.2.0/lib/tinyusb/src/device/usbd_control.c.o
 .ARM.attributes
                0x00000852       0x2c CMakeFiles/Marlinspike.dir/home/jg/.pico-sdk/sdk/2.2.0/lib/tinyusb/src/class/cdc/cdc_device.c.o
 .ARM.attributes
                0x0000087e       0x2c CMakeFiles/Marlinspike.dir/home/jg/.pico-sdk/sdk/2.2.0/lib/tinyusb/src/tusb.c.o
 .ARM.attributes
                0x000008aa       0x2c CMakeFiles/Marlinspike.dir/home/jg/.pico-sdk/sdk/2.2.0/lib/tinyusb/src/common/tusb_fifo.c.o
 .ARM.attributes
                0x000008d6       0x2c CMakeFiles/Marlinspike.dir/home/jg/.pico-sdk/sdk/2.2.0/lib/tinyusb/hw/bsp/rp2040/family.c.o
 .ARM.attributes
                0x00000902       0x2c CMakeFiles/Marlinspike.dir/home/jg/.pico-sdk/sdk/2.2.0/src/rp2_common/pico_unique_id/unique_id.c.o
 .ARM.attributes
                0x0000092e       0x22 pico-sdk/src/rp2040/boot_stage2/CMakeFiles/bs2_default_library.dir/bs2_default_padded_checksummed.S.o
 .ARM.attributes
                0x00000950       0x1e /home/jg/.pico-sdk/toolchain/14_2_Rel1/bin/../lib/gcc/arm-none-eabi/14.2.1/thumb/v6-m/nofp/libgcc.a(_dvmd_tls.o)
 .ARM.attributes
                0x0000096e       0x2c /home/jg/.pico-sdk/toolchain/14_2_Rel1/bin/../lib/gcc/arm-none-eabi/14.2.1/../../../../arm-none-eabi/lib/thumb/v6-m/nofp/libg.a(libc_a-malloc.o)
 .ARM.attributes
                0x0000099a       0x2c /home/jg/.pico-sdk/toolchain/14_2_Rel1/bin/../lib/gcc/arm-none-eabi/14.2.1/../../../../arm-none-eabi/lib/thumb/v6-m/nofp/libg.a(libc_a-mallocr.o)
 .ARM.attributes
                0x000009c6       0x2c /home/jg/.pico-sdk/toolchain/14_2_Rel1/bin/../lib/gcc/arm-none-eabi/14.2.1/../../../../arm-none-eabi/lib/thumb/v6-m/nofp/libg.a(libc_a-mlock.o)
 .ARM.attributes
                0x000009f2       0x2c /home/jg/.pico-sdk/toolchain/14_2_Rel1/bin/../lib/gcc/arm-none-eabi/14.2.1/../../../../arm-none-eabi/lib/thumb/v6-m/nofp/libg.a(libc_a-reent.o)
 .ARM.attributes
                0x00000a1e       0x2c /home/jg/.pico-sdk/toolchain/14_2_Rel1/bin/../lib/gcc/arm-none-eabi/14.2.1/../../../../arm-none-eabi/lib/thumb/v6-m/nofp/libg.a(libc_a-impure.o)
 .ARM.attributes
                0x00000a4a       0x2c /home/jg/.pico-sdk/toolchain/14_2_Rel1/bin/../lib/gcc/arm-none-eabi/14.2.1/../../../../arm-none-eabi/lib/thumb/v6-m/nofp/libg.a(libc_a-sbrkr.o)
 .ARM.attributes
                0x00000a76       0x2c /home/jg/.pico-sdk/toolchain/14_2_Rel1/bin/../lib/gcc/arm-none-eabi/14.2.1/../../../../arm-none-eabi/lib/thumb/v6-m/nofp/libg.a(libc_a-errno.o)
 .ARM.attributes
                0x00000aa2       0x2c /home/jg/.pico-sdk/toolchain/14_2_Rel1/bin/../lib/gcc/arm-none-eabi/14.2.1/../../../../arm-none-eabi/lib/thumb/v6-m/nofp/libg.a(libc_a-lock.o)
 .ARM.attributes